--------- beginning of main
01-24 23:45:59.174 E/SELinux (  599): avc:  denied  { find } for pid=6253 uid=10177 name=tethering scontext=u:r:vendor_systemhelper_app:s0:c512,c768 tcontext=u:object_r:tethering_service:s0 tclass=service_manager permissive=0
01-24 23:45:59.325 D/DynamicSarService( 3635): PhoneStateListener.onDataActivity: direction=3
01-24 23:45:59.325 D/DynamicSarService( 3635): modem or radio power state change,messageType: 128 state: 3
01-24 23:45:59.325 D/DynamicSarService( 3635): listeners is null or mModemSarEnable is disable!!!
01-24 23:45:59.328 D/MobileSignalController( 3242): updateDataType mSelectedDataTypeIcon[1]=2131233594, mSelectedDataActivityIndex=6
01-24 23:45:59.328 D/TelephonyIcons( 3242): getSignalStrengthIcon: slot=1, inetCondition=1, level=5, roaming=false, signalstrength=SignalStrength:{mCdma=CellSignalStrengthCdma: cdmaDbm=2147483647 cdmaEcio=2147483647 evdoDbm=2147483647 evdoEcio=2147483647 evdoSnr=2147483647 miuiLevel=0 level=0,mGsm=CellSignalStrengthGsm: rssi=2147483647 ber=2147483647 mTa=2147483647 miuiLevel=0 mLevel=0,mWcdma=CellSignalStrengthWcdma: ss=2147483647 ber=2147483647 rscp=2147483647 ecno=2147483647 miuiLevel=0 level=0,mTdscdma=CellSignalStrengthTdscdma: rssi=2147483647 ber=2147483647 rscp=2147483647 miuiLevel=0 level=0,mLte=CellSignalStrengthLte: rssi=-71 rsrp=-99 rsrq=-10 rssnr=4 cqi=2147483647 ta=2147483647 miuiLevel=5 level=3 parametersUseForLevel=0,mNr=CellSignalStrengthNr:{ csiRsrp = 2147483647 csiRsrq = 2147483647 csiSinr = 2147483647 ssRsrp = 2147483647 ssRsrq = 2147483647 ssSinr = 2147483647 miuiLevel = 0 level = 0 parametersUseForLevel = 0 },primary=CellSignalStrengthLte}
01-24 23:45:59.329 D/TelephonyIcons( 3242): getDataActivity, slot=1, activity=3
01-24 23:45:59.331 D/TelephonyIcons( 3242): null signal icon name: drawable/stat_sys_signal_null
01-24 23:45:59.331 D/TelephonyIcons( 3242): getDataTypeIcon sub=1
01-24 23:45:59.332 D/SignalClusterView( 3242): updateMobileTypeImage  0
01-24 23:45:59.361 I/chatty  ( 3242): uid=1000(system) com.android.systemui identical 54 lines
01-24 23:45:59.361 D/SignalClusterView( 3242): updateMobileTypeImage  0
01-24 23:45:59.375 E/SELinux (  599): avc:  denied  { find } for pid=6253 uid=10177 name=tethering scontext=u:r:vendor_systemhelper_app:s0:c512,c768 tcontext=u:object_r:tethering_service:s0 tclass=service_manager permissive=0
01-24 23:45:59.383 I/chatty  (  988): uid=1000(system) /system/bin/surfaceflinger expire 35 lines
01-24 23:45:59.388 D/NavBarTintController( 3242): onSampleCollected 1.0
01-24 23:45:59.576 E/SELinux (  599): avc:  denied  { find } for pid=6253 uid=10177 name=tethering scontext=u:r:vendor_systemhelper_app:s0:c512,c768 tcontext=u:object_r:tethering_service:s0 tclass=service_manager permissive=0
01-24 23:45:59.665 D/NetworkSpeedTracker( 3635): receive actionandroid.intent.action.BATTERY_CHANGED
01-24 23:45:59.665 D/NetworkSpeedTracker( 3635): onReceive ACTION_BATTERY_CHANGED mBatteryLevel = 84;mIsCharging =true
01-24 23:45:59.667 D/DeviceStatisticsService( 3577): chargerType=1 batteryLevel=84 totalBatteryCapacity=4609300
01-24 23:45:59.667 D/DeviceInfoHidlClient( 3577): getPowerInfoSupportStatus()=1
01-24 23:45:59.667 D/DeviceInfoHidlClient( 3577): isRadioOn()=true
01-24 23:45:59.667 I/DeviceInfoHidlClient( 3577): isPowerInfoNeverSent=false batteryLevel=84 batteryLevelIndex=3 chargingMode=1 totalCapacity=4609300 powerSaveMode=false
01-24 23:45:59.667 D/PowerCheckerService( 8915): onBatteryChanged, mBatteryLevel = 84, status = 2, level = 84, plug = 1, scale = 100
01-24 23:45:59.668 I/BatteryInfoReceiver( 6694): ACTION_BATTERY_CHANGED
01-24 23:45:59.668 D/TESDownloadManager( 7052): AppSystemReceiver onReceive
01-24 23:45:59.668 D/TESDownloadManager( 7052): action:android.intent.action.BATTERY_CHANGED
01-24 23:45:59.669 D/KeyguardUpdateMonitor( 3242): received broadcast android.intent.action.BATTERY_CHANGED
01-24 23:45:59.777 E/SELinux (  599): avc:  denied  { find } for pid=6253 uid=10177 name=tethering scontext=u:r:vendor_systemhelper_app:s0:c512,c768 tcontext=u:object_r:tethering_service:s0 tclass=service_manager permissive=0
01-24 23:45:59.978 E/SELinux (  599): avc:  denied  { find } for pid=6253 uid=10177 name=tethering scontext=u:r:vendor_systemhelper_app:s0:c512,c768 tcontext=u:object_r:tethering_service:s0 tclass=service_manager permissive=0
01-24 23:46:00.001 D/KeyguardUpdateMonitor( 3242): handleTimeUpdate
01-24 23:46:00.002 D/TESDownloadManager( 7052): AppSystemReceiver onReceive
01-24 23:46:00.002 D/TESDownloadManager( 7052): action:android.intent.action.TIME_TICK
01-24 23:46:00.022 D/SignalClusterView( 3242): updateMobileTypeImage  0
01-24 23:46:00.023 D/SignalClusterView( 3242): updateMobileTypeImage  0
01-24 23:46:00.038 D/NavBarTintController( 3242): onSampleCollected 1.0
01-24 23:46:00.179 E/SELinux (  599): avc:  denied  { find } for pid=6253 uid=10177 name=tethering scontext=u:r:vendor_systemhelper_app:s0:c512,c768 tcontext=u:object_r:tethering_service:s0 tclass=service_manager permissive=0
01-24 23:46:00.329 D/DynamicSarService( 3635): PhoneStateListener.onDataActivity: direction=2
01-24 23:46:00.329 D/DynamicSarService( 3635): modem or radio power state change,messageType: 128 state: 2
01-24 23:46:00.331 D/MobileSignalController( 3242): updateDataType mSelectedDataTypeIcon[1]=2131233594, mSelectedDataActivityIndex=6
01-24 23:46:00.331 D/TelephonyIcons( 3242): getSignalStrengthIcon: slot=1, inetCondition=1, level=5, roaming=false, signalstrength=SignalStrength:{mCdma=CellSignalStrengthCdma: cdmaDbm=2147483647 cdmaEcio=2147483647 evdoDbm=2147483647 evdoEcio=2147483647 evdoSnr=2147483647 miuiLevel=0 level=0,mGsm=CellSignalStrengthGsm: rssi=2147483647 ber=2147483647 mTa=2147483647 miuiLevel=0 mLevel=0,mWcdma=CellSignalStrengthWcdma: ss=2147483647 ber=2147483647 rscp=2147483647 ecno=2147483647 miuiLevel=0 level=0,mTdscdma=CellSignalStrengthTdscdma: rssi=2147483647 ber=2147483647 rscp=2147483647 miuiLevel=0 level=0,mLte=CellSignalStrengthLte: rssi=-71 rsrp=-99 rsrq=-10 rssnr=4 cqi=2147483647 ta=2147483647 miuiLevel=5 level=3 parametersUseForLevel=0,mNr=CellSignalStrengthNr:{ csiRsrp = 2147483647 csiRsrq = 2147483647 csiSinr = 2147483647 ssRsrp = 2147483647 ssRsrq = 2147483647 ssSinr = 2147483647 miuiLevel = 0 level = 0 parametersUseForLevel = 0 },primary=CellSignalStrengthLte}
01-24 23:46:00.331 D/TelephonyIcons( 3242): getDataActivity, slot=1, activity=2
01-24 23:46:00.332 D/TelephonyIcons( 3242): null signal icon name: drawable/stat_sys_signal_null
01-24 23:46:00.332 D/TelephonyIcons( 3242): getDataTypeIcon sub=1
01-24 23:46:00.333 D/SignalClusterView( 3242): updateMobileTypeImage  0
01-24 23:46:00.341 D/SignalClusterView( 3242): updateMobileTypeImage  0
01-24 23:46:00.357 D/NavBarTintController( 3242): onSampleCollected 1.0
01-24 23:46:00.380 E/SELinux (  599): avc:  denied  { find } for pid=6253 uid=10177 name=tethering scontext=u:r:vendor_systemhelper_app:s0:c512,c768 tcontext=u:object_r:tethering_service:s0 tclass=service_manager permissive=0
01-24 23:46:00.580 I/chatty  (  599): uid=1000(system) /system/bin/servicemanager identical 19 lines
01-24 23:46:00.781 E/SELinux (  599): avc:  denied  { find } for pid=6253 uid=10177 name=tethering scontext=u:r:vendor_systemhelper_app:s0:c512,c768 tcontext=u:object_r:tethering_service:s0 tclass=service_manager permissive=0
01-24 23:46:00.852 D/FiveGDataOptimize( 3635): TxRx: 85, Tx: 47, Rx: 38, Hit: 0
01-24 23:46:00.982 E/SELinux (  599): avc:  denied  { find } for pid=6253 uid=10177 name=tethering scontext=u:r:vendor_systemhelper_app:s0:c512,c768 tcontext=u:object_r:tethering_service:s0 tclass=service_manager permissive=0
01-24 23:46:01.070 D/CompatibilityInfo( 1812): mCompatibilityFlags - 0
01-24 23:46:01.070 D/CompatibilityInfo( 1812): applicationDensity - 440
01-24 23:46:01.070 D/CompatibilityInfo( 1812): applicationScale - 1.0
01-24 23:46:01.183 E/SELinux (  599): avc:  denied  { find } for pid=6253 uid=10177 name=tethering scontext=u:r:vendor_systemhelper_app:s0:c512,c768 tcontext=u:object_r:tethering_service:s0 tclass=service_manager permissive=0
01-24 23:46:01.335 D/DynamicSarService( 3635): PhoneStateListener.onDataActivity: direction=3
01-24 23:46:01.335 D/DynamicSarService( 3635): modem or radio power state change,messageType: 128 state: 3
01-24 23:46:01.337 D/MobileSignalController( 3242): updateDataType mSelectedDataTypeIcon[1]=2131233594, mSelectedDataActivityIndex=6
01-24 23:46:01.337 D/TelephonyIcons( 3242): getSignalStrengthIcon: slot=1, inetCondition=1, level=5, roaming=false, signalstrength=SignalStrength:{mCdma=CellSignalStrengthCdma: cdmaDbm=2147483647 cdmaEcio=2147483647 evdoDbm=2147483647 evdoEcio=2147483647 evdoSnr=2147483647 miuiLevel=0 level=0,mGsm=CellSignalStrengthGsm: rssi=2147483647 ber=2147483647 mTa=2147483647 miuiLevel=0 mLevel=0,mWcdma=CellSignalStrengthWcdma: ss=2147483647 ber=2147483647 rscp=2147483647 ecno=2147483647 miuiLevel=0 level=0,mTdscdma=CellSignalStrengthTdscdma: rssi=2147483647 ber=2147483647 rscp=2147483647 miuiLevel=0 level=0,mLte=CellSignalStrengthLte: rssi=-71 rsrp=-99 rsrq=-10 rssnr=4 cqi=2147483647 ta=2147483647 miuiLevel=5 level=3 parametersUseForLevel=0,mNr=CellSignalStrengthNr:{ csiRsrp = 2147483647 csiRsrq = 2147483647 csiSinr = 2147483647 ssRsrp = 2147483647 ssRsrq = 2147483647 ssSinr = 2147483647 miuiLevel = 0 level = 0 parametersUseForLevel = 0 },primary=CellSignalStrengthLte}
01-24 23:46:01.337 D/TelephonyIcons( 3242): getDataActivity, slot=1, activity=3
01-24 23:46:01.338 D/TelephonyIcons( 3242): null signal icon name: drawable/stat_sys_signal_null
01-24 23:46:01.338 D/TelephonyIcons( 3242): getDataTypeIcon sub=1
01-24 23:46:01.339 D/SignalClusterView( 3242): updateMobileTypeImage  0
01-24 23:46:01.367 D/SignalClusterView( 3242): updateMobileTypeImage  0
01-24 23:46:01.377 D/NavBarTintController( 3242): onSampleCollected 1.0
01-24 23:46:01.384 E/SELinux (  599): avc:  denied  { find } for pid=6253 uid=10177 name=tethering scontext=u:r:vendor_systemhelper_app:s0:c512,c768 tcontext=u:object_r:tethering_service:s0 tclass=service_manager permissive=0
01-24 23:46:01.586 E/SELinux (  599): avc:  denied  { find } for pid=6253 uid=10177 name=tethering scontext=u:r:vendor_systemhelper_app:s0:c512,c768 tcontext=u:object_r:tethering_service:s0 tclass=service_manager permissive=0
01-24 23:46:02.388 E/SELinux (  599): avc:  denied  { find } for pid=6253 uid=10177 name=tethering scontext=u:r:vendor_systemhelper_app:s0:c512,c768 tcontext=u:object_r:tethering_service:s0 tclass=service_manager permissive=0
01-24 23:46:02.550 D/NavBarTintController( 3242): onSampleCollected 1.0
01-24 23:46:02.587 D/MemoryCeilingMonitor(23516): [handleMemoryCalculate]
01-24 23:46:02.587 D/MemoryCeilingMonitor(23516): [calculate] tot: 6912074, max: 268435456, free: 593002, heap: 6319072, per: 0.023540377616882324
01-24 23:46:02.589 E/SELinux (  599): avc:  denied  { find } for pid=6253 uid=10177 name=tethering scontext=u:r:vendor_systemhelper_app:s0:c512,c768 tcontext=u:object_r:tethering_service:s0 tclass=service_manager permissive=0
01-24 23:46:03.191 E/SELinux (  599): avc:  denied  { find } for pid=6253 uid=10177 name=tethering scontext=u:r:vendor_systemhelper_app:s0:c512,c768 tcontext=u:object_r:tethering_service:s0 tclass=service_manager permissive=0
01-24 23:46:03.347 D/DynamicSarService( 3635): PhoneStateListener.onDataActivity: direction=0
01-24 23:46:03.347 D/DynamicSarService( 3635): modem or radio power state change,messageType: 128 state: 0
01-24 23:46:03.347 D/DynamicSarService( 3635): listeners is null or mModemSarEnable is disable!!!
01-24 23:46:03.350 D/MobileSignalController( 3242): updateDataType mSelectedDataTypeIcon[1]=2131233594, mSelectedDataActivityIndex=6
01-24 23:46:03.350 D/TelephonyIcons( 3242): getSignalStrengthIcon: slot=1, inetCondition=1, level=5, roaming=false, signalstrength=SignalStrength:{mCdma=CellSignalStrengthCdma: cdmaDbm=2147483647 cdmaEcio=2147483647 evdoDbm=2147483647 evdoEcio=2147483647 evdoSnr=2147483647 miuiLevel=0 level=0,mGsm=CellSignalStrengthGsm: rssi=2147483647 ber=2147483647 mTa=2147483647 miuiLevel=0 mLevel=0,mWcdma=CellSignalStrengthWcdma: ss=2147483647 ber=2147483647 rscp=2147483647 ecno=2147483647 miuiLevel=0 level=0,mTdscdma=CellSignalStrengthTdscdma: rssi=2147483647 ber=2147483647 rscp=2147483647 miuiLevel=0 level=0,mLte=CellSignalStrengthLte: rssi=-71 rsrp=-99 rsrq=-10 rssnr=4 cqi=2147483647 ta=2147483647 miuiLevel=5 level=3 parametersUseForLevel=0,mNr=CellSignalStrengthNr:{ csiRsrp = 2147483647 csiRsrq = 2147483647 csiSinr = 2147483647 ssRsrp = 2147483647 ssRsrq = 2147483647 ssSinr = 2147483647 miuiLevel = 0 level = 0 parametersUseForLevel = 0 },primary=CellSignalStrengthLte}
01-24 23:46:03.350 D/TelephonyIcons( 3242): getDataActivity, slot=1, activity=0
01-24 23:46:03.352 D/TelephonyIcons( 3242): null signal icon name: drawable/stat_sys_signal_null
01-24 23:46:03.352 D/TelephonyIcons( 3242): getDataTypeIcon sub=1
01-24 23:46:03.353 D/SignalClusterView( 3242): updateMobileTypeImage  0
01-24 23:46:03.375 D/SignalClusterView( 3242): updateMobileTypeImage  0
01-24 23:46:03.392 E/SELinux (  599): avc:  denied  { find } for pid=6253 uid=10177 name=tethering scontext=u:r:vendor_systemhelper_app:s0:c512,c768 tcontext=u:object_r:tethering_service:s0 tclass=service_manager permissive=0
01-24 23:46:03.404 D/NavBarTintController( 3242): onSampleCollected 1.0
01-24 23:46:03.593 E/SELinux (  599): avc:  denied  { find } for pid=6253 uid=10177 name=tethering scontext=u:r:vendor_systemhelper_app:s0:c512,c768 tcontext=u:object_r:tethering_service:s0 tclass=service_manager permissive=0
01-24 23:46:04.998 E/SELinux (  599): avc:  denied  { find } for pid=6253 uid=10177 name=tethering scontext=u:r:vendor_systemhelper_app:s0:c512,c768 tcontext=u:object_r:tethering_service:s0 tclass=service_manager permissive=0
01-24 23:46:05.079 E/[cmshow][MemePlayer]MemeBornPlayerManager( 7052): currentActionState
01-24 23:46:05.079 E/[cmshow][MemePlayer]MemeBornPlayerManager( 7052):  canRecycle:true
01-24 23:46:05.079 W/[cmshow][MemePlayer]MemeBornPlayerManager( 7052): try destroy on everything done
01-24 23:46:05.196 D/UserLevel(28241): updateDuration: +10.0 = 87.228
01-24 23:46:05.198 E/SELinux (  599): avc:  denied  { find } for pid=6253 uid=10177 name=tethering scontext=u:r:vendor_systemhelper_app:s0:c512,c768 tcontext=u:object_r:tethering_service:s0 tclass=service_manager permissive=0
01-24 23:46:05.221 E/AppInfo (28241): MemoryInfo: java 84, native 90, virtual 2497, fd 499
01-24 23:46:05.233 D/NetworkSpeedTracker( 3635): receive actionandroid.intent.action.BATTERY_CHANGED
01-24 23:46:05.233 D/NetworkSpeedTracker( 3635): onReceive ACTION_BATTERY_CHANGED mBatteryLevel = 84;mIsCharging =true
01-24 23:46:05.234 I/BatteryInfoReceiver( 6694): ACTION_BATTERY_CHANGED
01-24 23:46:05.235 D/PowerCheckerService( 8915): onBatteryChanged, mBatteryLevel = 84, status = 2, level = 84, plug = 1, scale = 100
01-24 23:46:05.235 D/DeviceStatisticsService( 3577): chargerType=1 batteryLevel=84 totalBatteryCapacity=4611100
01-24 23:46:05.235 D/TESDownloadManager( 7052): AppSystemReceiver onReceive
01-24 23:46:05.235 D/DeviceInfoHidlClient( 3577): getPowerInfoSupportStatus()=1
01-24 23:46:05.235 D/DeviceInfoHidlClient( 3577): isRadioOn()=true
01-24 23:46:05.235 I/DeviceInfoHidlClient( 3577): isPowerInfoNeverSent=false batteryLevel=84 batteryLevelIndex=3 chargingMode=1 totalCapacity=4611100 powerSaveMode=false
01-24 23:46:05.235 D/TESDownloadManager( 7052): action:android.intent.action.BATTERY_CHANGED
01-24 23:46:05.237 D/KeyguardUpdateMonitor( 3242): received broadcast android.intent.action.BATTERY_CHANGED
01-24 23:46:05.355 D/DynamicSarService( 3635): PhoneStateListener.onDataActivity: direction=3
01-24 23:46:05.355 D/DynamicSarService( 3635): modem or radio power state change,messageType: 128 state: 3
01-24 23:46:05.355 D/DynamicSarService( 3635): listeners is null or mModemSarEnable is disable!!!
01-24 23:46:05.357 D/MobileSignalController( 3242): updateDataType mSelectedDataTypeIcon[1]=2131233594, mSelectedDataActivityIndex=6
01-24 23:46:05.357 D/TelephonyIcons( 3242): getSignalStrengthIcon: slot=1, inetCondition=1, level=5, roaming=false, signalstrength=SignalStrength:{mCdma=CellSignalStrengthCdma: cdmaDbm=2147483647 cdmaEcio=2147483647 evdoDbm=2147483647 evdoEcio=2147483647 evdoSnr=2147483647 miuiLevel=0 level=0,mGsm=CellSignalStrengthGsm: rssi=2147483647 ber=2147483647 mTa=2147483647 miuiLevel=0 mLevel=0,mWcdma=CellSignalStrengthWcdma: ss=2147483647 ber=2147483647 rscp=2147483647 ecno=2147483647 miuiLevel=0 level=0,mTdscdma=CellSignalStrengthTdscdma: rssi=2147483647 ber=2147483647 rscp=2147483647 miuiLevel=0 level=0,mLte=CellSignalStrengthLte: rssi=-71 rsrp=-99 rsrq=-10 rssnr=4 cqi=2147483647 ta=2147483647 miuiLevel=5 level=3 parametersUseForLevel=0,mNr=CellSignalStrengthNr:{ csiRsrp = 2147483647 csiRsrq = 2147483647 csiSinr = 2147483647 ssRsrp = 2147483647 ssRsrq = 2147483647 ssSinr = 2147483647 miuiLevel = 0 level = 0 parametersUseForLevel = 0 },primary=CellSignalStrengthLte}
01-24 23:46:05.357 D/TelephonyIcons( 3242): getDataActivity, slot=1, activity=3
01-24 23:46:05.357 D/TelephonyIcons( 3242): null signal icon name: drawable/stat_sys_signal_null
01-24 23:46:05.358 D/TelephonyIcons( 3242): getDataTypeIcon sub=1
01-24 23:46:05.358 D/SignalClusterView( 3242): updateMobileTypeImage  0
01-24 23:46:05.378 D/SignalClusterView( 3242): updateMobileTypeImage  0
01-24 23:46:05.393 D/NavBarTintController( 3242): onSampleCollected 1.0
01-24 23:46:05.399 E/SELinux (  599): avc:  denied  { find } for pid=6253 uid=10177 name=tethering scontext=u:r:vendor_systemhelper_app:s0:c512,c768 tcontext=u:object_r:tethering_service:s0 tclass=service_manager permissive=0
01-24 23:46:05.600 E/SELinux (  599): avc:  denied  { find } for pid=6253 uid=10177 name=tethering scontext=u:r:vendor_systemhelper_app:s0:c512,c768 tcontext=u:object_r:tethering_service:s0 tclass=service_manager permissive=0
01-24 23:46:05.674 I/threadimpl_log( 7052): idle check begin...
01-24 23:46:05.801 E/SELinux (  599): avc:  denied  { find } for pid=6253 uid=10177 name=tethering scontext=u:r:vendor_systemhelper_app:s0:c512,c768 tcontext=u:object_r:tethering_service:s0 tclass=service_manager permissive=0
01-24 23:46:05.863 D/FiveGDataOptimize( 3635): TxRx: 55, Tx: 31, Rx: 23, Hit: 0
01-24 23:46:06.002 E/SELinux (  599): avc:  denied  { find } for pid=6253 uid=10177 name=tethering scontext=u:r:vendor_systemhelper_app:s0:c512,c768 tcontext=u:object_r:tethering_service:s0 tclass=service_manager permissive=0
01-24 23:46:06.403 E/SELinux (  599): avc:  denied  { find } for pid=6253 uid=10177 name=tethering scontext=u:r:vendor_systemhelper_app:s0:c512,c768 tcontext=u:object_r:tethering_service:s0 tclass=service_manager permissive=0
01-24 23:46:06.551 D/SignalClusterView( 3242): updateMobileTypeImage  0
01-24 23:46:06.556 D/SignalClusterView( 3242): updateMobileTypeImage  0
01-24 23:46:06.583 D/NavBarTintController( 3242): onSampleCollected 1.0
01-24 23:46:06.604 E/SELinux (  599): avc:  denied  { find } for pid=6253 uid=10177 name=tethering scontext=u:r:vendor_systemhelper_app:s0:c512,c768 tcontext=u:object_r:tethering_service:s0 tclass=service_manager permissive=0
--------- beginning of system
01-24 23:46:06.989 D/NsdService( 1812): Discover services
01-24 23:46:06.989 D/NsdService( 1812): mdnssd [discover, 33768, _mi-connect._udp]
01-24 23:46:06.991 D/NsdService( 1812): Discover 268 33768_mi-connect._udp
01-24 23:46:06.991 D/NsdService( 1812): Native daemon message SERVICE_FOUND: 603 33768 "{\"nm\":\"Humhum的Redmi K30 Pro\",\"as\":\"[8193, 8194]\",\"ip\":\"1\"}" _mi-connect._udp. local.
01-24 23:46:06.991 D/NsdService( 1812): Native daemon message SERVICE_FOUND: 603 33768 "{\"nm\":\"Humhum的Redmi K30 Pro\",\"as\":\"[8193, 8194]\",\"ip\":\"1\"}" _mi-connect._udp. local.
01-24 23:46:06.992 D/NsdService( 1812): Native daemon message SERVICE_FOUND: 603 33768 "{\"nm\":\"Humhum的Redmi K30 Pro\",\"as\":\"[8193, 8194]\",\"ip\":\"3\"}" _mi-connect._udp. local.
01-24 23:46:06.992 D/NsdService( 1812): Native daemon message SERVICE_FOUND: 603 33768 "{\"nm\":\"Humhum的Redmi K30 Pro\",\"as\":\"[8193, 8194]\",\"ip\":\"3\"}" _mi-connect._udp. local.
01-24 23:46:06.992 D/NsdService( 1812): Resolve service
01-24 23:46:06.992 D/NsdService( 1812): mdnssd [resolve, 33769, {"nm":"Humhum的Redmi K30 Pro","as":"[8193, 8194]","ip":"1"}, _mi-connect._udp., local.]
01-24 23:46:06.993 D/NsdService( 1812): Native daemon message SERVICE_RESOLVED: 608 33769 "{\"nm\":\"Humhum的Redmi\\032K30\\032Pro\",\"as\":\"[8193,\\0328194]\",\"ip\":\"1\"}._mi-connect._udp.local." "Android.local." 56666 133 "DGlkSGFzaD1OR0l6CgVkZXY9MQVzZWM9MhFhcHBzPVs4MTkzLCA4MTk0XRtuYW1lPUh1bWh1beeahFJlZG1pIEszMCBQcm8LZmxhZ3M9QWc9PQoNdmVyc2lvbj02NTU0Mgxjb21tb25EYXRhPTAWYXBwc0RhdGE9QXdJRWd3SUVndz09Cg=="
01-24 23:46:06.805 E/SELinux (  599): avc:  denied  { find } for pid=6253 uid=10177 name=tethering scontext=u:r:vendor_systemhelper_app:s0:c512,c768 tcontext=u:object_r:tethering_service:s0 tclass=service_manager permissive=0
01-24 23:46:06.994 W/NsdServiceInfo( 1812): Key lengths > 9 are discouraged: commonData
01-24 23:46:06.994 D/NsdService( 1812): mdnssd [stop-resolve, 33769]
01-24 23:46:06.994 W/netd    (  797): dnssd_clientstub DNSServiceProcessResult called with NULL DNSServiceRef
01-24 23:46:06.994 D/NsdService( 1812): mdnssd [getaddrinfo, 33770, Android.local.]
01-24 23:46:06.995 E/NsdService( 1812): id 33769 for SERVICE_RESOLVED has no client mapping
01-24 23:46:06.995 E/NsdService( 1812): Unhandled { when=-2ms what=393242 obj=com.android.server.NsdService$NativeEvent@98fee49 target=com.android.internal.util.StateMachine$SmHandler }
01-24 23:46:06.995 D/NsdService( 1812): Native daemon message SERVICE_GET_ADDR_SUCCESS: 612 33770 "Android.local." 120 127.0.0.1
01-24 23:46:06.996 D/NsdService( 1812): mdnssd [stop-getaddrinfo, 33770]
01-24 23:46:06.996 E/NsdService( 1812): id 33770 for SERVICE_GET_ADDR_SUCCESS has no client mapping
01-24 23:46:06.996 E/NsdService( 1812): Unhandled { when=-1ms what=393242 obj=com.android.server.NsdService$NativeEvent@258e34e target=com.android.internal.util.StateMachine$SmHandler }
01-24 23:46:06.997 D/NsdService( 1812): Resolve service
01-24 23:46:06.997 D/NsdService( 1812): mdnssd [resolve, 33771, {"nm":"Humhum的Redmi K30 Pro","as":"[8193, 8194]","ip":"3"}, _mi-connect._udp., local.]
01-24 23:46:06.998 D/NsdService( 1812): Native daemon message SERVICE_RESOLVED: 608 33771 "{\"nm\":\"Humhum的Redmi\\032K30\\032Pro\",\"as\":\"[8193,\\0328194]\",\"ip\":\"3\"}._mi-connect._udp.local." "Android.local." 56666 133 "DGlkSGFzaD1OR0l6CgVkZXY9MQVzZWM9MhFhcHBzPVs4MTkzLCA4MTk0XRtuYW1lPUh1bWh1beeahFJlZG1pIEszMCBQcm8LZmxhZ3M9QWc9PQoNdmVyc2lvbj02NTU0Mgxjb21tb25EYXRhPTAWYXBwc0RhdGE9QXdJRWd3SUVndz09Cg=="
01-24 23:46:06.996 W/netd    (  797): dnssd_clientstub DNSServiceProcessResult called with NULL DNSServiceRef
01-24 23:46:06.998 W/NsdServiceInfo( 1812): Key lengths > 9 are discouraged: commonData
01-24 23:46:06.998 D/NsdService( 1812): mdnssd [stop-resolve, 33771]
01-24 23:46:06.998 W/netd    (  797): dnssd_clientstub DNSServiceProcessResult called with NULL DNSServiceRef
01-24 23:46:06.999 D/NsdService( 1812): mdnssd [getaddrinfo, 33772, Android.local.]
01-24 23:46:06.999 E/NsdService( 1812): id 33771 for SERVICE_RESOLVED has no client mapping
01-24 23:46:06.999 E/NsdService( 1812): Unhandled { when=-1ms what=393242 obj=com.android.server.NsdService$NativeEvent@16ebc6f target=com.android.internal.util.StateMachine$SmHandler }
01-24 23:46:06.999 D/NsdService( 1812): Native daemon message SERVICE_GET_ADDR_SUCCESS: 612 33772 "Android.local." 120 127.0.0.1
01-24 23:46:07.000 D/NsdService( 1812): mdnssd [stop-getaddrinfo, 33772]
01-24 23:46:07.001 E/NsdService( 1812): id 33772 for SERVICE_GET_ADDR_SUCCESS has no client mapping
01-24 23:46:07.001 E/NsdService( 1812): Unhandled { when=-1ms what=393242 obj=com.android.server.NsdService$NativeEvent@66a3d7c target=com.android.internal.util.StateMachine$SmHandler }
01-24 23:46:07.000 W/netd    (  797): dnssd_clientstub DNSServiceProcessResult called with NULL DNSServiceRef
01-24 23:46:07.005 E/SELinux (  599): avc:  denied  { find } for pid=6253 uid=10177 name=tethering scontext=u:r:vendor_systemhelper_app:s0:c512,c768 tcontext=u:object_r:tethering_service:s0 tclass=service_manager permissive=0
01-24 23:46:07.028 E/IDM-BonjourGovernor( 2714): endPoint can not be reported!
01-24 23:46:07.036 E/IDM-BonjourGovernor( 2714): endPoint can not be reported!
01-24 23:46:07.182 W/swapper/2(    0): type=1400 audit(0.0:10485952): avc: denied { kill } for capability=5 scontext=u:r:kernel:s0 tcontext=u:r:kernel:s0 tclass=capability permissive=0
01-24 23:46:07.199 E/GoLog   (31851): 2022/01/24 15:46:07 [W] Unhandler protocol 1
01-24 23:46:07.206 E/SELinux (  599): avc:  denied  { find } for pid=6253 uid=10177 name=tethering scontext=u:r:vendor_systemhelper_app:s0:c512,c768 tcontext=u:object_r:tethering_service:s0 tclass=service_manager permissive=0
01-24 23:46:07.302 D/NsdService( 1812): Stop service discovery
01-24 23:46:07.302 D/NsdService( 1812): mdnssd [stop-discover, 33768]
01-24 23:46:07.303 W/netd    (  797): dnssd_clientstub DNSServiceProcessResult called with NULL DNSServiceRef
01-24 23:46:07.406 E/SELinux (  599): avc:  denied  { find } for pid=6253 uid=10177 name=tethering scontext=u:r:vendor_systemhelper_app:s0:c512,c768 tcontext=u:object_r:tethering_service:s0 tclass=service_manager permissive=0
01-24 23:46:07.808 E/SELinux (  599): avc:  denied  { find } for pid=6253 uid=10177 name=tethering scontext=u:r:vendor_systemhelper_app:s0:c512,c768 tcontext=u:object_r:tethering_service:s0 tclass=service_manager permissive=0
01-24 23:46:07.853 D/KeyguardUpdateMonitor( 3242): received broadcast android.intent.action.BATTERY_CHANGED
01-24 23:46:07.854 I/BatteryInfoReceiver( 6694): ACTION_BATTERY_CHANGED
01-24 23:46:07.855 D/TESDownloadManager( 7052): AppSystemReceiver onReceive
01-24 23:46:07.855 D/TESDownloadManager( 7052): action:android.intent.action.BATTERY_CHANGED
01-24 23:46:07.856 D/DeviceStatisticsService( 3577): chargerType=1 batteryLevel=84 totalBatteryCapacity=4612200
01-24 23:46:07.856 D/DeviceInfoHidlClient( 3577): getPowerInfoSupportStatus()=1
01-24 23:46:07.856 D/DeviceInfoHidlClient( 3577): isRadioOn()=true
01-24 23:46:07.856 D/PowerCheckerService( 8915): onBatteryChanged, mBatteryLevel = 84, status = 2, level = 84, plug = 1, scale = 100
01-24 23:46:07.856 I/DeviceInfoHidlClient( 3577): isPowerInfoNeverSent=false batteryLevel=84 batteryLevelIndex=3 chargingMode=1 totalCapacity=4612200 powerSaveMode=false
01-24 23:46:07.857 D/NetworkSpeedTracker( 3635): receive actionandroid.intent.action.BATTERY_CHANGED
01-24 23:46:07.857 D/NetworkSpeedTracker( 3635): onReceive ACTION_BATTERY_CHANGED mBatteryLevel = 84;mIsCharging =true
01-24 23:46:08.009 E/SELinux (  599): avc:  denied  { find } for pid=6253 uid=10177 name=tethering scontext=u:r:vendor_systemhelper_app:s0:c512,c768 tcontext=u:object_r:tethering_service:s0 tclass=service_manager permissive=0
01-24 23:46:08.210 E/SELinux (  599): avc:  denied  { find } for pid=6253 uid=10177 name=tethering scontext=u:r:vendor_systemhelper_app:s0:c512,c768 tcontext=u:object_r:tethering_service:s0 tclass=service_manager permissive=0
01-24 23:46:08.223 E/GoLog   (31851): 2022/01/24 15:46:08 [W] Unhandler protocol 1
01-24 23:46:08.411 E/SELinux (  599): avc:  denied  { find } for pid=6253 uid=10177 name=tethering scontext=u:r:vendor_systemhelper_app:s0:c512,c768 tcontext=u:object_r:tethering_service:s0 tclass=service_manager permissive=0
01-24 23:46:09.213 E/SELinux (  599): avc:  denied  { find } for pid=6253 uid=10177 name=tethering scontext=u:r:vendor_systemhelper_app:s0:c512,c768 tcontext=u:object_r:tethering_service:s0 tclass=service_manager permissive=0
01-24 23:46:09.247 E/GoLog   (31851): 2022/01/24 15:46:09 [W] Unhandler protocol 1
01-24 23:46:09.414 E/SELinux (  599): avc:  denied  { find } for pid=6253 uid=10177 name=tethering scontext=u:r:vendor_systemhelper_app:s0:c512,c768 tcontext=u:object_r:tethering_service:s0 tclass=service_manager permissive=0
01-24 23:46:10.015 E/SELinux (  599): avc:  denied  { find } for pid=6253 uid=10177 name=tethering scontext=u:r:vendor_systemhelper_app:s0:c512,c768 tcontext=u:object_r:tethering_service:s0 tclass=service_manager permissive=0
01-24 23:46:10.042 D/MIUIInput( 1812): [MotionEvent] publisher action=0x0, 152714137, channel '165f103 GestureStubHome (server)'
01-24 23:46:10.043 D/NavStubView( 3440): onTouchEvent: action=0, count=1
01-24 23:46:10.043 D/NavStubView( 3440): onTouch ACTION_DOWN sendMessageDelayed MSG_CHECK_GESTURE_STUB_TOUCHABLE
01-24 23:46:10.079 D/NavStubView( 3440): onTouchEvent: action=2, count=1
01-24 23:46:10.080 D/NavStubView( 3440): onPointEvent: rawX=583.0   rawY=2399.0   action=0   mIsInFsMode=false
01-24 23:46:10.081 E/RotationHelper( 3440): setCurrentTransitionRequest: request=2
01-24 23:46:10.081 E/RotationHelper( 3440): notifyChange activityFlags=1, mMultiWindowRotationRequest=3, mCurrentTransitionRequest=2, mCurrentStateRequest=0
01-24 23:46:10.081 W/RecentsModel( 3440): getRunningTaskContainHome
01-24 23:46:10.081 I/Launcher( 3440): notifyPowerKeeperGesture status: gesture_start
01-24 23:46:10.082 I/ANDR-PERF-LM(  942): LMPerfGlue: perfmodule_submit_request() 132: perfmodule_submit_request()
01-24 23:46:10.082 I/ANDR-PERF-LM(  942): Core: getInstance() 84: LM getInstance
01-24 23:46:10.082 D/ANDR-PERF-LM(  942): Feature: lookup() 101: Feature Name = AppClassifier, total featuers = 3, featureFound = 1
01-24 23:46:10.083 D/ANDR-PERF-LM(  942): Feature: getData() 112: data.data = 1
01-24 23:46:10.083 I/ANDR-PERF-LM(  942): FeedbackAPI: getFeedback() 60: app:com.zhihu.android feature:AppClassifier feedback = 1
01-24 23:46:10.084 W/RecentsModel( 3440): getRunningTask   taskInfo=TaskInfo{userId=0 pcFlags:0 stackId=805 taskId=805 displayId=0 isRunning=true baseIntent=Intent { act=android.intent.action.MAIN cat=[android.intent.category.LAUNCHER] flg=0x10200000 cmp=com.zhihu.android/.app.ui.activity.LauncherActivity } baseActivity=ComponentInfo{com.zhihu.android/com.zhihu.android.app.ui.activity.MainActivity} topActivity=ComponentInfo{com.zhihu.android/com.zhihu.android.mix.activity.ContentMixProfileActivity} origActivity=null realActivity=ComponentInfo{com.zhihu.android/com.zhihu.android.app.ui.activity.LauncherActivity} numActivities=3 lastActiveTime=280417434 supportsSplitScreenMultiWindow=true resizeMode=2 isResizeable=true token=android.window.WindowContainerToken@413415b topActivityType=1 pictureInPictureParams=null topActivityInfo=ActivityInfo{17ebdf8 com.zhihu.android.mix.activity.ContentMixProfileActivity}
01-24 23:46:10.084 W/RecentsModel( 3440): getTaskInfoIgnoreFreeform   taskInfo=ComponentInfo{com.zhihu.android/com.zhihu.android.app.ui.activity.MainActivity}
01-24 23:46:10.084 I/ANDR-PERF-LM(  942): LMPerfGlue: perfmodule_submit_request() 132: perfmodule_submit_request()
01-24 23:46:10.085 D/NavStubView( 3440): current window mode:2 (1:home, 2:app, 3:recent-task, 4:keyguard)
01-24 23:46:10.085 I/ANDR-PERF-LM(  942): Core: getInstance() 84: LM getInstance
01-24 23:46:10.085 I/ANDR-PERF-LM(  942): WQ: push() 59: LMTriggerQ push() size=0
01-24 23:46:10.085 I/ANDR-PERF-LM(  942): WQ: push() 61: LMTriggerQ push() done size=1
01-24 23:46:10.085 I/ANDR-PERF-LM(  942): WQ: pop() 42: LMTriggerQ pop() done size=0
01-24 23:46:10.085 I/ANDR-PERF-LM(  942): Core: lmMain() 373: Waiting on trigger Queue
01-24 23:46:10.085 I/ANDR-PERF-LM(  942): WQ: pop() 31: LMTriggerQ pop() size=0
01-24 23:46:10.085 I/ANDR-PERF-LM(  942): LMPerfGlue: perfmodule_submit_request() 132: perfmodule_submit_request()
01-24 23:46:10.085 I/ANDR-PERF-LM(  942): Core: getInstance() 84: LM getInstance
01-24 23:46:10.085 D/ANDR-PERF-LM(  942): Feature: lookup() 101: Feature Name = AppClassifier, total featuers = 3, featureFound = 1
01-24 23:46:10.085 D/ANDR-PERF-LM(  942): Feature: getData() 112: data.data = 1
01-24 23:46:10.085 I/ANDR-PERF-LM(  942): FeedbackAPI: getFeedback() 60: app:com.zhihu.android feature:AppClassifier feedback = 1
01-24 23:46:10.086 D/EventBus( 3440): No subscribers registered for event class com.miui.home.launcher.common.messages.CloseAllOverLauncherWindowMessage
01-24 23:46:10.086 D/EventBus( 3440): No subscribers registered for event class org.greenrobot.eventbus.NoSubscriberEvent
01-24 23:46:10.086 D/NavStubView( 3440): onPointEvent: rawX=579.0   rawY=2367.0   action=2   mIsInFsMode=false
01-24 23:46:10.086 D/NavStubView( 3440): current window mode:2 (1:home, 2:app, 3:recent-task, 4:keyguard)
01-24 23:46:10.086 E/BlurUtils( 3440): fastBlur ratio=0.0   withAnim=false   sBlurRatioValue=0.0
01-24 23:46:10.086 E/Launcher( 3440): changeViewByFsGestureState,  view=ShortcutMenuLayer,  alpha=0.0,  scale=0.75
01-24 23:46:10.086 W/GestureStateMachine( 3440): InitState msg=1
01-24 23:46:10.086 W/GestureStateMachine( 3440): AppDragState msg=3
01-24 23:46:10.086 E/NavStubView( 3440): actionMoveAppDrag
01-24 23:46:10.086 W/GestureStateMachine( 3440): AppDragState msg=2
01-24 23:46:10.088 W/SchedBoost( 1812): SchedBoost begin: proc: 3440/3730, mode: 1 aff:[4, 5, 6]
01-24 23:46:10.089 I/Market-HomeKeyReceiver(16473): onReceive: action: android.intent.action.CLOSE_SYSTEM_DIALOGS
01-24 23:46:10.089 I/Market-HomeKeyReceiver(16473): reason: fs_gesture
01-24 23:46:10.090 I/vol.MiuiVolumeDialogImp( 3242): dismissH mShowing:false dialog showing:false reason:2
01-24 23:46:10.090 D/EventSequenceValidator( 1812): Transition from INTENT_FAILED to INTENT_STARTED
01-24 23:46:10.090 W/HeadsUpManager( 3242): removeHeadsUpNotification() no heads up notification on show
01-24 23:46:10.091 V/ActivityTaskManager( 1812): Calling mServicetracker.OnActivityStateChange with flag truestateSTARTED
01-24 23:46:10.091 V/ActivityTaskManager( 1812): Calling mServicetracker.OnActivityStateChange with flag falsestateSTARTED
01-24 23:46:10.096 D/RecentsAnimationListenerImpl( 3440): onAnimationStart, homeContentInsets=Rect(0, 96 - 0, 44), minimizedHomeBounds=null
01-24 23:46:10.096 D/RemoteAnimationTargetSet( 3440): 0, RemoteAnimationTargetCompat{taskId=2, mode=0, isTranslucent=false, clipRect=Rect(0, 0 - 1080, 2400), position=Point(0, 0), sourceContainerBounds=Rect(0, 0 - 1080, 2400), prefixOrderIndex=36, isNotInRecents=true, contentInsets=Rect(0, 96 - 0, 44), activityType=2, packageName=com.miui.home}
01-24 23:46:10.096 D/RemoteAnimationTargetSet( 3440): 1, RemoteAnimationTargetCompat{taskId=805, mode=1, isTranslucent=false, clipRect=Rect(0, 0 - 1080, 2400), position=Point(0, 0), sourceContainerBounds=Rect(0, 0 - 1080, 2400), prefixOrderIndex=40, isNotInRecents=false, contentInsets=Rect(0, 96 - 0, 44), activityType=1, packageName=com.zhihu.android}
01-24 23:46:10.096 E/ClipAnimationHelper( 3440): updateSourceStack  mSourceInsets=Rect(0, 96 - 0, 44), mSourceStackBounds=Rect(0, 0 - 1080, 2400), mHomeStackBounds=Rect(0, 0 - 1080, 2400)
01-24 23:46:10.096 D/Launcher.Lifecycle( 3440): onStart:UserHandle{0},9f45d38,false
01-24 23:46:10.096 E/ClipAnimationHelper( 3440): updateTargetRect  mSourceRect=RectF(0.0, 96.0, 1080.0, 2454.4614)   mTargetRect=RectF(306.0, 0.0, 774.0, 1022.0)   mSourceWindowClipInsets=RectF(0.0, 96.0, 0.0, 0.0)   mHomeStackBounds=Rect(0, 0 - 1080, 2400)   targetRect=Rect(306, 0 - 774, 1022)
01-24 23:46:10.096 D/RecentsAnimationListenerImpl( 3440): mIsStart=true
01-24 23:46:10.096 I/RenderThread( 3440): RenderThread resumed
01-24 23:46:10.096 I/RenderThread( 3440): All controllers paused.
01-24 23:46:10.096 I/RenderThread( 3440): RenderThread paused, waiting for signal
01-24 23:46:10.097 D/LauncherOverlay(29314): setActivityState:1
01-24 23:46:10.102 W/GestureStateMachine( 3440): AppDragState msg=2
01-24 23:46:10.107 I/chatty  (  988): uid=1000(system) /system/bin/surfaceflinger expire 360 lines
01-24 23:46:10.108 D/NavStubView( 3440): onTouchEvent: action=2, count=1
01-24 23:46:10.108 D/NavStubView( 3440): onPointEvent: rawX=560.50977   rawY=2278.379   action=2   mIsInFsMode=false
01-24 23:46:10.108 D/NavStubView( 3440): current window mode:2 (1:home, 2:app, 3:recent-task, 4:keyguard)
01-24 23:46:10.114 W/DimLayer( 3440): createDimLayer
01-24 23:46:10.114 I/chatty  (  988): uid=1000(system) Binder:988_2 expire 22 lines
01-24 23:46:10.114 W/GestureStateMachine( 3440): AppDragState msg=3
01-24 23:46:10.114 E/NavStubView( 3440): actionMoveAppDrag
01-24 23:46:10.114 I/chatty  (  988): uid=1000(system) Binder:988_1 expire 30 lines
01-24 23:46:10.118 W/GestureStateMachine( 3440): AppDragState msg=2
01-24 23:46:10.122 D/EventSequenceValidator( 1812): Transition from INTENT_STARTED to ACTIVITY_LAUNCHED
01-24 23:46:10.122 D/NavStubView( 3440): onTouchEvent: action=2, count=1
01-24 23:46:10.122 D/NavStubView( 3440): onPointEvent: rawX=546.4302   rawY=2246.7886   action=2   mIsInFsMode=false
01-24 23:46:10.122 D/NavStubView( 3440): current window mode:2 (1:home, 2:app, 3:recent-task, 4:keyguard)
01-24 23:46:10.123 W/GestureStateMachine( 3440): AppDragState msg=3
01-24 23:46:10.123 E/NavStubView( 3440): actionMoveAppDrag
01-24 23:46:10.124 D/ScreenView_ScreenView( 3440): dispatchDraw:0
01-24 23:46:10.124 D/ScreenView_Workspace( 3440): dispatchDraw:1080
01-24 23:46:10.124 D/ScreenView_HotSeats( 3440): dispatchDraw:0
01-24 23:46:10.124 I/chatty  (  988): uid=1000(system) Binder:988_4 expire 26 lines
01-24 23:46:10.125 D/NavBarTintController( 3242): onSampleCollected 1.0
01-24 23:46:10.126 D/AppChangedListener( 4688): get package name by pid:com.miui.home
01-24 23:46:10.126 D/AppChangedListener( 4688): packageName:com.miui.home,current:com.zhihu.android
01-24 23:46:10.127 D/AppChangedListener( 4688): onAppChanged...com.miui.home
01-24 23:46:10.127 D/AppChangedListener( 4688): onAppChanged notify listener:h
01-24 23:46:10.127 E/AppBackListener( 4688): onTopAppChanged newApp=com.miui.home,oldApp=com.zhihu.android,mPersistentApp=null,innerApp=false
01-24 23:46:10.127 W/LingXiViewManager( 4688): hide failed for LingXiView is null
01-24 23:46:10.127 D/AppChangedListener( 4688): onAppChanged notify listener:
01-24 23:46:10.128 D/AppChangedListener( 4688): onAppChanged notify listener:k
01-24 23:46:10.128 I/HybridLifecycleListener( 4688): onTopAppChanged: newApp=com.miui.home from=com.zhihu.android fromPkg=com.miui.home
01-24 23:46:10.130 D/LauncherOverlay.Window(29314): onStart
01-24 23:46:10.130 I/MiuiNetworkPolicy( 1812): updateUidState uid = 10088, uidState = 2
01-24 23:46:10.130 I/MiuiNetworkPolicyTrafficLimit( 1812): updateWhiteListUidForMobileTraffic uid=10088,add=true
01-24 23:46:10.130 I/chatty  (  988): uid=1000(system) Binder:988_3 expire 47 lines
01-24 23:46:10.131 E/traffic (  797): add TrafficMobileLimiter whitelist 10088
01-24 23:46:10.131 D/LauncherClient.Service( 3440): service already connected:com.miui.personalassistant
01-24 23:46:10.132 I/ANDR-PERF-LM(  942): LMPerfGlue: perfmodule_submit_request() 132: perfmodule_submit_request()
01-24 23:46:10.132 I/ANDR-PERF-LM(  942): Core: getInstance() 84: LM getInstance
01-24 23:46:10.132 I/ANDR-PERF-LM(  942): WQ: push() 59: LMTriggerQ push() size=0
01-24 23:46:10.132 I/ANDR-PERF-LM(  942): WQ: push() 61: LMTriggerQ push() done size=1
01-24 23:46:10.132 I/ANDR-PERF-LM(  942): WQ: pop() 42: LMTriggerQ pop() done size=0
01-24 23:46:10.132 I/ANDR-PERF-LM(  942): Core: lmMain() 373: Waiting on trigger Queue
01-24 23:46:10.132 I/ANDR-PERF-LM(  942): WQ: pop() 31: LMTriggerQ pop() size=0
01-24 23:46:10.133 D/MiuiNetworkPolicyTrafficLimit( 1812): updateWhiteListUidForMobileTraffic rst=true
01-24 23:46:10.134 D/EventSequenceValidator( 1812): Transition from ACTIVITY_LAUNCHED to ACTIVITY_FINISHED
01-24 23:46:10.135 W/GestureStateMachine( 3440): AppDragState msg=2
01-24 23:46:10.137 D/ArtManagerInternalImpl( 1812): /data/misc/iorapd/com.miui.home/421133058/com.miui.home.launcher.Launcher/compiled_traces/compiled_trace.pb doesn't exist
01-24 23:46:10.139 D/NavStubView( 3440): onTouchEvent: action=2, count=1
01-24 23:46:10.139 D/NavStubView( 3440): onPointEvent: rawX=522.21606   rawY=2207.275   action=2   mIsInFsMode=false
01-24 23:46:10.139 D/NavStubView( 3440): current window mode:2 (1:home, 2:app, 3:recent-task, 4:keyguard)
01-24 23:46:10.140 W/GestureStateMachine( 3440): AppDragState msg=3
01-24 23:46:10.140 E/NavStubView( 3440): actionMoveAppDrag
01-24 23:46:10.152 W/GestureStateMachine( 3440): AppDragState msg=2
01-24 23:46:10.156 D/NavStubView( 3440): onTouchEvent: action=2, count=1
01-24 23:46:10.156 D/NavStubView( 3440): onPointEvent: rawX=479.35083   rawY=2159.4902   action=2   mIsInFsMode=false
01-24 23:46:10.156 D/NavStubView( 3440): current window mode:2 (1:home, 2:app, 3:recent-task, 4:keyguard)
01-24 23:46:10.157 W/GestureStateMachine( 3440): AppDragState msg=3
01-24 23:46:10.157 E/NavStubView( 3440): actionMoveAppDrag
01-24 23:46:10.168 W/GestureStateMachine( 3440): AppDragState msg=2
01-24 23:46:10.172 D/NavStubView( 3440): onTouchEvent: action=2, count=1
01-24 23:46:10.172 D/NavStubView( 3440): onPointEvent: rawX=405.73856   rawY=2100.9526   action=2   mIsInFsMode=false
01-24 23:46:10.172 D/NavStubView( 3440): current window mode:2 (1:home, 2:app, 3:recent-task, 4:keyguard)
01-24 23:46:10.173 W/GestureStateMachine( 3440): AppDragState msg=3
01-24 23:46:10.174 E/StateBroadcastUtils( 3440): sendFsStateBroadCast state=crossSafeArea   channel=gesture
01-24 23:46:10.174 E/NavStubView( 3440): actionMoveAppDrag
01-24 23:46:10.181 D/MIUIInput( 1812): [MotionEvent] publisher action=0x1, 152714278, channel '165f103 GestureStubHome (server)'
01-24 23:46:10.181 D/NavStubView( 3440): onTouchEvent: action=2, count=1
01-24 23:46:10.181 D/NavStubView( 3440): onTouchEvent: action=1, count=1
01-24 23:46:10.181 D/NavStubView( 3440): ACTION_UP: mIsGestureStarted: true
01-24 23:46:10.182 I/ANDR-PERF-LM(  942): LMPerfGlue: perfmodule_submit_request() 132: perfmodule_submit_request()
01-24 23:46:10.182 I/ANDR-PERF-LM(  942): Core: getInstance() 84: LM getInstance
01-24 23:46:10.182 D/ANDR-PERF-LM(  942): Feature: lookup() 101: Feature Name = AppClassifier, total featuers = 3, featureFound = 1
01-24 23:46:10.182 D/NavStubView( 3440): onPointEvent: rawX=357.0   rawY=2064.0   action=2   mIsInFsMode=false
01-24 23:46:10.182 D/NavStubView( 3440): current window mode:2 (1:home, 2:app, 3:recent-task, 4:keyguard)
01-24 23:46:10.182 D/ANDR-PERF-LM(  942): Feature: getData() 112: data.data = 1
01-24 23:46:10.182 I/ANDR-PERF-LM(  942): FeedbackAPI: getFeedback() 60: app:com.zhihu.android feature:AppClassifier feedback = 1
01-24 23:46:10.182 I/ANDR-PERF-LM(  942): LMPerfGlue: perfmodule_submit_request() 132: perfmodule_submit_request()
01-24 23:46:10.182 I/ANDR-PERF-LM(  942): Core: getInstance() 84: LM getInstance
01-24 23:46:10.182 I/ANDR-PERF-LM(  942): WQ: push() 59: LMTriggerQ push() size=0
01-24 23:46:10.182 I/ANDR-PERF-LM(  942): WQ: push() 61: LMTriggerQ push() done size=1
01-24 23:46:10.182 I/ANDR-PERF-LM(  942): LMPerfGlue: perfmodule_submit_request() 132: perfmodule_submit_request()
01-24 23:46:10.182 I/ANDR-PERF-LM(  942): Core: getInstance() 84: LM getInstance
01-24 23:46:10.182 D/ANDR-PERF-LM(  942): Feature: lookup() 101: Feature Name = AppClassifier, total featuers = 3, featureFound = 1
01-24 23:46:10.182 D/ANDR-PERF-LM(  942): Feature: getData() 112: data.data = 1
01-24 23:46:10.182 I/ANDR-PERF-LM(  942): FeedbackAPI: getFeedback() 60: app:com.zhihu.android feature:AppClassifier feedback = 1
01-24 23:46:10.182 I/ANDR-PERF-LM(  942): LMPerfGlue: perfmodule_submit_request() 132: perfmodule_submit_request()
01-24 23:46:10.182 I/ANDR-PERF-LM(  942): Core: getInstance() 84: LM getInstance
01-24 23:46:10.182 I/ANDR-PERF-LM(  942): WQ: push() 59: LMTriggerQ push() size=1
01-24 23:46:10.182 I/ANDR-PERF-LM(  942): WQ: push() 61: LMTriggerQ push() done size=2
01-24 23:46:10.182 I/ANDR-PERF-LM(  942): WQ: pop() 42: LMTriggerQ pop() done size=1
01-24 23:46:10.182 I/ANDR-PERF-LM(  942): LMPerfGlue: perfmodule_submit_request() 132: perfmodule_submit_request()
01-24 23:46:10.182 I/ANDR-PERF-LM(  942): Core: lmMain() 373: Waiting on trigger Queue
01-24 23:46:10.182 I/ANDR-PERF-LM(  942): Core: getInstance() 84: LM getInstance
01-24 23:46:10.182 I/ANDR-PERF-LM(  942): WQ: pop() 31: LMTriggerQ pop() size=1
01-24 23:46:10.182 D/ANDR-PERF-LM(  942): Feature: lookup() 101: Feature Name = AppClassifier, total featuers = 3, featureFound = 1
01-24 23:46:10.182 I/ANDR-PERF-LM(  942): WQ: pop() 42: LMTriggerQ pop() done size=0
01-24 23:46:10.182 I/ANDR-PERF-LM(  942): Core: lmMain() 373: Waiting on trigger Queue
01-24 23:46:10.182 I/ANDR-PERF-LM(  942): WQ: pop() 31: LMTriggerQ pop() size=0
01-24 23:46:10.182 D/ANDR-PERF-LM(  942): Feature: getData() 112: data.data = 1
01-24 23:46:10.182 I/ANDR-PERF-LM(  942): FeedbackAPI: getFeedback() 60: app:com.zhihu.android feature:AppClassifier feedback = 1
01-24 23:46:10.183 D/NavStubView( 3440): onPointEvent: rawX=357.0   rawY=2064.0   action=1   mIsInFsMode=false
01-24 23:46:10.183 D/NavStubView( 3440): current window mode:2 (1:home, 2:app, 3:recent-task, 4:keyguard)
01-24 23:46:10.183 E/NavStubView( 3440): isFastPullUp  mPivotLocY=2238   mFollowTailY=2330.452   TAIL_GAP=25   vx=-5.3761888   vy=-4.006818
01-24 23:46:10.183 W/GestureStateMachine( 3440): AppDragState msg=3
01-24 23:46:10.183 E/NavStubView( 3440): actionMoveAppDrag
01-24 23:46:10.183 W/GestureStateMachine( 3440): AppDragState msg=8
01-24 23:46:10.184 E/NavStubView( 3440): performAppToHome
01-24 23:46:10.185 I/Launcher( 3440): notifyPowerKeeperGesture status: to_home
01-24 23:46:10.185 E/NavStubView( 3440): startHomeFadeInAnim
01-24 23:46:10.185 E/NavStubView( 3440): startAppToHomeAnim, isQuickSwich=false, isUseSimpleAnim=false
01-24 23:46:10.185 E/Launcher( 3440): changeViewByFsGestureState,  view=ShortcutMenuLayer,  alpha=0.0,  scale=0.75
01-24 23:46:10.185 D/Launcher( 3440): onHomeIntentCallback:0
01-24 23:46:10.185 E/StateBroadcastUtils( 3440): sendFsStateBroadCast state=toHome   channel=gesture
01-24 23:46:10.186 D/StatusBar( 3242): disable<e i a s b h r c s > disable2<q i n g r >
01-24 23:46:10.187 D/PhoneStatusBar/NavigationBarView( 3242): setDisabledFlags back:false home:false recent:false
01-24 23:46:10.187 D/StatusBarClock( 3242):  isNormalMode= true clock visible=true
01-24 23:46:10.187 D/NavStubView( 3440): ===>>>finalization executed from: performAppToHome
01-24 23:46:10.187 E/RotationHelper( 3440): setCurrentTransitionRequest: request=0
01-24 23:46:10.187 D/NavStubView( 3440): startAppToHomeInMainThread
01-24 23:46:10.187 E/RotationHelper( 3440): notifyChange activityFlags=1, mMultiWindowRotationRequest=3, mCurrentTransitionRequest=0, mCurrentStateRequest=0
01-24 23:46:10.187 E/FloatingIconView( 3440): recycle
01-24 23:46:10.187 D/FloatingIconView( 3440): init, icon=com.miui.home.launcher.ShortcutIcon{ad24b7c VFE...CL. ........ 795,678-1049,984}(知乎), isOpening=false, mIsAdaptiveIcon=true
01-24 23:46:10.187 D/NavStubView( 3440): startAppToHomeInMainThread mAppToHomeAnim2 start, icon=com.miui.home.launcher.ShortcutIcon{ad24b7c VFE...CL. ........ 795,678-1049,984}(知乎)
01-24 23:46:10.189 E/Launcher( 3440): changeViewByFsGestureState,  view=ShortcutMenuLayer,  alpha=0.0,  scale=0.75
01-24 23:46:10.189 D/PhoneStatusBar/NavigationBarView( 3242): onDraw
01-24 23:46:10.190 D/MIUIInput( 1812): [FoucsChange]: Display  0 FocusedWindow From Window{b063087 mode=1 rootTaskId=805 u0 com.zhihu.android/com.zhihu.android.mix.activity.ContentMixProfileActivity}(1,1)  to recents_animation_input_consumer(1,1)
01-24 23:46:10.194 D/ScreenView_Workspace( 3440): dispatchDraw:1080
01-24 23:46:10.206 E/Launcher( 3440): changeViewByFsGestureState,  view=ShortcutMenuLayer,  alpha=0.050276447,  scale=0.7625691
01-24 23:46:10.207 D/SignalClusterView( 3242): updateMobileTypeImage  0
01-24 23:46:10.208 D/SignalClusterView( 3242): updateMobileTypeImage  0
01-24 23:46:10.216 D/NavBarTintController( 3242): onSampleCollected 0.0
01-24 23:46:10.216 D/NavBarTintController( 3242):  updateTint White
01-24 23:46:10.216 D/NavigationBarTransitions( 3242): applyDarkIntensity 1.0
01-24 23:46:10.216 E/SELinux (  599): avc:  denied  { find } for pid=6253 uid=10177 name=tethering scontext=u:r:vendor_systemhelper_app:s0:c512,c768 tcontext=u:object_r:tethering_service:s0 tclass=service_manager permissive=0
01-24 23:46:10.222 E/Launcher( 3440): changeViewByFsGestureState,  view=ShortcutMenuLayer,  alpha=0.16061214,  scale=0.790153
01-24 23:46:10.224 D/SignalClusterView( 3242): updateMobileTypeImage  0
01-24 23:46:10.224 D/SignalClusterView( 3242): updateMobileTypeImage  0
01-24 23:46:10.224 D/NavigationBarTransitions( 3242): applyDarkIntensity 1.0
01-24 23:46:10.240 E/Launcher( 3440): changeViewByFsGestureState,  view=ShortcutMenuLayer,  alpha=0.29069212,  scale=0.822673
01-24 23:46:10.240 D/SignalClusterView( 3242): updateMobileTypeImage  0
01-24 23:46:10.241 D/SignalClusterView( 3242): updateMobileTypeImage  0
01-24 23:46:10.241 D/NavigationBarTransitions( 3242): applyDarkIntensity 0.94172597
01-24 23:46:10.256 E/Launcher( 3440): changeViewByFsGestureState,  view=ShortcutMenuLayer,  alpha=0.41156235,  scale=0.8528906
01-24 23:46:10.257 D/SignalClusterView( 3242): updateMobileTypeImage  0
01-24 23:46:10.258 D/SignalClusterView( 3242): updateMobileTypeImage  0
01-24 23:46:10.258 D/NavigationBarTransitions( 3242): applyDarkIntensity 0.6994945
01-24 23:46:10.271 E/GoLog   (31851): 2022/01/24 15:46:10 [W] Unhandler protocol 1
01-24 23:46:10.273 E/Launcher( 3440): changeViewByFsGestureState,  view=ShortcutMenuLayer,  alpha=0.5280846,  scale=0.8820211
01-24 23:46:10.274 D/SignalClusterView( 3242): updateMobileTypeImage  0
01-24 23:46:10.275 D/SignalClusterView( 3242): updateMobileTypeImage  0
01-24 23:46:10.277 D/NavigationBarTransitions( 3242): applyDarkIntensity 0.35622203
01-24 23:46:10.283 D/NavStubView( 3440): NavStubView::exitSmallWindowCrop
01-24 23:46:10.290 E/Launcher( 3440): changeViewByFsGestureState,  view=ShortcutMenuLayer,  alpha=0.628142,  scale=0.90703547
