01-24 23:46:14.098 W/ndroid.ximalay(17224): Accessing hidden method Landroid/app/ResourcesManager;->getDisplayMetrics(ILandroid/view/DisplayAdjustments;)Landroid/util/DisplayMetrics; (greylist-max-o, linking, denied)
01-24 23:46:14.098 W/ndroid.ximalay(17224): Accessing hidden method Landroid/app/ResourcesManager;->getAdjustedDisplay(ILandroid/view/DisplayAdjustments;)Landroid/view/Display; (greylist-max-o, linking, denied)
01-24 23:46:14.098 W/ndroid.ximalay(17224): Accessing hidden method Landroid/app/ResourcesManager;->getResources(Landroid/os/IBinder;Ljava/lang/String;[Ljava/lang/String;[Ljava/lang/String;[Ljava/lang/String;ILandroid/content/res/Configuration;Landroid/content/res/CompatibilityInfo;Ljava/lang/ClassLoader;Ljava/util/List;)Landroid/content/res/Resources; (blacklist, linking, denied)
01-24 23:46:14.098 W/ndroid.ximalay(17224): Accessing hidden method Landroid/content/res/ResourcesKey;-><init>(Ljava/lang/String;[Ljava/lang/String;[Ljava/lang/String;[Ljava/lang/String;ILandroid/content/res/Configuration;Landroid/content/res/CompatibilityInfo;[Landroid/content/res/loader/ResourcesLoader;)V (blacklist, linking, denied)
01-24 23:46:14.098 W/ndroid.ximalay(17224): Accessing hidden method Landroid/content/res/ResourcesKey;-><init>(Ljava/lang/String;[Ljava/lang/String;[Ljava/lang/String;[Ljava/lang/String;ILandroid/content/res/Configuration;Landroid/content/res/CompatibilityInfo;[Landroid/content/res/loader/ResourcesLoader;)V (blacklist, linking, denied)
01-24 23:46:14.098 W/ndroid.ximalay(17224): Accessing hidden method Landroid/app/ResourcesManager;->invalidatePath(Ljava/lang/String;)V (greylist-max-o, linking, denied)
01-24 23:46:14.098 W/ndroid.ximalay(17224): Accessing hidden method Landroid/content/res/ResourcesKey;->isPathReferenced(Ljava/lang/String;)Z (greylist-max-o, linking, denied)
01-24 23:46:14.098 W/ndroid.ximalay(17224): Accessing hidden field Landroid/app/ResourcesManager;->mCachedApkAssets:Landroid/util/ArrayMap; (greylist-max-o, linking, denied)
01-24 23:46:14.098 W/ndroid.ximalay(17224): Accessing hidden field Landroid/app/ResourcesManager;->mCachedApkAssets:Landroid/util/ArrayMap; (greylist-max-o, linking, denied)
01-24 23:46:14.098 W/ndroid.ximalay(17224): Accessing hidden field Landroid/app/ResourcesManager$ApkKey;->path:Ljava/lang/String; (greylist-max-o, linking, denied)
01-24 23:46:14.098 W/ndroid.ximalay(17224): Accessing hidden field Landroid/app/ResourcesManager;->mCachedApkAssets:Landroid/util/ArrayMap; (greylist-max-o, linking, denied)
01-24 23:46:14.098 W/ndroid.ximalay(17224): Accessing hidden method Landroid/content/res/ApkAssets;->close()V (blacklist, linking, denied)
01-24 23:46:14.098 W/ndroid.ximalay(17224): Accessing hidden field Landroid/app/ResourcesManager;->mCachedApkAssets:Landroid/util/ArrayMap; (greylist-max-o, linking, denied)
01-24 23:46:14.098 W/ndroid.ximalay(17224): Accessing hidden field Landroid/app/ResourcesManager$ApkKey;->path:Ljava/lang/String; (greylist-max-o, linking, denied)
01-24 23:46:14.098 W/ndroid.ximalay(17224): Accessing hidden field Landroid/app/ResourcesManager;->mCachedApkAssets:Landroid/util/ArrayMap; (greylist-max-o, linking, denied)
01-24 23:46:14.098 W/ndroid.ximalay(17224): Accessing hidden method Landroid/content/res/ApkAssets;->close()V (blacklist, linking, denied)
01-24 23:46:14.098 W/ndroid.ximalay(17224): Accessing hidden method Landroid/app/ResourcesManager;->isSameResourcesOverrideConfig(Landroid/os/IBinder;Landroid/content/res/Configuration;)Z (greylist-max-o, linking, denied)
01-24 23:46:14.098 W/ndroid.ximalay(17224): Accessing hidden field Landroid/app/ResourcesManager$ActivityResources;->overrideConfig:Landroid/content/res/Configuration; (greylist-max-o, linking, denied)
01-24 23:46:14.098 W/ndroid.ximalay(17224): Accessing hidden field Landroid/app/ResourcesManager$ActivityResources;->overrideConfig:Landroid/content/res/Configuration; (greylist-max-o, linking, denied)
01-24 23:46:14.098 W/ndroid.ximalay(17224): Accessing hidden method Landroid/content/res/Configuration;->diffPublicOnly(Landroid/content/res/Configuration;)I (greylist-max-o, linking, denied)
01-24 23:46:14.098 W/ndroid.ximalay(17224): Accessing hidden method Landroid/app/ResourcesManager;->originalCreateResourcesImpl(Landroid/content/res/ResourcesKey;)Landroid/content/res/ResourcesImpl; (blacklist, linking, denied)
01-24 23:46:14.098 W/ndroid.ximalay(17224): Accessing hidden field Landroid/content/res/ResourcesKey;->mOverrideConfiguration:Landroid/content/res/Configuration; (greylist-max-o, linking, denied)
01-24 23:46:14.098 W/ndroid.ximalay(17224): Accessing hidden method Landroid/view/DisplayAdjustments;-><init>(Landroid/content/res/Configuration;)V (greylist-max-o, linking, denied)
01-24 23:46:14.098 W/ndroid.ximalay(17224): Accessing hidden method Landroid/app/ResourcesManager;->overrideTokenDisplayAdjustments(Landroid/os/IBinder;Ljava/util/function/Consumer;)Z (blacklist, linking, denied)
01-24 23:46:14.098 W/ndroid.ximalay(17224): Accessing hidden field Landroid/app/ResourcesManager$ActivityResources;->activityResources:Ljava/util/ArrayList; (greylist-max-o, linking, denied)
01-24 23:46:14.098 W/ndroid.ximalay(17224): Accessing hidden method Landroid/content/res/Resources;->overrideDisplayAdjustments(Ljava/util/function/Consumer;)V (blacklist, linking, denied)
01-24 23:46:14.098 W/ndroid.ximalay(17224): Accessing hidden method Landroid/app/ResourcesManager;->updateResourcesForActivity(Landroid/os/IBinder;Landroid/content/res/Configuration;IZ)V (greylist-max-o, linking, denied)
01-24 23:46:14.098 W/ndroid.ximalay(17224): Accessing hidden method Landroid/app/ResourcesManager;->getOrCreateActivityResourcesStructLocked(Landroid/os/IBinder;)Landroid/app/ResourcesManager$ActivityResources; (greylist-max-o, linking, denied)
01-24 23:46:14.098 W/ndroid.ximalay(17224): Redefining intrinsic method java.lang.Thread java.lang.Thread.currentThread(). This may cause the unexpected use of the original definition of java.lang.Thread java.lang.Thread.currentThread()in methods that have already been compiled.
01-24 23:46:14.099 W/ndroid.ximalay(17224): Redefining intrinsic method boolean java.lang.Thread.interrupted(). This may cause the unexpected use of the original definition of boolean java.lang.Thread.interrupted()in methods that have already been compiled.
01-24 23:46:14.117 W/ndroid.ximalay(17224): ClassLoaderContext classpath size mismatch. expected=0, found=1 (PCL[] | PCL[/data/data/com.uniqueAndroid.ximalaya/code_cache/.overlay/base.apk/classes7.dex*1192008849])
01-24 23:46:14.117 W/ndroid.ximalay(17224): Found duplicate classes, falling back to extracting from APK : /data/app/~~EUdHdRuw6eYQmkGgM_FaiA==/com.uniqueAndroid.ximalaya-XMPiVAFI3oWrsP8IEtHLaQ==/base.apk
01-24 23:46:14.117 W/ndroid.ximalay(17224): NOTE: This wastes RAM and hurts startup performance.
01-24 23:46:14.117 W/ndroid.ximalay(17224): Found duplicated class when checking oat files: 'Lcom/uniqueAndroid/ximalaya/BuildConfig;' in /data/data/com.uniqueAndroid.ximalaya/code_cache/.overlay/base.apk/classes7.dex and /data/app/~~EUdHdRuw6eYQmkGgM_FaiA==/com.uniqueAndroid.ximalaya-XMPiVAFI3oWrsP8IEtHLaQ==/base.apk!classes7.dex
01-24 23:46:14.126 D/NavBarTintController( 3242): onSampleCollected 0.98039216
01-24 23:46:14.126 D/NavBarTintController( 3242):  updateTint Black
01-24 23:46:14.137 D/CompositionEngine(  988): writeOutputDependentGeometryStateToHWC layer[NavigationBar#0] set Z 134217732 miFodLayer 134217728
01-24 23:46:14.137 D/CompositionEngine(  988): writeOutputDependentGeometryStateToHWC layer[RoundCorner#0] set Z 134217733 miFodLayer 134217728
01-24 23:46:14.137 D/CompositionEngine(  988): writeOutputDependentGeometryStateToHWC layer[RoundCorner#1] set Z 134217734 miFodLayer 134217728
01-24 23:46:14.154 D/CompositionEngine(  988): writeOutputDependentGeometryStateToHWC layer[com.android.systemui.ImageWallpaper#0] set Z 134217728 miFodLayer 134217728
01-24 23:46:14.154 D/SurfaceFlinger(  988): getHBMOverlayAlpha backlight=351, mFodSystemBacklight=330, mBrightnessBackup=351
01-24 23:46:14.154 D/SurfaceFlinger(  988): brightness=351 alpha=0.615234
01-24 23:46:14.154 D/CompositionEngine(  988): writeOutputDependentGeometryStateToHWC layer[com.miui.home/com.miui.home.launcher.Launcher#0] set Z 134217729 miFodLayer 134217728
01-24 23:46:14.154 D/CompositionEngine(  988): writeOutputDependentGeometryStateToHWC layer[Splash Screen com.uniqueAndroid.ximalaya#0] set Z 134217730 miFodLayer 134217728
01-24 23:46:14.154 D/CompositionEngine(  988): writeOutputDependentGeometryStateToHWC layer[StatusBar#0] set Z 134217731 miFodLayer 134217728
01-24 23:46:14.154 D/CompositionEngine(  988): writeOutputDependentGeometryStateToHWC layer[NavigationBar#0] set Z 134217732 miFodLayer 134217728
01-24 23:46:14.154 D/CompositionEngine(  988): writeOutputDependentGeometryStateToHWC layer[RoundCorner#0] set Z 134217733 miFodLayer 134217728
01-24 23:46:14.154 D/CompositionEngine(  988): writeOutputDependentGeometryStateToHWC layer[RoundCorner#1] set Z 134217734 miFodLayer 134217728
01-24 23:46:14.171 D/CompositionEngine(  988): writeOutputDependentGeometryStateToHWC layer[com.android.systemui.ImageWallpaper#0] set Z 134217728 miFodLayer 134217728
01-24 23:46:14.171 D/CompositionEngine(  988): writeOutputDependentGeometryStateToHWC layer[com.miui.home/com.miui.home.launcher.Launcher#0] set Z 134217729 miFodLayer 134217728
01-24 23:46:14.171 D/CompositionEngine(  988): writeOutputDependentGeometryStateToHWC layer[Splash Screen com.uniqueAndroid.ximalaya#0] set Z 134217730 miFodLayer 134217728
01-24 23:46:14.171 D/CompositionEngine(  988): writeOutputDependentGeometryStateToHWC layer[StatusBar#0] set Z 134217731 miFodLayer 134217728
01-24 23:46:14.171 D/CompositionEngine(  988): writeOutputDependentGeometryStateToHWC layer[NavigationBar#0] set Z 134217732 miFodLayer 134217728
01-24 23:46:14.171 D/CompositionEngine(  988): writeOutputDependentGeometryStateToHWC layer[RoundCorner#0] set Z 134217733 miFodLayer 134217728
01-24 23:46:14.171 D/CompositionEngine(  988): writeOutputDependentGeometryStateToHWC layer[RoundCorner#1] set Z 134217734 miFodLayer 134217728
01-24 23:46:14.187 D/CompositionEngine(  988): writeOutputDependentGeometryStateToHWC layer[com.android.systemui.ImageWallpaper#0] set Z 134217728 miFodLayer 134217728
01-24 23:46:14.187 D/CompositionEngine(  988): writeOutputDependentGeometryStateToHWC layer[com.miui.home/com.miui.home.launcher.Launcher#0] set Z 134217729 miFodLayer 134217728
01-24 23:46:14.187 D/CompositionEngine(  988): writeOutputDependentGeometryStateToHWC layer[Splash Screen com.uniqueAndroid.ximalaya#0] set Z 134217730 miFodLayer 134217728
01-24 23:46:14.187 D/CompositionEngine(  988): writeOutputDependentGeometryStateToHWC layer[StatusBar#0] set Z 134217731 miFodLayer 134217728
01-24 23:46:14.187 D/CompositionEngine(  988): writeOutputDependentGeometryStateToHWC layer[NavigationBar#0] set Z 134217732 miFodLayer 134217728
01-24 23:46:14.187 D/CompositionEngine(  988): writeOutputDependentGeometryStateToHWC layer[RoundCorner#0] set Z 134217733 miFodLayer 134217728
01-24 23:46:14.187 D/CompositionEngine(  988): writeOutputDependentGeometryStateToHWC layer[RoundCorner#1] set Z 134217734 miFodLayer 134217728
01-24 23:46:14.203 D/CompositionEngine(  988): writeOutputDependentGeometryStateToHWC layer[com.android.systemui.ImageWallpaper#0] set Z 134217728 miFodLayer 134217728
01-24 23:46:14.204 D/CompositionEngine(  988): writeOutputDependentGeometryStateToHWC layer[com.miui.home/com.miui.home.launcher.Launcher#0] set Z 134217729 miFodLayer 134217728
01-24 23:46:14.204 D/CompositionEngine(  988): writeOutputDependentGeometryStateToHWC layer[Splash Screen com.uniqueAndroid.ximalaya#0] set Z 134217730 miFodLayer 134217728
01-24 23:46:14.204 D/CompositionEngine(  988): writeOutputDependentGeometryStateToHWC layer[StatusBar#0] set Z 134217731 miFodLayer 134217728
01-24 23:46:14.204 D/CompositionEngine(  988): writeOutputDependentGeometryStateToHWC layer[NavigationBar#0] set Z 134217732 miFodLayer 134217728
01-24 23:46:14.204 D/CompositionEngine(  988): writeOutputDependentGeometryStateToHWC layer[RoundCorner#0] set Z 134217733 miFodLayer 134217728
01-24 23:46:14.204 D/CompositionEngine(  988): writeOutputDependentGeometryStateToHWC layer[RoundCorner#1] set Z 134217734 miFodLayer 134217728
01-24 23:46:14.220 D/CompositionEngine(  988): writeOutputDependentGeometryStateToHWC layer[com.android.systemui.ImageWallpaper#0] set Z 134217728 miFodLayer 134217728
01-24 23:46:14.220 D/CompositionEngine(  988): writeOutputDependentGeometryStateToHWC layer[com.miui.home/com.miui.home.launcher.Launcher#0] set Z 134217729 miFodLayer 134217728
01-24 23:46:14.220 D/CompositionEngine(  988): writeOutputDependentGeometryStateToHWC layer[Splash Screen com.uniqueAndroid.ximalaya#0] set Z 134217730 miFodLayer 134217728
01-24 23:46:14.220 D/CompositionEngine(  988): writeOutputDependentGeometryStateToHWC layer[StatusBar#0] set Z 134217731 miFodLayer 134217728
01-24 23:46:14.220 D/CompositionEngine(  988): writeOutputDependentGeometryStateToHWC layer[NavigationBar#0] set Z 134217732 miFodLayer 134217728
01-24 23:46:14.220 D/CompositionEngine(  988): writeOutputDependentGeometryStateToHWC layer[RoundCorner#0] set Z 134217733 miFodLayer 134217728
01-24 23:46:14.220 D/CompositionEngine(  988): writeOutputDependentGeometryStateToHWC layer[RoundCorner#1] set Z 134217734 miFodLayer 134217728
01-24 23:46:14.222 W//vendor/bin/hw/vendor.qti.hardware.perf@2.2-service(  942): type=1400 audit(0.0:10487916): avc: denied { search } for comm=41646170744C61756E636820566D name="1812" dev="proc" ino=650 scontext=u:r:vendor_hal_perf_default:s0 tcontext=u:r:system_server:s0 tclass=dir permissive=0
01-24 23:46:14.222 W//vendor/bin/hw/vendor.qti.hardware.perf@2.2-service(  942): type=1400 audit(0.0:10487917): avc: denied { search } for comm=41646170744C61756E636820566D name="1818" dev="proc" ino=68325470 scontext=u:r:vendor_hal_perf_default:s0 tcontext=u:r:system_server:s0 tclass=dir permissive=0
01-24 23:46:14.222 W//vendor/bin/hw/vendor.qti.hardware.perf@2.2-service(  942): type=1400 audit(0.0:10487918): avc: denied { search } for comm=41646170744C61756E636820566D name="1819" dev="proc" ino=68325471 scontext=u:r:vendor_hal_perf_default:s0 tcontext=u:r:system_server:s0 tclass=dir permissive=0
01-24 23:46:14.222 W//vendor/bin/hw/vendor.qti.hardware.perf@2.2-service(  942): type=1400 audit(0.0:10487919): avc: denied { search } for comm=41646170744C61756E636820566D name="1821" dev="proc" ino=68325472 scontext=u:r:vendor_hal_perf_default:s0 tcontext=u:r:system_server:s0 tclass=dir permissive=0
01-24 23:46:14.222 W//vendor/bin/hw/vendor.qti.hardware.perf@2.2-service(  942): type=1400 audit(0.0:10487920): avc: denied { search } for comm=41646170744C61756E636820566D name="1822" dev="proc" ino=68325473 scontext=u:r:vendor_hal_perf_default:s0 tcontext=u:r:system_server:s0 tclass=dir permissive=0
01-24 23:46:14.222 W//vendor/bin/hw/vendor.qti.hardware.perf@2.2-service(  942): type=1400 audit(0.0:10487921): avc: denied { search } for comm=41646170744C61756E636820566D name="1823" dev="proc" ino=68325474 scontext=u:r:vendor_hal_perf_default:s0 tcontext=u:r:system_server:s0 tclass=dir permissive=0
01-24 23:46:14.222 W//vendor/bin/hw/vendor.qti.hardware.perf@2.2-service(  942): type=1400 audit(0.0:10487922): avc: denied { search } for comm=41646170744C61756E636820566D name="1824" dev="proc" ino=68325475 scontext=u:r:vendor_hal_perf_default:s0 tcontext=u:r:system_server:s0 tclass=dir permissive=0
01-24 23:46:14.225 D/NavBarTintController( 3242): onSampleCollected 0.98039216
01-24 23:46:14.231 I/Perf    (17224): Connecting to perf service.
01-24 23:46:14.233 E/SELinux (  599): avc:  denied  { find } for pid=6253 uid=10177 name=tethering scontext=u:r:vendor_systemhelper_app:s0:c512,c768 tcontext=u:object_r:tethering_service:s0 tclass=service_manager permissive=0
01-24 23:46:14.237 D/NetworkSecurityConfig(17224): Using Network Security Config from resource network_security_config debugBuild: true
01-24 23:46:14.237 D/CompositionEngine(  988): writeOutputDependentGeometryStateToHWC layer[com.android.systemui.ImageWallpaper#0] set Z 134217728 miFodLayer 134217728
01-24 23:46:14.237 D/NetworkSecurityConfig(17224): Using Network Security Config from resource network_security_config debugBuild: true
01-24 23:46:14.237 D/CompositionEngine(  988): writeOutputDependentGeometryStateToHWC layer[com.miui.home/com.miui.home.launcher.Launcher#0] set Z 134217729 miFodLayer 134217728
01-24 23:46:14.237 D/CompositionEngine(  988): writeOutputDependentGeometryStateToHWC layer[Splash Screen com.uniqueAndroid.ximalaya#0] set Z 134217730 miFodLayer 134217728
01-24 23:46:14.237 D/CompositionEngine(  988): writeOutputDependentGeometryStateToHWC layer[StatusBar#0] set Z 134217731 miFodLayer 134217728
01-24 23:46:14.237 D/CompositionEngine(  988): writeOutputDependentGeometryStateToHWC layer[NavigationBar#0] set Z 134217732 miFodLayer 134217728
01-24 23:46:14.237 D/CompositionEngine(  988): writeOutputDependentGeometryStateToHWC layer[RoundCorner#0] set Z 134217733 miFodLayer 134217728
01-24 23:46:14.237 D/CompositionEngine(  988): writeOutputDependentGeometryStateToHWC layer[RoundCorner#1] set Z 134217734 miFodLayer 134217728
01-24 23:46:14.254 D/CompositionEngine(  988): writeOutputDependentGeometryStateToHWC layer[com.android.systemui.ImageWallpaper#0] set Z 134217728 miFodLayer 134217728
01-24 23:46:14.254 D/CompositionEngine(  988): writeOutputDependentGeometryStateToHWC layer[com.miui.home/com.miui.home.launcher.Launcher#0] set Z 134217729 miFodLayer 134217728
01-24 23:46:14.254 D/CompositionEngine(  988): writeOutputDependentGeometryStateToHWC layer[Splash Screen com.uniqueAndroid.ximalaya#0] set Z 134217730 miFodLayer 134217728
01-24 23:46:14.254 D/CompositionEngine(  988): writeOutputDependentGeometryStateToHWC layer[StatusBar#0] set Z 134217731 miFodLayer 134217728
01-24 23:46:14.254 D/CompositionEngine(  988): writeOutputDependentGeometryStateToHWC layer[NavigationBar#0] set Z 134217732 miFodLayer 134217728
01-24 23:46:14.254 D/CompositionEngine(  988): writeOutputDependentGeometryStateToHWC layer[RoundCorner#0] set Z 134217733 miFodLayer 134217728
01-24 23:46:14.254 D/CompositionEngine(  988): writeOutputDependentGeometryStateToHWC layer[RoundCorner#1] set Z 134217734 miFodLayer 134217728
01-24 23:46:14.270 D/CompositionEngine(  988): writeOutputDependentGeometryStateToHWC layer[com.android.systemui.ImageWallpaper#0] set Z 134217728 miFodLayer 134217728
01-24 23:46:14.270 D/CompositionEngine(  988): writeOutputDependentGeometryStateToHWC layer[com.miui.home/com.miui.home.launcher.Launcher#0] set Z 134217729 miFodLayer 134217728
01-24 23:46:14.270 D/CompositionEngine(  988): writeOutputDependentGeometryStateToHWC layer[Splash Screen com.uniqueAndroid.ximalaya#0] set Z 134217730 miFodLayer 134217728
01-24 23:46:14.270 D/CompositionEngine(  988): writeOutputDependentGeometryStateToHWC layer[StatusBar#0] set Z 134217731 miFodLayer 134217728
01-24 23:46:14.270 D/CompositionEngine(  988): writeOutputDependentGeometryStateToHWC layer[NavigationBar#0] set Z 134217732 miFodLayer 134217728
01-24 23:46:14.270 D/CompositionEngine(  988): writeOutputDependentGeometryStateToHWC layer[RoundCorner#0] set Z 134217733 miFodLayer 134217728
01-24 23:46:14.270 D/CompositionEngine(  988): writeOutputDependentGeometryStateToHWC layer[RoundCorner#1] set Z 134217734 miFodLayer 134217728
01-24 23:46:14.287 D/CompositionEngine(  988): writeOutputDependentGeometryStateToHWC layer[com.android.systemui.ImageWallpaper#0] set Z 134217728 miFodLayer 134217728
01-24 23:46:14.287 D/CompositionEngine(  988): writeOutputDependentGeometryStateToHWC layer[com.miui.home/com.miui.home.launcher.Launcher#0] set Z 134217729 miFodLayer 134217728
01-24 23:46:14.287 D/CompositionEngine(  988): writeOutputDependentGeometryStateToHWC layer[Splash Screen com.uniqueAndroid.ximalaya#0] set Z 134217730 miFodLayer 134217728
01-24 23:46:14.287 D/CompositionEngine(  988): writeOutputDependentGeometryStateToHWC layer[StatusBar#0] set Z 134217731 miFodLayer 134217728
01-24 23:46:14.287 D/CompositionEngine(  988): writeOutputDependentGeometryStateToHWC layer[NavigationBar#0] set Z 134217732 miFodLayer 134217728
01-24 23:46:14.287 D/CompositionEngine(  988): writeOutputDependentGeometryStateToHWC layer[RoundCorner#0] set Z 134217733 miFodLayer 134217728
01-24 23:46:14.287 D/CompositionEngine(  988): writeOutputDependentGeometryStateToHWC layer[RoundCorner#1] set Z 134217734 miFodLayer 134217728
01-24 23:46:14.292 I/ANDR-PERF-LM(  942): LMPerfGlue: perfmodule_submit_request() 132: perfmodule_submit_request()
01-24 23:46:14.292 I/ANDR-PERF-LM(  942): Core: getInstance() 84: LM getInstance
01-24 23:46:14.292 D/ANDR-PERF-LM(  942): Feature: lookup() 101: Feature Name = AppClassifier, total featuers = 3, featureFound = 1
01-24 23:46:14.292 D/ANDR-PERF-LM(  942): Feature: getData() 112: data.data = 0
01-24 23:46:14.292 I/ANDR-PERF-LM(  942): FeedbackAPI: getFeedback() 60: app:com.uniqueAndroid.ximalaya feature:AppClassifier feedback = 0
01-24 23:46:14.296 W/DisplayIdentification(  988): Invalid EDID: falling back to serial number due to missing display name.
01-24 23:46:14.296 W/DisplayIdentification(  988): Invalid EDID: falling back to ASCII text due to missing serial number.
01-24 23:46:14.303 D/NavigationBarTransitions( 3242): applyDarkIntensity 0.006516761
01-24 23:46:14.304 D/CompositionEngine(  988): writeOutputDependentGeometryStateToHWC layer[com.android.systemui.ImageWallpaper#0] set Z 134217728 miFodLayer 134217728
01-24 23:46:14.304 D/CompositionEngine(  988): writeOutputDependentGeometryStateToHWC layer[com.miui.home/com.miui.home.launcher.Launcher#0] set Z 134217729 miFodLayer 134217728
01-24 23:46:14.304 D/CompositionEngine(  988): writeOutputDependentGeometryStateToHWC layer[Splash Screen com.uniqueAndroid.ximalaya#0] set Z 134217730 miFodLayer 134217728
01-24 23:46:14.304 D/CompositionEngine(  988): writeOutputDependentGeometryStateToHWC layer[StatusBar#0] set Z 134217731 miFodLayer 134217728
01-24 23:46:14.304 D/CompositionEngine(  988): writeOutputDependentGeometryStateToHWC layer[NavigationBar#0] set Z 134217732 miFodLayer 134217728
01-24 23:46:14.304 D/CompositionEngine(  988): writeOutputDependentGeometryStateToHWC layer[RoundCorner#0] set Z 134217733 miFodLayer 134217728
01-24 23:46:14.304 D/CompositionEngine(  988): writeOutputDependentGeometryStateToHWC layer[RoundCorner#1] set Z 134217734 miFodLayer 134217728
01-24 23:46:14.317 I/ndroid.ximalay(17224): The ClassLoaderContext is a special shared library.
01-24 23:46:14.320 D/NavigationBarTransitions( 3242): applyDarkIntensity 0.123129025
01-24 23:46:14.321 I/ndroid.ximalay(17224): The ClassLoaderContext is a special shared library.
01-24 23:46:14.321 D/CompositionEngine(  988): writeOutputDependentGeometryStateToHWC layer[com.android.systemui.ImageWallpaper#0] set Z 134217728 miFodLayer 134217728
01-24 23:46:14.321 D/CompositionEngine(  988): writeOutputDependentGeometryStateToHWC layer[com.miui.home/com.miui.home.launcher.Launcher#0] set Z 134217729 miFodLayer 134217728
01-24 23:46:14.321 D/CompositionEngine(  988): writeOutputDependentGeometryStateToHWC layer[Splash Screen com.uniqueAndroid.ximalaya#0] set Z 134217730 miFodLayer 134217728
01-24 23:46:14.321 D/CompositionEngine(  988): writeOutputDependentGeometryStateToHWC layer[StatusBar#0] set Z 134217731 miFodLayer 134217728
01-24 23:46:14.321 D/CompositionEngine(  988): writeOutputDependentGeometryStateToHWC layer[NavigationBar#0] set Z 134217732 miFodLayer 134217728
01-24 23:46:14.321 D/CompositionEngine(  988): writeOutputDependentGeometryStateToHWC layer[RoundCorner#0] set Z 134217733 miFodLayer 134217728
01-24 23:46:14.321 D/CompositionEngine(  988): writeOutputDependentGeometryStateToHWC layer[RoundCorner#1] set Z 134217734 miFodLayer 134217728
01-24 23:46:14.324 D/Launcher_UnlockAnimationStateMachine( 3440): mResetIdleStateRunnable
01-24 23:46:14.327 D/NavBarTintController( 3242): onSampleCollected 0.98039216
01-24 23:46:14.329 W/ndroid.ximalay(17224): Accessing hidden method Lmiui/contentcatcher/sdk/Token;-><init>(Ljava/lang/String;Ljava/lang/String;Ljava/lang/String;I)V (greylist, linking, allowed)
01-24 23:46:14.329 W/ndroid.ximalay(17224): Accessing hidden method Lmiui/contentcatcher/InterceptorProxy;->getWorkThread()Landroid/os/HandlerThread; (greylist, linking, allowed)
01-24 23:46:14.330 D/ViewContentFactory(17224): initViewContentFetcherClass
01-24 23:46:14.330 D/ViewContentFactory(17224): getInterceptorPackageInfo
01-24 23:46:14.330 W/ndroid.ximalay(17224): Accessing hidden method Landroid/app/AppGlobals;->getInitialApplication()Landroid/app/Application; (greylist, linking, allowed)
01-24 23:46:14.330 D/ViewContentFactory(17224): getInitialApplication took 1ms
01-24 23:46:14.330 D/ViewContentFactory(17224): packageInfo.packageName: com.miui.catcherpatch
01-24 23:46:14.335 D/ViewContentFactory(17224): initViewContentFetcherClass took 6ms
01-24 23:46:14.335 I/ContentCatcher(17224): ViewContentFetcher : ViewContentFetcher
01-24 23:46:14.335 D/ViewContentFactory(17224): createInterceptor took 6ms
01-24 23:46:14.336 W/ndroid.ximalay(17224): Accessing hidden method Lmiui/contentcatcher/sdk/injector/IContentDecorateCallback$Stub;-><init>()V (greylist, linking, allowed)
01-24 23:46:14.336 W/ndroid.ximalay(17224): Accessing hidden method Lmiui/contentcatcher/sdk/ContentCatcherManager;->getInstance()Lmiui/contentcatcher/sdk/ContentCatcherManager; (greylist, linking, allowed)
01-24 23:46:14.336 D/NavigationBarTransitions( 3242): applyDarkIntensity 0.4554924
01-24 23:46:14.336 W/ndroid.ximalay(17224): Accessing hidden method Lmiui/contentcatcher/sdk/ContentCatcherManager;->registerContentInjector(Lmiui/contentcatcher/sdk/Token;Lmiui/contentcatcher/sdk/injector/IContentDecorateCallback;)V (greylist, linking, allowed)
01-24 23:46:14.337 W/ndroid.ximalay(17224): Accessing hidden method Lmiui/contentcatcher/sdk/ContentCatcherManager;->getPageConfig(Lmiui/contentcatcher/sdk/Token;)Lmiui/contentcatcher/sdk/data/PageConfig; (greylist, linking, allowed)
01-24 23:46:14.337 W/ndroid.ximalay(17224): Accessing hidden method Lmiui/contentcatcher/sdk/data/PageConfig;->getFeatures()Ljava/util/ArrayList; (greylist, linking, allowed)
01-24 23:46:14.337 W/ndroid.ximalay(17224): Accessing hidden method Lmiui/contentcatcher/sdk/data/PageConfig;->getCatchers()Ljava/util/ArrayList; (greylist, linking, allowed)
01-24 23:46:14.338 D/CompositionEngine(  988): writeOutputDependentGeometryStateToHWC layer[com.android.systemui.ImageWallpaper#0] set Z 134217728 miFodLayer 134217728
01-24 23:46:14.338 D/CompositionEngine(  988): writeOutputDependentGeometryStateToHWC layer[com.miui.home/com.miui.home.launcher.Launcher#0] set Z 134217729 miFodLayer 134217728
01-24 23:46:14.338 D/CompositionEngine(  988): writeOutputDependentGeometryStateToHWC layer[Splash Screen com.uniqueAndroid.ximalaya#0] set Z 134217730 miFodLayer 134217728
01-24 23:46:14.338 D/CompositionEngine(  988): writeOutputDependentGeometryStateToHWC layer[StatusBar#0] set Z 134217731 miFodLayer 134217728
01-24 23:46:14.338 D/CompositionEngine(  988): writeOutputDependentGeometryStateToHWC layer[NavigationBar#0] set Z 134217732 miFodLayer 134217728
01-24 23:46:14.338 D/CompositionEngine(  988): writeOutputDependentGeometryStateToHWC layer[RoundCorner#0] set Z 134217733 miFodLayer 134217728
01-24 23:46:14.338 D/CompositionEngine(  988): writeOutputDependentGeometryStateToHWC layer[RoundCorner#1] set Z 134217734 miFodLayer 134217728
01-24 23:46:14.350 D/RecentsImpl( 3440): mActivityStateObserver com.uniqueAndroid.ximalaya.MainActivity
01-24 23:46:14.350 W/RecentsImpl( 3440): onResumed className=com.uniqueAndroid.ximalaya.MainActivity   mIsInAnotherPro=false
01-24 23:46:14.351 D/RecentsImpl( 3440): showNavStubView
01-24 23:46:14.351 W/RecentsImpl( 3440): disableBackStubWindow    disableTouch=false
01-24 23:46:14.351 D/RecentsImpl( 3440): showBackStubWindow  mHasNavigationBar=true   mDisabledByDriveMode=false
01-24 23:46:14.351 W/GestureStubView( 3440): adaptRotation   currentRotation=0   mRotation=0
01-24 23:46:14.352 D/GestureStubView( 3440): resetRenderProperty: showGestureStub
01-24 23:46:14.352 D/GestureStubView( 3440): showGestureStub
01-24 23:46:14.352 W/GestureStubView( 3440): adaptRotation   currentRotation=0   mRotation=0
01-24 23:46:14.352 D/GestureStubView( 3440): resetRenderProperty: showGestureStub
01-24 23:46:14.352 D/GestureStubView( 3440): showGestureStub
01-24 23:46:14.353 D/NavigationBarTransitions( 3242): applyDarkIntensity 0.7270923
01-24 23:46:14.354 D/CompositionEngine(  988): writeOutputDependentGeometryStateToHWC layer[com.android.systemui.ImageWallpaper#0] set Z 134217728 miFodLayer 134217728
01-24 23:46:14.355 D/CompositionEngine(  988): writeOutputDependentGeometryStateToHWC layer[com.miui.home/com.miui.home.launcher.Launcher#0] set Z 134217729 miFodLayer 134217728
01-24 23:46:14.355 D/CompositionEngine(  988): writeOutputDependentGeometryStateToHWC layer[Splash Screen com.uniqueAndroid.ximalaya#0] set Z 134217730 miFodLayer 134217728
01-24 23:46:14.355 D/CompositionEngine(  988): writeOutputDependentGeometryStateToHWC layer[StatusBar#0] set Z 134217731 miFodLayer 134217728
01-24 23:46:14.355 D/CompositionEngine(  988): writeOutputDependentGeometryStateToHWC layer[NavigationBar#0] set Z 134217732 miFodLayer 134217728
01-24 23:46:14.355 D/CompositionEngine(  988): writeOutputDependentGeometryStateToHWC layer[RoundCorner#0] set Z 134217733 miFodLayer 134217728
01-24 23:46:14.355 D/CompositionEngine(  988): writeOutputDependentGeometryStateToHWC layer[RoundCorner#1] set Z 134217734 miFodLayer 134217728
01-24 23:46:14.357 D/GestureStubView( 3440): gatherTransparentRegion: need render w:54  h:1440
01-24 23:46:14.358 D/SurfaceFlinger(  988): getHBMOverlayAlpha backlight=352, mFodSystemBacklight=330, mBrightnessBackup=352
01-24 23:46:14.358 D/SurfaceFlinger(  988): brightness=352 alpha=0.614746
01-24 23:46:14.359 D/GestureStubView( 3440): gatherTransparentRegion: need render w:54  h:1440
01-24 23:46:14.370 D/NavigationBarTransitions( 3242): applyDarkIntensity 0.8819724
01-24 23:46:14.371 D/CompositionEngine(  988): writeOutputDependentGeometryStateToHWC layer[com.android.systemui.ImageWallpaper#0] set Z 134217728 miFodLayer 134217728
01-24 23:46:14.371 D/CompositionEngine(  988): writeOutputDependentGeometryStateToHWC layer[com.miui.home/com.miui.home.launcher.Launcher#0] set Z 134217729 miFodLayer 134217728
01-24 23:46:14.371 D/CompositionEngine(  988): writeOutputDependentGeometryStateToHWC layer[Splash Screen com.uniqueAndroid.ximalaya#0] set Z 134217730 miFodLayer 134217728
01-24 23:46:14.372 D/CompositionEngine(  988): writeOutputDependentGeometryStateToHWC layer[StatusBar#0] set Z 134217731 miFodLayer 134217728
01-24 23:46:14.372 D/CompositionEngine(  988): writeOutputDependentGeometryStateToHWC layer[NavigationBar#0] set Z 134217732 miFodLayer 134217728
01-24 23:46:14.372 D/CompositionEngine(  988): writeOutputDependentGeometryStateToHWC layer[RoundCorner#0] set Z 134217733 miFodLayer 134217728
01-24 23:46:14.372 D/CompositionEngine(  988): writeOutputDependentGeometryStateToHWC layer[RoundCorner#1] set Z 134217734 miFodLayer 134217728
01-24 23:46:14.382 D/DynamicSarService( 3635): PhoneStateListener.onDataActivity: direction=0
01-24 23:46:14.382 D/DynamicSarService( 3635): modem or radio power state change,messageType: 128 state: 0
01-24 23:46:14.382 D/DynamicSarService( 3635): listeners is null or mModemSarEnable is disable!!!
01-24 23:46:14.383 D/MobileSignalController( 3242): updateDataType mSelectedDataTypeIcon[1]=2131233594, mSelectedDataActivityIndex=6
01-24 23:46:14.383 D/TelephonyIcons( 3242): getSignalStrengthIcon: slot=1, inetCondition=1, level=5, roaming=false, signalstrength=SignalStrength:{mCdma=CellSignalStrengthCdma: cdmaDbm=2147483647 cdmaEcio=2147483647 evdoDbm=2147483647 evdoEcio=2147483647 evdoSnr=2147483647 miuiLevel=0 level=0,mGsm=CellSignalStrengthGsm: rssi=2147483647 ber=2147483647 mTa=2147483647 miuiLevel=0 mLevel=0,mWcdma=CellSignalStrengthWcdma: ss=2147483647 ber=2147483647 rscp=2147483647 ecno=2147483647 miuiLevel=0 level=0,mTdscdma=CellSignalStrengthTdscdma: rssi=2147483647 ber=2147483647 rscp=2147483647 miuiLevel=0 level=0,mLte=CellSignalStrengthLte: rssi=-71 rsrp=-99 rsrq=-10 rssnr=4 cqi=2147483647 ta=2147483647 miuiLevel=5 level=3 parametersUseForLevel=0,mNr=CellSignalStrengthNr:{ csiRsrp = 2147483647 csiRsrq = 2147483647 csiSinr = 2147483647 ssRsrp = 2147483647 ssRsrq = 2147483647 ssSinr = 2147483647 miuiLevel = 0 level = 0 parametersUseForLevel = 0 },primary=CellSignalStrengthLte}
01-24 23:46:14.383 D/TelephonyIcons( 3242): getDataActivity, slot=1, activity=0
01-24 23:46:14.384 D/TelephonyIcons( 3242): null signal icon name: drawable/stat_sys_signal_null
01-24 23:46:14.384 D/TelephonyIcons( 3242): getDataTypeIcon sub=1
01-24 23:46:14.384 D/SignalClusterView( 3242): updateMobileTypeImage  0
01-24 23:46:14.385 I/chatty  ( 3242): uid=1000(system) com.android.systemui identical 4 lines
01-24 23:46:14.385 D/SignalClusterView( 3242): updateMobileTypeImage  0
01-24 23:46:14.388 D/CompositionEngine(  988): writeOutputDependentGeometryStateToHWC layer[com.android.systemui.ImageWallpaper#0] set Z 134217728 miFodLayer 134217728
01-24 23:46:14.388 D/CompositionEngine(  988): writeOutputDependentGeometryStateToHWC layer[com.miui.home/com.miui.home.launcher.Launcher#0] set Z 134217729 miFodLayer 134217728
01-24 23:46:14.388 D/CompositionEngine(  988): writeOutputDependentGeometryStateToHWC layer[Splash Screen com.uniqueAndroid.ximalaya#0] set Z 134217730 miFodLayer 134217728
01-24 23:46:14.388 D/CompositionEngine(  988): writeOutputDependentGeometryStateToHWC layer[StatusBar#0] set Z 134217731 miFodLayer 134217728
01-24 23:46:14.388 D/CompositionEngine(  988): writeOutputDependentGeometryStateToHWC layer[NavigationBar#0] set Z 134217732 miFodLayer 134217728
01-24 23:46:14.388 D/CompositionEngine(  988): writeOutputDependentGeometryStateToHWC layer[RoundCorner#0] set Z 134217733 miFodLayer 134217728
01-24 23:46:14.388 D/CompositionEngine(  988): writeOutputDependentGeometryStateToHWC layer[RoundCorner#1] set Z 134217734 miFodLayer 134217728
01-24 23:46:14.388 D/NavigationBarTransitions( 3242): applyDarkIntensity 0.9590572
01-24 23:46:14.389 D/[com.uniqueAndroid.ximalaya]RecommendFragment(17224): onLoading
01-24 23:46:14.392 D/SignalClusterView( 3242): updateMobileTypeImage  0
01-24 23:46:14.393 I/chatty  ( 3242): uid=1000(system) com.android.systemui identical 4 lines
01-24 23:46:14.394 D/SignalClusterView( 3242): updateMobileTypeImage  0
01-24 23:46:14.396 I/TetheringManager(17224): registerTetheringEventCallback:com.uniqueAndroid.ximalaya
01-24 23:46:14.400 W/TelephonyPermissions( 1812): reportAccessDeniedToReadIdentifiers:com.uniqueAndroid.ximalaya:getSerial:-1
01-24 23:46:14.400 W/System.err(17224): java.lang.SecurityException: getSerial: The user 10439 does not meet the requirements to access device identifiers.
01-24 23:46:14.400 W/System.err(17224): 	at android.os.Parcel.createExceptionOrNull(Parcel.java:2376)
01-24 23:46:14.400 W/System.err(17224): 	at android.os.Parcel.createException(Parcel.java:2360)
01-24 23:46:14.400 W/System.err(17224): 	at android.os.Parcel.readException(Parcel.java:2343)
01-24 23:46:14.400 W/System.err(17224): 	at android.os.Parcel.readException(Parcel.java:2285)
01-24 23:46:14.400 W/System.err(17224): 	at android.os.IDeviceIdentifiersPolicyService$Stub$Proxy.getSerialForPackage(IDeviceIdentifiersPolicyService.java:162)
01-24 23:46:14.400 W/System.err(17224): 	at android.os.Build.getSerial(Build.java:175)
01-24 23:46:14.400 W/System.err(17224): 	at com.ximalaya.ting.android.opensdk.datatrasfer.DeviceInfoProviderDefault.getSerialDeviceId(DeviceInfoProviderDefault.java:70)
01-24 23:46:14.400 W/System.err(17224): 	at com.ximalaya.ting.android.opensdk.datatrasfer.DeviceInfoProviderDefault.serial(DeviceInfoProviderDefault.java:54)
01-24 23:46:14.400 W/System.err(17224): 	at com.ximalaya.ting.android.opensdk.httputil.AddDeviceInfoUtil.setDeviceInfo(AddDeviceInfoUtil.java:65)
01-24 23:46:14.401 W/System.err(17224): 	at com.ximalaya.ting.android.opensdk.httputil.BaseCall.doAsync(BaseCall.java:270)
01-24 23:46:14.401 W/System.err(17224): 	at com.ximalaya.ting.android.opensdk.datatrasfer.AccessTokenBaseCall.doAsync(AccessTokenBaseCall.java:292)
01-24 23:46:14.401 W/System.err(17224): 	at com.ximalaya.ting.android.opensdk.datatrasfer.BaseRequest.baseGetRequest(BaseRequest.java:89)
01-24 23:46:14.401 W/System.err(17224): 	at com.ximalaya.ting.android.opensdk.datatrasfer.CommonRequest.baseGetRequest(CommonRequest.java:661)
01-24 23:46:14.401 W/System.err(17224): 	at com.ximalaya.ting.android.opensdk.datatrasfer.CommonRequest.getGuessLikeAlbum(CommonRequest.java:1205)
01-24 23:46:14.401 W/System.err(17224): 	at com.uniqueAndroid.ximalaya.presenters.RecommendPresenter.getRecommendList(RecommendPresenter.java:48)
01-24 23:46:14.401 W/System.err(17224): 	at com.uniqueAndroid.ximalaya.fragment.RecommendFragment.onSubViewLoaded(RecommendFragment.java:57)
01-24 23:46:14.401 W/System.err(17224): 	at com.uniqueAndroid.ximalaya.base.BaseFragment.onCreateView(BaseFragment.java:18)
01-24 23:46:14.401 W/System.err(17224): 	at androidx.fragment.app.Fragment.performCreateView(Fragment.java:2963)
01-24 23:46:14.401 W/System.err(17224): 	at androidx.fragment.app.FragmentStateManager.createView(FragmentStateManager.java:518)
01-24 23:46:14.401 W/System.err(17224): 	at androidx.fragment.app.FragmentStateManager.moveToExpectedState(FragmentStateManager.java:282)
01-24 23:46:14.401 W/System.err(17224): 	at androidx.fragment.app.FragmentManager.executeOpsTogether(FragmentManager.java:2189)
01-24 23:46:14.401 W/System.err(17224): 	at androidx.fragment.app.FragmentManager.removeRedundantOperationsAndExecute(FragmentManager.java:2100)
01-24 23:46:14.401 W/System.err(17224): 	at androidx.fragment.app.FragmentManager.execSingleAction(FragmentManager.java:1971)
01-24 23:46:14.401 W/System.err(17224): 	at androidx.fragment.app.BackStackRecord.commitNowAllowingStateLoss(BackStackRecord.java:311)
01-24 23:46:14.401 W/System.err(17224): 	at androidx.fragment.app.FragmentPagerAdapter.finishUpdate(FragmentPagerAdapter.java:249)
01-24 23:46:14.401 W/System.err(17224): 	at androidx.viewpager.widget.ViewPager.populate(ViewPager.java:1244)
01-24 23:46:14.401 W/System.err(17224): 	at androidx.viewpager.widget.ViewPager.populate(ViewPager.java:1092)
01-24 23:46:14.401 W/System.err(17224): 	at androidx.viewpager.widget.ViewPager.onMeasure(ViewPager.java:1622)
01-24 23:46:14.401 W/System.err(17224): 	at android.view.View.measure(View.java:25786)
01-24 23:46:14.401 W/System.err(17224): 	at android.view.ViewGroup.measureChildWithMargins(ViewGroup.java:7017)
01-24 23:46:14.401 W/System.err(17224): 	at android.widget.LinearLayout.measureChildBeforeLayout(LinearLayout.java:1552)
01-24 23:46:14.401 W/System.err(17224): 	at android.widget.LinearLayout.measureVertical(LinearLayout.java:842)
01-24 23:46:14.401 W/System.err(17224): 	at android.widget.LinearLayout.onMeasure(LinearLayout.java:721)
01-24 23:46:14.401 W/System.err(17224): 	at android.view.View.measure(View.java:25786)
01-24 23:46:14.401 W/System.err(17224): 	at android.view.ViewGroup.measureChildWithMargins(ViewGroup.java:7017)
01-24 23:46:14.401 W/System.err(17224): 	at android.widget.FrameLayout.onMeasure(FrameLayout.java:194)
01-24 23:46:14.401 W/System.err(17224): 	at android.view.View.measure(View.java:25786)
01-24 23:46:14.401 W/System.err(17224): 	at android.view.ViewGroup.measureChildWithMargins(ViewGroup.java:7017)
01-24 23:46:14.401 W/System.err(17224): 	at android.widget.LinearLayout.measureChildBeforeLayout(LinearLayout.java:1552)
01-24 23:46:14.401 W/System.err(17224): 	at android.widget.LinearLayout.measureVertical(LinearLayout.java:842)
01-24 23:46:14.401 W/System.err(17224): 	at android.widget.LinearLayout.onMeasure(LinearLayout.java:721)
01-24 23:46:14.401 W/System.err(17224): 	at android.view.View.measure(View.java:25786)
01-24 23:46:14.401 W/System.err(17224): 	at android.view.ViewGroup.measureChildWithMargins(ViewGroup.java:7017)
01-24 23:46:14.401 W/System.err(17224): 	at android.widget.FrameLayout.onMeasure(FrameLayout.java:194)
01-24 23:46:14.401 W/System.err(17224): 	at com.android.internal.policy.DecorView.onMeasure(DecorView.java:760)
01-24 23:46:14.402 W/System.err(17224): 	at android.view.View.measure(View.java:25786)
01-24 23:46:14.402 W/System.err(17224): 	at android.view.ViewRootImpl.performMeasure(ViewRootImpl.java:3503)
01-24 23:46:14.402 W/System.err(17224): 	at android.view.ViewRootImpl.measureHierarchy(ViewRootImpl.java:2323)
01-24 23:46:14.402 W/System.err(17224): 	at android.view.ViewRootImpl.performTraversals(ViewRootImpl.java:2584)
01-24 23:46:14.402 W/System.err(17224): 	at android.view.ViewRootImpl.doTraversal(ViewRootImpl.java:2047)
01-24 23:46:14.402 W/System.err(17224): 	at android.view.ViewRootImpl$TraversalRunnable.run(ViewRootImpl.java:8351)
01-24 23:46:14.402 W/System.err(17224): 	at android.view.Choreographer$CallbackRecord.run(Choreographer.java:1058)
01-24 23:46:14.402 W/System.err(17224): 	at android.view.Choreographer.doCallbacks(Choreographer.java:880)
01-24 23:46:14.402 W/System.err(17224): 	at android.view.Choreographer.doFrame(Choreographer.java:813)
01-24 23:46:14.402 W/System.err(17224): 	at android.view.Choreographer$FrameDisplayEventReceiver.run(Choreographer.java:1043)
01-24 23:46:14.402 W/System.err(17224): 	at android.os.Handler.handleCallback(Handler.java:938)
01-24 23:46:14.402 W/System.err(17224): 	at android.os.Handler.dispatchMessage(Handler.java:99)
01-24 23:46:14.402 W/System.err(17224): 	at android.os.Looper.loop(Looper.java:236)
01-24 23:46:14.402 W/System.err(17224): 	at android.app.ActivityThread.main(ActivityThread.java:7876)
01-24 23:46:14.402 W/System.err(17224): 	at java.lang.reflect.Method.invoke(Native Method)
01-24 23:46:14.402 W/System.err(17224): 	at com.android.internal.os.RuntimeInit$MethodAndArgsCaller.run(RuntimeInit.java:656)
01-24 23:46:14.402 W/System.err(17224): 	at com.android.internal.os.ZygoteInit.main(ZygoteInit.java:967)
01-24 23:46:14.402 W/System.err(17224): Caused by: android.os.RemoteException: Remote stack trace:
01-24 23:46:14.402 W/System.err(17224): 	at com.android.internal.telephony.TelephonyPermissions.reportAccessDeniedToReadIdentifiers(TelephonyPermissions.java:385)
01-24 23:46:14.402 W/System.err(17224): 	at com.android.internal.telephony.TelephonyPermissions.checkPrivilegedReadPermissionOrCarrierPrivilegePermission(TelephonyPermissions.java:327)
01-24 23:46:14.402 W/System.err(17224): 	at com.android.internal.telephony.TelephonyPermissions.checkCallingOrSelfReadDeviceIdentifiers(TelephonyPermissions.java:261)
01-24 23:46:14.402 W/System.err(17224): 	at com.android.internal.telephony.TelephonyPermissions.checkCallingOrSelfReadDeviceIdentifiers(TelephonyPermissions.java:237)
01-24 23:46:14.402 W/System.err(17224): 	at com.android.server.os.DeviceIdentifiersPolicyService$DeviceIdentifiersPolicy.getSerialForPackage(DeviceIdentifiersPolicyService.java:68)
01-24 23:46:14.404 D/NavigationBarTransitions( 3242): applyDarkIntensity 0.9925813
01-24 23:46:14.404 D/CompositionEngine(  988): writeOutputDependentGeometryStateToHWC layer[com.android.systemui.ImageWallpaper#0] set Z 134217728 miFodLayer 134217728
01-24 23:46:14.405 D/CompositionEngine(  988): writeOutputDependentGeometryStateToHWC layer[com.miui.home/com.miui.home.launcher.Launcher#0] set Z 134217729 miFodLayer 134217728
01-24 23:46:14.405 D/CompositionEngine(  988): writeOutputDependentGeometryStateToHWC layer[Splash Screen com.uniqueAndroid.ximalaya#0] set Z 134217730 miFodLayer 134217728
01-24 23:46:14.405 D/CompositionEngine(  988): writeOutputDependentGeometryStateToHWC layer[StatusBar#0] set Z 134217731 miFodLayer 134217728
01-24 23:46:14.405 D/CompositionEngine(  988): writeOutputDependentGeometryStateToHWC layer[NavigationBar#0] set Z 134217732 miFodLayer 134217728
01-24 23:46:14.405 D/CompositionEngine(  988): writeOutputDependentGeometryStateToHWC layer[RoundCorner#0] set Z 134217733 miFodLayer 134217728
01-24 23:46:14.405 D/CompositionEngine(  988): writeOutputDependentGeometryStateToHWC layer[RoundCorner#1] set Z 134217734 miFodLayer 134217728
01-24 23:46:14.408 I/SwtichInterceptor(17224): domainInfo=DomainInfo{url='http://api.ximalaya.com/openapi-gateway-app/v2/albums/guess_like?access_token=9d5d8f85433b76f704ef38adaef18a29&app_key=9f9ef8f10bebeaa83e71e62f935bede8&client_os_type=2&device_id=f445dd5ca8b7762f&device_id_type=Android_ID&device_type=2&like_count=50&pack_id=com.app.test.android&sdk_version=v7.5.9&sig=2fa645895c0cf5473fe0c9edf7c5a227', originHost='api.ximalaya.com', newHost='api.ximalaya.com'}
01-24 23:46:14.417 V/WindowManager( 1812): Orientation start waiting for draw, mDrawState=DRAW_PENDING in Window{27ea6df mode=1 rootTaskId=814 u0 com.uniqueAndroid.ximalaya/com.uniqueAndroid.ximalaya.MainActivity}, surfaceController Surface(name=com.uniqueAndroid.ximalaya/com.uniqueAndroid.ximalaya.MainActivity)/@0xd0d1fb
01-24 23:46:14.420 D/NavigationBarTransitions( 3242): applyDarkIntensity 1.0
01-24 23:46:14.421 I/AdrenoGLES-0(17224): QUALCOMM build                   : 191610ae03, Ic907de5ed0
01-24 23:46:14.421 I/AdrenoGLES-0(17224): Build Date                       : 09/17/20
01-24 23:46:14.421 I/AdrenoGLES-0(17224): OpenGL ES Shader Compiler Version: EV031.32.02.01
01-24 23:46:14.421 I/AdrenoGLES-0(17224): Local Branch                     : 
01-24 23:46:14.421 I/AdrenoGLES-0(17224): Remote Branch                    : refs/tags/AU_LINUX_ANDROID_LA.UM.9.12.10.00.00.582.274
01-24 23:46:14.421 I/AdrenoGLES-0(17224): Remote Branch                    : NONE
01-24 23:46:14.421 I/AdrenoGLES-0(17224): Reconstruct Branch               : NOTHING
01-24 23:46:14.421 I/AdrenoGLES-0(17224): Build Config                     : S P 10.0.5 AArch64
01-24 23:46:14.421 I/AdrenoGLES-0(17224): Driver Path                      : /vendor/lib64/egl/libGLESv2_adreno.so
01-24 23:46:14.421 D/CompositionEngine(  988): writeOutputDependentGeometryStateToHWC layer[com.android.systemui.ImageWallpaper#0] set Z 134217728 miFodLayer 134217728
01-24 23:46:14.421 D/CompositionEngine(  988): writeOutputDependentGeometryStateToHWC layer[com.miui.home/com.miui.home.launcher.Launcher#0] set Z 134217729 miFodLayer 134217728
01-24 23:46:14.421 D/CompositionEngine(  988): writeOutputDependentGeometryStateToHWC layer[Splash Screen com.uniqueAndroid.ximalaya#0] set Z 134217730 miFodLayer 134217728
01-24 23:46:14.421 D/CompositionEngine(  988): writeOutputDependentGeometryStateToHWC layer[StatusBar#0] set Z 134217731 miFodLayer 134217728
01-24 23:46:14.421 D/CompositionEngine(  988): writeOutputDependentGeometryStateToHWC layer[NavigationBar#0] set Z 134217732 miFodLayer 134217728
01-24 23:46:14.421 D/CompositionEngine(  988): writeOutputDependentGeometryStateToHWC layer[RoundCorner#0] set Z 134217733 miFodLayer 134217728
01-24 23:46:14.421 D/CompositionEngine(  988): writeOutputDependentGeometryStateToHWC layer[RoundCorner#1] set Z 134217734 miFodLayer 134217728
01-24 23:46:14.424 I/AdrenoGLES-0(17224): PFP: 0x016dd091, ME: 0x00000000
01-24 23:46:14.433 E/SELinux (  599): avc:  denied  { find } for pid=6253 uid=10177 name=tethering scontext=u:r:vendor_systemhelper_app:s0:c512,c768 tcontext=u:object_r:tethering_service:s0 tclass=service_manager permissive=0
01-24 23:46:14.438 D/CompositionEngine(  988): writeOutputDependentGeometryStateToHWC layer[com.android.systemui.ImageWallpaper#0] set Z 134217728 miFodLayer 134217728
01-24 23:46:14.438 D/CompositionEngine(  988): writeOutputDependentGeometryStateToHWC layer[com.miui.home/com.miui.home.launcher.Launcher#0] set Z 134217729 miFodLayer 134217728
01-24 23:46:14.438 D/CompositionEngine(  988): writeOutputDependentGeometryStateToHWC layer[Splash Screen com.uniqueAndroid.ximalaya#0] set Z 134217730 miFodLayer 134217728
01-24 23:46:14.438 D/CompositionEngine(  988): writeOutputDependentGeometryStateToHWC layer[StatusBar#0] set Z 134217731 miFodLayer 134217728
01-24 23:46:14.438 D/CompositionEngine(  988): writeOutputDependentGeometryStateToHWC layer[NavigationBar#0] set Z 134217732 miFodLayer 134217728
01-24 23:46:14.438 D/CompositionEngine(  988): writeOutputDependentGeometryStateToHWC layer[RoundCorner#0] set Z 134217733 miFodLayer 134217728
01-24 23:46:14.438 D/CompositionEngine(  988): writeOutputDependentGeometryStateToHWC layer[RoundCorner#1] set Z 134217734 miFodLayer 134217728
01-24 23:46:14.443 D/NavBarTintController( 3242): onSampleCollected 0.99242425
01-24 23:46:14.444 I/ANDR-PERF-LM(  942): LMPerfGlue: perfmodule_submit_request() 132: perfmodule_submit_request()
01-24 23:46:14.444 I/ANDR-PERF-LM(  942): Core: getInstance() 84: LM getInstance
01-24 23:46:14.444 I/ANDR-PERF-LM(  942): WQ: push() 59: LMTriggerQ push() size=0
01-24 23:46:14.444 I/ANDR-PERF-LM(  942): WQ: push() 61: LMTriggerQ push() done size=1
01-24 23:46:14.444 I/ANDR-PERF-LM(  942): WQ: pop() 42: LMTriggerQ pop() done size=0
01-24 23:46:14.444 I/ANDR-PERF-LM(  942): Core: lmMain() 373: Waiting on trigger Queue
01-24 23:46:14.444 I/ANDR-PERF-LM(  942): WQ: pop() 31: LMTriggerQ pop() size=0
01-24 23:46:14.445 D/ArtManagerInternalImpl( 1812): /data/misc/iorapd/com.uniqueAndroid.ximalaya/1/com.uniqueAndroid.ximalaya.MainActivity/compiled_traces/compiled_trace.pb doesn't exist
01-24 23:46:14.445 D/EventSequenceValidator( 1812): Transition from ACTIVITY_LAUNCHED to ACTIVITY_FINISHED
01-24 23:46:14.445 I/ActivityTaskManager( 1812): Displayed com.uniqueAndroid.ximalaya/.MainActivity: +431ms
01-24 23:46:14.446 I/ANDR-PERF-LM(  942): LMPerfGlue: perfmodule_submit_request() 132: perfmodule_submit_request()
01-24 23:46:14.446 I/ANDR-PERF-LM(  942): Core: getInstance() 84: LM getInstance
