01-24 23:46:18.831 V/ActivityTaskManager( 1812): Calling mServicetracker.OnActivityStateChange with flag truestatePAUSING
01-24 23:46:18.831 I/ANDR-PERF-LM(  942): MetaMeter: isValidAsync() 194: AsyncInfo: hintID = 4098
01-24 23:46:18.831 I/ANDR-PERF-LM(  942): hintType: -1
01-24 23:46:18.831 I/ANDR-PERF-LM(  942): isPrimary = 0
01-24 23:46:18.831 I/ANDR-PERF-LM(  942): MetaMeter: isValidAsync() 196: (hintID,hintType,Primary) = (4098, -1, 1)
01-24 23:46:18.831 D/ActivityTrigger( 1812): ActivityTrigger activityPauseTrigger 
01-24 23:46:18.831 I/ANDR-PERF-LM(  942): MetaMeter: handleAsync() 173: AdaptLaunch MetaMeter handleAsync start() Entry
01-24 23:46:18.831 I/ANDR-PERF-LM(  942): MetaMeter: isPrimaryASync() 185: (hintID,hintType,Primary) = (4098, -1, 1)
01-24 23:46:18.831 D/ANDR-PERF-LM(  942): MetaMeter: handlePrimaryAsync() 102: AdaptLaunch MeterMgr-1 oldState = 0, newState = 1, asyncId = 4098
01-24 23:46:18.831 D/ANDR-PERF-LM(  942): MetaMeter: handlePrimaryAsync() 109: AdaptLaunch starting meters 1
01-24 23:46:18.831 I/ANDR-PERF-LM(  942): MetaMeter: startMeters() 221: AsyncInfo:(hintID,hintType,Primary,MeterHelper,started)=(4098,-1,1,0xb400007290c66a00,0)
01-24 23:46:18.831 I/ANDR-PERF-LM(  942): Meter: asyncTriggerUpdate() 63: (hintID,hintType,meterName) = (4098, -1,VmRss)
01-24 23:46:18.831 D/ANDR-PERF-LM(  942): ThreadHelper: wakeUp() 103: (Meter,Helper,Name,pending)=(0xb400007290c2c8c0,0xb400007290c66aa0,AdaptLaunch VmRss,1)
01-24 23:46:18.831 I/ANDR-PERF-LM(  942): LMPerfGlue: perfmodule_submit_request() 132: perfmodule_submit_request()
01-24 23:46:18.831 I/ANDR-PERF-LM(  942): Core: getInstance() 84: LM getInstance
01-24 23:46:18.831 I/ANDR-PERF-LM(  942): WQ: push() 59: LMTriggerQ push() size=0
01-24 23:46:18.831 I/ANDR-PERF-LM(  942): WQ: push() 61: LMTriggerQ push() done size=1
01-24 23:46:18.831 D/ANDR-PERF-LM(  942): MetaMeter: restoreMeterMgr() 66: AdaptLaunch Setting Stop Notification. (index,state)=(0,1)
01-24 23:46:18.831 D/ANDR-PERF-LM(  942): MetaMeter: restoreMeterMgr() 68: AdaptLaunch Setting Stop Notification  (index,state)=(0,2)
01-24 23:46:18.831 D/ANDR-PERF-LM(  942): ThreadHelper: thread_callback() 149: Starting:(Meter,Helper,Name,pending)=(0xb400007290c2c8c0,0xb400007290c66aa0,AdaptLaunch VmRss,0) 
01-24 23:46:18.831 I/ANDR-PERF-LM(  942): Meter: asyncTriggerUpdate() 55:  stop notification on VmRss
01-24 23:46:18.831 I/ANDR-PERF-LM(  942): MetaMeter: handleAsync() 189: AdaptLaunch MetaMeter handleAsync End() Exit
01-24 23:46:18.831 I/ANDR-PERF-LM(  942): Core: lmMain() 391: runAsync for AdaptLaunch returned
01-24 23:46:18.831 I/ANDR-PERF-LM(  942): Core: lmMain() 381: Calling runAsync for GameOptimization
01-24 23:46:18.831 D/ANDR-PERF-LM(  942): Feature: lookup() 101: Feature Name = AppClassifier, total featuers = 3, featureFound = 1
01-24 23:46:18.831 V/ActivityTaskManager( 1812): Calling mServicetracker.OnActivityStateChange with flag falsestatePAUSING
01-24 23:46:18.831 D/ANDR-PERF-LM(  942): Feature: getData() 112: data.data = 0
01-24 23:46:18.831 I/ANDR-PERF-LM(  942): Core: lmMain() 391: runAsync for GameOptimization returned
01-24 23:46:18.831 I/ANDR-PERF-LM(  942): Core: lmMain() 373: Waiting on trigger Queue
01-24 23:46:18.831 I/ANDR-PERF-LM(  942): WQ: pop() 31: LMTriggerQ pop() size=1
01-24 23:46:18.831 I/ANDR-PERF-LM(  942): WQ: pop() 42: LMTriggerQ pop() done size=0
01-24 23:46:18.831 I/ANDR-PERF-LM(  942): Core: lmMain() 381: Calling runAsync for AdaptLaunch
01-24 23:46:18.831 I/ANDR-PERF-LM(  942): Core: lmMain() 391: runAsync for AdaptLaunch returned
01-24 23:46:18.831 I/ANDR-PERF-LM(  942): Core: lmMain() 381: Calling runAsync for GameOptimization
01-24 23:46:18.831 D/ANDR-PERF-LM(  942): Feature: lookup() 101: Feature Name = AppClassifier, total featuers = 3, featureFound = 1
01-24 23:46:18.832 D/ANDR-PERF-LM(  942): Feature: getData() 112: data.data = 0
01-24 23:46:18.832 I/ANDR-PERF-LM(  942): Core: lmMain() 391: runAsync for GameOptimization returned
01-24 23:46:18.832 I/ANDR-PERF-LM(  942): Core: lmMain() 373: Waiting on trigger Queue
01-24 23:46:18.832 I/ANDR-PERF-LM(  942): WQ: pop() 31: LMTriggerQ pop() size=0
01-24 23:46:18.834 D/RecommendListAdapter(17224): itemClick --->5
01-24 23:46:18.836 D/CompositionEngine(  988): writeOutputDependentGeometryStateToHWC layer[com.uniqueAndroid.ximalaya/com.uniqueAndroid.ximalaya.MainActivity#0] set Z 134217728 miFodLayer 134217728
01-24 23:46:18.836 D/CompositionEngine(  988): writeOutputDependentGeometryStateToHWC layer[StatusBar#0] set Z 134217729 miFodLayer 134217728
01-24 23:46:18.836 D/CompositionEngine(  988): writeOutputDependentGeometryStateToHWC layer[NavigationBar#0] set Z 134217730 miFodLayer 134217728
01-24 23:46:18.836 D/CompositionEngine(  988): writeOutputDependentGeometryStateToHWC layer[RoundCorner#0] set Z 134217731 miFodLayer 134217728
01-24 23:46:18.836 D/CompositionEngine(  988): writeOutputDependentGeometryStateToHWC layer[RoundCorner#1] set Z 134217732 miFodLayer 134217728
01-24 23:46:18.837 D/EventSequenceValidator( 1812): Transition from INTENT_STARTED to INTENT_FAILED
01-24 23:46:18.840 V/ActivityTaskManager( 1812): Calling mServicetracker.OnActivityStateChange with flag truestatePAUSED
01-24 23:46:18.840 V/ActivityTaskManager( 1812): Calling mServicetracker.OnActivityStateChange with flag falsestatePAUSED
01-24 23:46:18.840 V/ActivityTaskManager( 1812): Calling mServicetracker.OnActivityStateChange with flag truestateRESUMED
01-24 23:46:18.840 I/ANDR-PERF-LM(  942): LMPerfGlue: perfmodule_submit_request() 132: perfmodule_submit_request()
01-24 23:46:18.840 I/ANDR-PERF-LM(  942): Core: getInstance() 84: LM getInstance
01-24 23:46:18.840 I/ANDR-PERF-LM(  942): WQ: push() 59: LMTriggerQ push() size=0
01-24 23:46:18.840 I/ANDR-PERF-LM(  942): WQ: push() 61: LMTriggerQ push() done size=1
01-24 23:46:18.840 I/ANDR-PERF-LM(  942): WQ: pop() 42: LMTriggerQ pop() done size=0
01-24 23:46:18.840 I/ANDR-PERF-LM(  942): Core: lmMain() 381: Calling runAsync for AdaptLaunch
01-24 23:46:18.840 I/ANDR-PERF-LM(  942): MetaMeter: isValidAsync() 194: AsyncInfo: hintID = 4098
01-24 23:46:18.840 I/ANDR-PERF-LM(  942): hintType: -1
01-24 23:46:18.840 I/ANDR-PERF-LM(  942): isPrimary = 0
01-24 23:46:18.840 I/ANDR-PERF-LM(  942): MetaMeter: isValidAsync() 196: (hintID,hintType,Primary) = (4098, -1, 1)
01-24 23:46:18.840 I/ActivityTaskManager( 1812): The Process com.uniqueAndroid.ximalaya Already Exists in BG. So sending its PID: 17224
01-24 23:46:18.840 I/ANDR-PERF-LM(  942): LMPerfGlue: perfmodule_submit_request() 132: perfmodule_submit_request()
01-24 23:46:18.840 D/NavBarTintController( 3242): onSampleCollected 1.0
01-24 23:46:18.840 I/ANDR-PERF-LM(  942): Core: getInstance() 84: LM getInstance
01-24 23:46:18.840 I/ANDR-PERF-LM(  942): WQ: push() 59: LMTriggerQ push() size=0
01-24 23:46:18.840 I/ANDR-PERF-LM(  942): WQ: push() 61: LMTriggerQ push() done size=1
01-24 23:46:18.840 W/ActivityTaskManager( 1812): Tried to set launchTime (0) < mLastActivityLaunchTime (152718162)
01-24 23:46:18.841 I/ANDR-PERF-LM(  942): MetaMeter: handleAsync() 173: AdaptLaunch MetaMeter handleAsync start() Entry
01-24 23:46:18.841 I/ANDR-PERF-LM(  942): MetaMeter: isPrimaryASync() 185: (hintID,hintType,Primary) = (4098, -1, 1)
01-24 23:46:18.841 W/ANDR-PERF-LM(  942): MetaMeter: handlePrimaryAsync() 116: AdaptLaunch MetaMeter. No MeterMgr Available to handle this Primary Async. !!!!
01-24 23:46:18.841 I/ANDR-PERF-LM(  942): MetaMeter: handleAsync() 189: AdaptLaunch MetaMeter handleAsync End() Exit
01-24 23:46:18.841 I/ANDR-PERF-LM(  942): MetaMeter: isValidAsync() 194: AsyncInfo: hintID = 4098
01-24 23:46:18.841 I/ANDR-PERF-LM(  942): hintType: -1
01-24 23:46:18.841 I/ANDR-PERF-LM(  942): isPrimary = 0
01-24 23:46:18.841 I/ANDR-PERF-LM(  942): MetaMeter: isValidAsync() 196: (hintID,hintType,Primary) = (4098, -1, 1)
01-24 23:46:18.841 I/ANDR-PERF-LM(  942): MetaMeter: handleAsync() 173: AdaptLaunch MetaMeter handleAsync start() Entry
01-24 23:46:18.841 I/ANDR-PERF-LM(  942): MetaMeter: isPrimaryASync() 185: (hintID,hintType,Primary) = (4098, -1, 1)
01-24 23:46:18.841 W/ANDR-PERF-LM(  942): MetaMeter: handlePrimaryAsync() 116: AdaptLaunch MetaMeter. No MeterMgr Available to handle this Primary Async. !!!!
01-24 23:46:18.841 I/ANDR-PERF-LM(  942): MetaMeter: handleAsync() 189: AdaptLaunch MetaMeter handleAsync End() Exit
01-24 23:46:18.841 I/ANDR-PERF-LM(  942): Core: lmMain() 391: runAsync for AdaptLaunch returned
01-24 23:46:18.841 I/ANDR-PERF-LM(  942): Core: lmMain() 381: Calling runAsync for GameOptimization
01-24 23:46:18.841 D/ANDR-PERF-LM(  942): Feature: lookup() 101: Feature Name = AppClassifier, total featuers = 3, featureFound = 1
01-24 23:46:18.841 D/ANDR-PERF-LM(  942): Feature: getData() 112: data.data = 0
01-24 23:46:18.841 I/ANDR-PERF-LM(  942): Core: lmMain() 391: runAsync for GameOptimization returned
01-24 23:46:18.841 D/CompatibilityInfo( 1812): mCompatibilityFlags - 0
01-24 23:46:18.841 D/CompatibilityInfo( 1812): applicationDensity - 440
01-24 23:46:18.841 I/ANDR-PERF-LM(  942): Core: lmMain() 373: Waiting on trigger Queue
01-24 23:46:18.841 I/ANDR-PERF-LM(  942): WQ: pop() 31: LMTriggerQ pop() size=1
01-24 23:46:18.841 D/CompatibilityInfo( 1812): applicationScale - 1.0
01-24 23:46:18.841 I/ANDR-PERF-LM(  942): WQ: pop() 42: LMTriggerQ pop() done size=0
01-24 23:46:18.841 I/ANDR-PERF-LM(  942): Core: lmMain() 381: Calling runAsync for AdaptLaunch
01-24 23:46:18.841 I/ANDR-PERF-LM(  942): MetaMeter: isValidAsync() 194: AsyncInfo: hintID = 4225
01-24 23:46:18.841 I/ANDR-PERF-LM(  942): hintType: 102
01-24 23:46:18.841 I/ANDR-PERF-LM(  942): isPrimary = 0
01-24 23:46:18.841 I/ANDR-PERF-LM(  942): MetaMeter: isValidAsync() 203: Invalid (hintID,hintType,appName,duration,appPID,appThreadTID) = (4225, 102,com.uniqueAndroid.ximalaya,17224,1812,7385)
01-24 23:46:18.841 E/ANDR-PERF-LM(  942): MetaMeter: handleAsync() 164: AdaptLaunch Invalid Async
01-24 23:46:18.841 I/ANDR-PERF-LM(  942): Core: lmMain() 391: runAsync for AdaptLaunch returned
01-24 23:46:18.841 I/ANDR-PERF-LM(  942): Core: lmMain() 373: Waiting on trigger Queue
01-24 23:46:18.841 I/ANDR-PERF-LM(  942): WQ: pop() 31: LMTriggerQ pop() size=0
01-24 23:46:18.841 V/ActivityTaskManager( 1812): Calling mServicetracker.OnActivityStateChange with flag truestateRESUMED
01-24 23:46:18.841 V/ActivityTaskManager( 1812): Calling mServicetracker.OnActivityStateChange with flag falsestateRESUMED
01-24 23:46:18.842 I/PeGameController_PeSchedHandler( 8915): handleMessage msg.what:5
01-24 23:46:18.843 I/Timeline( 1812): Timeline: App_transition_ready time:152722940
01-24 23:46:18.849 E/SELinux (  599): avc:  denied  { find } for pid=6253 uid=10177 name=tethering scontext=u:r:vendor_systemhelper_app:s0:c512,c768 tcontext=u:object_r:tethering_service:s0 tclass=service_manager permissive=0
01-24 23:46:18.850 D/ViewContentFactory(17224): initViewContentFetcherClass
01-24 23:46:18.850 I/ContentCatcher(17224): ViewContentFetcher : ViewContentFetcher
01-24 23:46:18.850 D/ViewContentFactory(17224): createInterceptor took 0ms
01-24 23:46:18.853 D/CompositionEngine(  988): writeOutputDependentGeometryStateToHWC layer[com.uniqueAndroid.ximalaya/com.uniqueAndroid.ximalaya.MainActivity#0] set Z 134217728 miFodLayer 134217728
01-24 23:46:18.853 D/CompositionEngine(  988): writeOutputDependentGeometryStateToHWC layer[StatusBar#0] set Z 134217729 miFodLayer 134217728
01-24 23:46:18.853 D/CompositionEngine(  988): writeOutputDependentGeometryStateToHWC layer[NavigationBar#0] set Z 134217730 miFodLayer 134217728
01-24 23:46:18.853 D/CompositionEngine(  988): writeOutputDependentGeometryStateToHWC layer[RoundCorner#0] set Z 134217731 miFodLayer 134217728
01-24 23:46:18.853 D/CompositionEngine(  988): writeOutputDependentGeometryStateToHWC layer[RoundCorner#1] set Z 134217732 miFodLayer 134217728
01-24 23:46:18.866 I/SwtichInterceptor(17224): domainInfo=DomainInfo{url='http://api.ximalaya.com/openapi-gateway-app/albums/browse?access_token=9d5d8f85433b76f704ef38adaef18a29&album_id=30419444&app_key=9f9ef8f10bebeaa83e71e62f935bede8&client_os_type=2&count=50&device_id=f445dd5ca8b7762f&device_id_type=Android_ID&pack_id=com.app.test.android&page=1&sdk_version=v7.5.9&sig=2efd9773baaa83cca5097f2a9368f461&sort=asc', originHost='api.ximalaya.com', newHost='api.ximalaya.com'}
01-24 23:46:18.869 D/MIUIInput( 1812): [FoucsChange]: Display  0 FocusedWindow From Window{27ea6df mode=1 rootTaskId=814 u0 com.uniqueAndroid.ximalaya/com.uniqueAndroid.ximalaya.MainActivity}(1,1)  to null(0,0)
01-24 23:46:18.869 D/CompositionEngine(  988): writeOutputDependentGeometryStateToHWC layer[com.uniqueAndroid.ximalaya/com.uniqueAndroid.ximalaya.MainActivity#0] set Z 134217728 miFodLayer 134217728
01-24 23:46:18.870 D/CompositionEngine(  988): writeOutputDependentGeometryStateToHWC layer[StatusBar#0] set Z 134217729 miFodLayer 134217728
01-24 23:46:18.870 D/CompositionEngine(  988): writeOutputDependentGeometryStateToHWC layer[NavigationBar#0] set Z 134217730 miFodLayer 134217728
01-24 23:46:18.870 D/CompositionEngine(  988): writeOutputDependentGeometryStateToHWC layer[RoundCorner#0] set Z 134217731 miFodLayer 134217728
01-24 23:46:18.870 D/CompositionEngine(  988): writeOutputDependentGeometryStateToHWC layer[RoundCorner#1] set Z 134217732 miFodLayer 134217728
01-24 23:46:18.874 D/RecentsImpl( 3440): mActivityStateObserver com.uniqueAndroid.ximalaya.DetailActivity
01-24 23:46:18.874 W/RecentsImpl( 3440): onResumed className=com.uniqueAndroid.ximalaya.DetailActivity   mIsInAnotherPro=false
01-24 23:46:18.875 D/RecentsImpl( 3440): showNavStubView
01-24 23:46:18.875 W/RecentsImpl( 3440): disableBackStubWindow    disableTouch=false
01-24 23:46:18.875 D/RecentsImpl( 3440): showBackStubWindow  mHasNavigationBar=true   mDisabledByDriveMode=false
01-24 23:46:18.875 W/GestureStubView( 3440): adaptRotation   currentRotation=0   mRotation=0
01-24 23:46:18.876 D/GestureStubView( 3440): resetRenderProperty: showGestureStub
01-24 23:46:18.876 D/GestureStubView( 3440): showGestureStub
01-24 23:46:18.876 W/GestureStubView( 3440): adaptRotation   currentRotation=0   mRotation=0
01-24 23:46:18.876 D/GestureStubView( 3440): resetRenderProperty: showGestureStub
01-24 23:46:18.876 D/GestureStubView( 3440): showGestureStub
01-24 23:46:18.886 D/CompositionEngine(  988): writeOutputDependentGeometryStateToHWC layer[com.uniqueAndroid.ximalaya/com.uniqueAndroid.ximalaya.MainActivity#0] set Z 134217728 miFodLayer 134217728
01-24 23:46:18.886 D/CompositionEngine(  988): writeOutputDependentGeometryStateToHWC layer[StatusBar#0] set Z 134217729 miFodLayer 134217728
01-24 23:46:18.886 D/CompositionEngine(  988): writeOutputDependentGeometryStateToHWC layer[NavigationBar#0] set Z 134217730 miFodLayer 134217728
01-24 23:46:18.886 D/CompositionEngine(  988): writeOutputDependentGeometryStateToHWC layer[RoundCorner#0] set Z 134217731 miFodLayer 134217728
01-24 23:46:18.886 D/CompositionEngine(  988): writeOutputDependentGeometryStateToHWC layer[RoundCorner#1] set Z 134217732 miFodLayer 134217728
01-24 23:46:18.887 I/Timeline( 1812): Timeline: App_transition_ready time:152722983
01-24 23:46:18.888 D/GestureStubView( 3440): gatherTransparentRegion: need render w:54  h:1440
01-24 23:46:18.889 I/Timeline( 1812): Timeline: App_transition_ready time:152722986
01-24 23:46:18.892 V/WindowManager( 1812): Orientation start waiting for draw, mDrawState=DRAW_PENDING in Window{fb1ffcb mode=1 rootTaskId=814 u0 com.uniqueAndroid.ximalaya/com.uniqueAndroid.ximalaya.DetailActivity}, surfaceController Surface(name=com.uniqueAndroid.ximalaya/com.uniqueAndroid.ximalaya.DetailActivity)/@0xc341ec1
01-24 23:46:18.892 I/Timeline( 1812): Timeline: App_transition_ready time:152722989
01-24 23:46:18.897 V/WindowManager( 1812): nav_input_consumer created.
01-24 23:46:18.901 I/Timeline( 1812): Timeline: App_transition_ready time:152722998
01-24 23:46:18.893 I/chatty  ( 3440): uid=10088(com.miui.home) FsGestureSecond identical 1 line
01-24 23:46:18.903 D/GestureStubView( 3440): gatherTransparentRegion: need render w:54  h:1440
01-24 23:46:18.903 D/NavStubView( 3440): gatherTransparentRegion: need render w:1080  h:68
01-24 23:46:18.903 W/NavStubView( 3440): onComputeInternalInsets  bounds=Rect(0, 0 - 1080, 68)   mHideGestureLine=false   mIsShowNavBar=true
01-24 23:46:18.903 E/NavStubView( 3440): onSystemUiFlagsChanged  mIsShowNavBar=false
01-24 23:46:18.904 D/CompositionEngine(  988): writeOutputDependentGeometryStateToHWC layer[com.uniqueAndroid.ximalaya/com.uniqueAndroid.ximalaya.MainActivity#0] set Z 134217728 miFodLayer 134217728
01-24 23:46:18.904 D/CompositionEngine(  988): writeOutputDependentGeometryStateToHWC layer[StatusBar#0] set Z 134217729 miFodLayer 134217728
01-24 23:46:18.904 D/CompositionEngine(  988): writeOutputDependentGeometryStateToHWC layer[NavigationBar#0] set Z 134217730 miFodLayer 134217728
01-24 23:46:18.904 D/CompositionEngine(  988): writeOutputDependentGeometryStateToHWC layer[RoundCorner#0] set Z 134217731 miFodLayer 134217728
01-24 23:46:18.904 D/CompositionEngine(  988): writeOutputDependentGeometryStateToHWC layer[RoundCorner#1] set Z 134217732 miFodLayer 134217728
01-24 23:46:18.909 D/RenderScript HIDL Adaptation(17224): IRenderScriptDevice::getService()
01-24 23:46:18.910 I/hwservicemanager(  600): getTransport: Cannot find entry android.hardware.renderscript@1.0::IDevice/default in either framework or device manifest.
01-24 23:46:18.910 I/ANDR-PERF-LM(  942): LMPerfGlue: perfmodule_submit_request() 132: perfmodule_submit_request()
01-24 23:46:18.910 I/ANDR-PERF-LM(  942): Core: getInstance() 84: LM getInstance
01-24 23:46:18.910 I/ANDR-PERF-LM(  942): WQ: push() 59: LMTriggerQ push() size=0
01-24 23:46:18.910 I/ANDR-PERF-LM(  942): WQ: push() 61: LMTriggerQ push() done size=1
01-24 23:46:18.910 D/RenderScript HIDL Adaptation(17224): IRenderScriptDevice::getService() returned 0x0
01-24 23:46:18.910 D/RenderScript HIDL Adaptation(17224): Using Fallback Path.
01-24 23:46:18.910 I/Timeline( 1812): Timeline: App_transition_ready time:152723007
01-24 23:46:18.910 I/ANDR-PERF-LM(  942): WQ: pop() 42: LMTriggerQ pop() done size=0
01-24 23:46:18.910 I/ANDR-PERF-LM(  942): Core: lmMain() 373: Waiting on trigger Queue
01-24 23:46:18.910 I/ANDR-PERF-LM(  942): WQ: pop() 31: LMTriggerQ pop() size=0
01-24 23:46:18.910 I/ActivityTaskManager( 1812): Displayed com.uniqueAndroid.ximalaya/.DetailActivity: +86ms
01-24 23:46:18.910 I/ANDR-PERF-LM(  942): LMPerfGlue: perfmodule_submit_request() 132: perfmodule_submit_request()
01-24 23:46:18.910 I/ANDR-PERF-LM(  942): Core: getInstance() 84: LM getInstance
01-24 23:46:18.910 D/ANDR-PERF-LM(  942): Feature: lookup() 101: Feature Name = AppClassifier, total featuers = 3, featureFound = 1
01-24 23:46:18.910 D/ANDR-PERF-LM(  942): Feature: getData() 112: data.data = 0
01-24 23:46:18.911 I/ANDR-PERF-LM(  942): FeedbackAPI: getFeedback() 60: app:com.uniqueAndroid.ximalaya feature:AppClassifier feedback = 0
01-24 23:46:18.917 D/ndroid.ximalay(17224): Successfully queried cache dir: /data/user_de/0/com.uniqueAndroid.ximalaya/code_cache
01-24 23:46:18.917 D/RenderScript(17224): Setting cache dir: /data/user_de/0/com.uniqueAndroid.ximalaya/code_cache
01-24 23:46:18.917 V/RenderScript(17224): User-backed allocation failed stride requirement, falling back to separate allocation
01-24 23:46:18.918 V/RenderScript(17224): User-backed allocation failed stride requirement, falling back to separate allocation
01-24 23:46:18.919 D/GestureStubView( 3440): gatherTransparentRegion: need render w:54  h:1440
01-24 23:46:18.919 D/GestureStubView( 3440): gatherTransparentRegion: need render w:54  h:1440
01-24 23:46:18.920 D/MIUIInput( 1812): [FoucsChange]: Display  0 FocusedWindow From null(0,0)  to Window{fb1ffcb mode=1 rootTaskId=814 u0 com.uniqueAndroid.ximalaya/com.uniqueAndroid.ximalaya.DetailActivity}(1,1)
01-24 23:46:18.920 D/CompositionEngine(  988): writeOutputDependentGeometryStateToHWC layer[com.uniqueAndroid.ximalaya/com.uniqueAndroid.ximalaya.MainActivity#0] set Z 134217728 miFodLayer 134217728
01-24 23:46:18.920 D/CompositionEngine(  988): writeOutputDependentGeometryStateToHWC layer[StatusBar#0] set Z 134217729 miFodLayer 134217728
01-24 23:46:18.920 D/CompositionEngine(  988): writeOutputDependentGeometryStateToHWC layer[NavigationBar#0] set Z 134217730 miFodLayer 134217728
01-24 23:46:18.920 D/CompositionEngine(  988): writeOutputDependentGeometryStateToHWC layer[RoundCorner#0] set Z 134217731 miFodLayer 134217728
01-24 23:46:18.920 D/CompositionEngine(  988): writeOutputDependentGeometryStateToHWC layer[RoundCorner#1] set Z 134217732 miFodLayer 134217728
01-24 23:46:18.921 W/NavStubView( 3440): onComputeInternalInsets  bounds=Rect(0, 0 - 1080, 68)   mHideGestureLine=false   mIsShowNavBar=false
01-24 23:46:18.938 D/CompositionEngine(  988): writeOutputDependentGeometryStateToHWC layer[com.uniqueAndroid.ximalaya/com.uniqueAndroid.ximalaya.MainActivity#0] set Z 134217728 miFodLayer 134217728
01-24 23:46:18.938 D/CompositionEngine(  988): writeOutputDependentGeometryStateToHWC layer[com.uniqueAndroid.ximalaya/com.uniqueAndroid.ximalaya.DetailActivity#0] set Z 134217729 miFodLayer 134217728
01-24 23:46:18.938 D/CompositionEngine(  988): writeOutputDependentGeometryStateToHWC layer[StatusBar#0] set Z 134217730 miFodLayer 134217728
01-24 23:46:18.938 D/CompositionEngine(  988): writeOutputDependentGeometryStateToHWC layer[NavigationBar#0] set Z 134217731 miFodLayer 134217728
01-24 23:46:18.938 D/CompositionEngine(  988): writeOutputDependentGeometryStateToHWC layer[RoundCorner#0] set Z 134217732 miFodLayer 134217728
01-24 23:46:18.938 D/CompositionEngine(  988): writeOutputDependentGeometryStateToHWC layer[RoundCorner#1] set Z 134217733 miFodLayer 134217728
01-24 23:46:18.945 D/NavBarTintController( 3242): onSampleCollected 0.9882353
01-24 23:46:18.954 D/CompositionEngine(  988): writeOutputDependentGeometryStateToHWC layer[com.uniqueAndroid.ximalaya/com.uniqueAndroid.ximalaya.MainActivity#0] set Z 134217728 miFodLayer 134217728
01-24 23:46:18.954 D/CompositionEngine(  988): writeOutputDependentGeometryStateToHWC layer[com.uniqueAndroid.ximalaya/com.uniqueAndroid.ximalaya.DetailActivity#0] set Z 134217729 miFodLayer 134217728
01-24 23:46:18.954 D/CompositionEngine(  988): writeOutputDependentGeometryStateToHWC layer[StatusBar#0] set Z 134217730 miFodLayer 134217728
01-24 23:46:18.954 D/CompositionEngine(  988): writeOutputDependentGeometryStateToHWC layer[NavigationBar#0] set Z 134217731 miFodLayer 134217728
01-24 23:46:18.954 D/CompositionEngine(  988): writeOutputDependentGeometryStateToHWC layer[RoundCorner#0] set Z 134217732 miFodLayer 134217728
01-24 23:46:18.954 D/CompositionEngine(  988): writeOutputDependentGeometryStateToHWC layer[RoundCorner#1] set Z 134217733 miFodLayer 134217728
01-24 23:46:18.971 D/CompositionEngine(  988): writeOutputDependentGeometryStateToHWC layer[com.uniqueAndroid.ximalaya/com.uniqueAndroid.ximalaya.MainActivity#0] set Z 134217728 miFodLayer 134217728
01-24 23:46:18.971 D/CompositionEngine(  988): writeOutputDependentGeometryStateToHWC layer[com.uniqueAndroid.ximalaya/com.uniqueAndroid.ximalaya.DetailActivity#0] set Z 134217729 miFodLayer 134217728
01-24 23:46:18.971 D/CompositionEngine(  988): writeOutputDependentGeometryStateToHWC layer[StatusBar#0] set Z 134217730 miFodLayer 134217728
01-24 23:46:18.971 D/CompositionEngine(  988): writeOutputDependentGeometryStateToHWC layer[NavigationBar#0] set Z 134217731 miFodLayer 134217728
01-24 23:46:18.971 D/CompositionEngine(  988): writeOutputDependentGeometryStateToHWC layer[RoundCorner#0] set Z 134217732 miFodLayer 134217728
01-24 23:46:18.971 D/CompositionEngine(  988): writeOutputDependentGeometryStateToHWC layer[RoundCorner#1] set Z 134217733 miFodLayer 134217728
01-24 23:46:18.987 D/CompositionEngine(  988): writeOutputDependentGeometryStateToHWC layer[com.uniqueAndroid.ximalaya/com.uniqueAndroid.ximalaya.MainActivity#0] set Z 134217728 miFodLayer 134217728
01-24 23:46:18.987 D/CompositionEngine(  988): writeOutputDependentGeometryStateToHWC layer[com.uniqueAndroid.ximalaya/com.uniqueAndroid.ximalaya.DetailActivity#0] set Z 134217729 miFodLayer 134217728
01-24 23:46:18.987 D/CompositionEngine(  988): writeOutputDependentGeometryStateToHWC layer[StatusBar#0] set Z 134217730 miFodLayer 134217728
01-24 23:46:18.987 D/CompositionEngine(  988): writeOutputDependentGeometryStateToHWC layer[NavigationBar#0] set Z 134217731 miFodLayer 134217728
01-24 23:46:18.987 D/CompositionEngine(  988): writeOutputDependentGeometryStateToHWC layer[RoundCorner#0] set Z 134217732 miFodLayer 134217728
01-24 23:46:18.987 D/CompositionEngine(  988): writeOutputDependentGeometryStateToHWC layer[RoundCorner#1] set Z 134217733 miFodLayer 134217728
01-24 23:46:19.004 D/CompositionEngine(  988): writeOutputDependentGeometryStateToHWC layer[com.uniqueAndroid.ximalaya/com.uniqueAndroid.ximalaya.MainActivity#0] set Z 134217728 miFodLayer 134217728
01-24 23:46:19.004 D/CompositionEngine(  988): writeOutputDependentGeometryStateToHWC layer[com.uniqueAndroid.ximalaya/com.uniqueAndroid.ximalaya.DetailActivity#0] set Z 134217729 miFodLayer 134217728
01-24 23:46:19.004 D/CompositionEngine(  988): writeOutputDependentGeometryStateToHWC layer[StatusBar#0] set Z 134217730 miFodLayer 134217728
01-24 23:46:19.004 D/CompositionEngine(  988): writeOutputDependentGeometryStateToHWC layer[NavigationBar#0] set Z 134217731 miFodLayer 134217728
01-24 23:46:19.004 D/CompositionEngine(  988): writeOutputDependentGeometryStateToHWC layer[RoundCorner#0] set Z 134217732 miFodLayer 134217728
01-24 23:46:19.004 D/CompositionEngine(  988): writeOutputDependentGeometryStateToHWC layer[RoundCorner#1] set Z 134217733 miFodLayer 134217728
01-24 23:46:19.021 D/CompositionEngine(  988): writeOutputDependentGeometryStateToHWC layer[com.uniqueAndroid.ximalaya/com.uniqueAndroid.ximalaya.MainActivity#0] set Z 134217728 miFodLayer 134217728
01-24 23:46:19.021 D/CompositionEngine(  988): writeOutputDependentGeometryStateToHWC layer[com.uniqueAndroid.ximalaya/com.uniqueAndroid.ximalaya.DetailActivity#0] set Z 134217729 miFodLayer 134217728
01-24 23:46:19.021 D/CompositionEngine(  988): writeOutputDependentGeometryStateToHWC layer[StatusBar#0] set Z 134217730 miFodLayer 134217728
01-24 23:46:19.021 D/CompositionEngine(  988): writeOutputDependentGeometryStateToHWC layer[NavigationBar#0] set Z 134217731 miFodLayer 134217728
01-24 23:46:19.021 D/CompositionEngine(  988): writeOutputDependentGeometryStateToHWC layer[RoundCorner#0] set Z 134217732 miFodLayer 134217728
01-24 23:46:19.021 D/CompositionEngine(  988): writeOutputDependentGeometryStateToHWC layer[RoundCorner#1] set Z 134217733 miFodLayer 134217728
01-24 23:46:19.030 W//vendor/bin/hw/vendor.qti.hardware.perf@2.2-service(  942): type=1400 audit(0.0:10489878): avc: denied { search } for comm=41646170744C61756E636820566D name="1812" dev="proc" ino=650 scontext=u:r:vendor_hal_perf_default:s0 tcontext=u:r:system_server:s0 tclass=dir permissive=0
01-24 23:46:19.030 W//vendor/bin/hw/vendor.qti.hardware.perf@2.2-service(  942): type=1400 audit(0.0:10489879): avc: denied { search } for comm=41646170744C61756E636820566D name="1812" dev="proc" ino=650 scontext=u:r:vendor_hal_perf_default:s0 tcontext=u:r:system_server:s0 tclass=dir permissive=0
01-24 23:46:19.030 W//vendor/bin/hw/vendor.qti.hardware.perf@2.2-service(  942): type=1400 audit(0.0:10489880): avc: denied { search } for comm=41646170744C61756E636820566D name="1818" dev="proc" ino=68324575 scontext=u:r:vendor_hal_perf_default:s0 tcontext=u:r:system_server:s0 tclass=dir permissive=0
01-24 23:46:19.030 W//vendor/bin/hw/vendor.qti.hardware.perf@2.2-service(  942): type=1400 audit(0.0:10489881): avc: denied { search } for comm=41646170744C61756E636820566D name="1818" dev="proc" ino=68324575 scontext=u:r:vendor_hal_perf_default:s0 tcontext=u:r:system_server:s0 tclass=dir permissive=0
01-24 23:46:19.030 W//vendor/bin/hw/vendor.qti.hardware.perf@2.2-service(  942): type=1400 audit(0.0:10489882): avc: denied { search } for comm=41646170744C61756E636820566D name="1819" dev="proc" ino=68324576 scontext=u:r:vendor_hal_perf_default:s0 tcontext=u:r:system_server:s0 tclass=dir permissive=0
01-24 23:46:19.037 D/CompositionEngine(  988): writeOutputDependentGeometryStateToHWC layer[com.uniqueAndroid.ximalaya/com.uniqueAndroid.ximalaya.MainActivity#0] set Z 134217728 miFodLayer 134217728
01-24 23:46:19.037 D/CompositionEngine(  988): writeOutputDependentGeometryStateToHWC layer[com.uniqueAndroid.ximalaya/com.uniqueAndroid.ximalaya.DetailActivity#0] set Z 134217729 miFodLayer 134217728
01-24 23:46:19.037 D/CompositionEngine(  988): writeOutputDependentGeometryStateToHWC layer[StatusBar#0] set Z 134217730 miFodLayer 134217728
01-24 23:46:19.037 D/CompositionEngine(  988): writeOutputDependentGeometryStateToHWC layer[NavigationBar#0] set Z 134217731 miFodLayer 134217728
01-24 23:46:19.037 D/CompositionEngine(  988): writeOutputDependentGeometryStateToHWC layer[RoundCorner#0] set Z 134217732 miFodLayer 134217728
01-24 23:46:19.037 D/CompositionEngine(  988): writeOutputDependentGeometryStateToHWC layer[RoundCorner#1] set Z 134217733 miFodLayer 134217728
01-24 23:46:19.049 E/SELinux (  599): avc:  denied  { find } for pid=6253 uid=10177 name=tethering scontext=u:r:vendor_systemhelper_app:s0:c512,c768 tcontext=u:object_r:tethering_service:s0 tclass=service_manager permissive=0
01-24 23:46:19.054 D/CompositionEngine(  988): writeOutputDependentGeometryStateToHWC layer[com.uniqueAndroid.ximalaya/com.uniqueAndroid.ximalaya.MainActivity#0] set Z 134217728 miFodLayer 134217728
01-24 23:46:19.054 D/CompositionEngine(  988): writeOutputDependentGeometryStateToHWC layer[com.uniqueAndroid.ximalaya/com.uniqueAndroid.ximalaya.DetailActivity#0] set Z 134217729 miFodLayer 134217728
01-24 23:46:19.054 D/CompositionEngine(  988): writeOutputDependentGeometryStateToHWC layer[StatusBar#0] set Z 134217730 miFodLayer 134217728
01-24 23:46:19.054 D/CompositionEngine(  988): writeOutputDependentGeometryStateToHWC layer[NavigationBar#0] set Z 134217731 miFodLayer 134217728
01-24 23:46:19.054 D/CompositionEngine(  988): writeOutputDependentGeometryStateToHWC layer[RoundCorner#0] set Z 134217732 miFodLayer 134217728
01-24 23:46:19.054 D/CompositionEngine(  988): writeOutputDependentGeometryStateToHWC layer[RoundCorner#1] set Z 134217733 miFodLayer 134217728
01-24 23:46:19.061 D/NavBarTintController( 3242): onSampleCollected 0.22296272
01-24 23:46:19.061 D/NavBarTintController( 3242):  updateTint White
01-24 23:46:19.070 D/CompositionEngine(  988): writeOutputDependentGeometryStateToHWC layer[com.uniqueAndroid.ximalaya/com.uniqueAndroid.ximalaya.MainActivity#0] set Z 134217728 miFodLayer 134217728
01-24 23:46:19.070 D/CompositionEngine(  988): writeOutputDependentGeometryStateToHWC layer[com.uniqueAndroid.ximalaya/com.uniqueAndroid.ximalaya.DetailActivity#0] set Z 134217729 miFodLayer 134217728
01-24 23:46:19.070 D/CompositionEngine(  988): writeOutputDependentGeometryStateToHWC layer[StatusBar#0] set Z 134217730 miFodLayer 134217728
01-24 23:46:19.070 D/CompositionEngine(  988): writeOutputDependentGeometryStateToHWC layer[NavigationBar#0] set Z 134217731 miFodLayer 134217728
01-24 23:46:19.070 D/CompositionEngine(  988): writeOutputDependentGeometryStateToHWC layer[RoundCorner#0] set Z 134217732 miFodLayer 134217728
01-24 23:46:19.070 D/CompositionEngine(  988): writeOutputDependentGeometryStateToHWC layer[RoundCorner#1] set Z 134217733 miFodLayer 134217728
01-24 23:46:19.079 I/GatewaySwitchManager(17224): host = api.ximalaya.com idcStr = sh-bs@adse$5#search$20#mobile$10
01-24 23:46:19.087 D/CompositionEngine(  988): writeOutputDependentGeometryStateToHWC layer[com.uniqueAndroid.ximalaya/com.uniqueAndroid.ximalaya.MainActivity#0] set Z 134217728 miFodLayer 134217728
01-24 23:46:19.087 D/CompositionEngine(  988): writeOutputDependentGeometryStateToHWC layer[com.uniqueAndroid.ximalaya/com.uniqueAndroid.ximalaya.DetailActivity#0] set Z 134217729 miFodLayer 134217728
01-24 23:46:19.087 D/CompositionEngine(  988): writeOutputDependentGeometryStateToHWC layer[StatusBar#0] set Z 134217730 miFodLayer 134217728
01-24 23:46:19.087 D/CompositionEngine(  988): writeOutputDependentGeometryStateToHWC layer[NavigationBar#0] set Z 134217731 miFodLayer 134217728
01-24 23:46:19.087 D/CompositionEngine(  988): writeOutputDependentGeometryStateToHWC layer[RoundCorner#0] set Z 134217732 miFodLayer 134217728
01-24 23:46:19.087 D/CompositionEngine(  988): writeOutputDependentGeometryStateToHWC layer[RoundCorner#1] set Z 134217733 miFodLayer 134217728
01-24 23:46:19.104 D/CompositionEngine(  988): writeOutputDependentGeometryStateToHWC layer[com.uniqueAndroid.ximalaya/com.uniqueAndroid.ximalaya.MainActivity#0] set Z 134217728 miFodLayer 134217728
01-24 23:46:19.104 D/CompositionEngine(  988): writeOutputDependentGeometryStateToHWC layer[com.uniqueAndroid.ximalaya/com.uniqueAndroid.ximalaya.DetailActivity#0] set Z 134217729 miFodLayer 134217728
01-24 23:46:19.105 D/CompositionEngine(  988): writeOutputDependentGeometryStateToHWC layer[StatusBar#0] set Z 134217730 miFodLayer 134217728
01-24 23:46:19.105 D/CompositionEngine(  988): writeOutputDependentGeometryStateToHWC layer[NavigationBar#0] set Z 134217731 miFodLayer 134217728
01-24 23:46:19.105 D/CompositionEngine(  988): writeOutputDependentGeometryStateToHWC layer[RoundCorner#0] set Z 134217732 miFodLayer 134217728
01-24 23:46:19.105 D/CompositionEngine(  988): writeOutputDependentGeometryStateToHWC layer[RoundCorner#1] set Z 134217733 miFodLayer 134217728
01-24 23:46:19.121 D/CompositionEngine(  988): writeOutputDependentGeometryStateToHWC layer[com.uniqueAndroid.ximalaya/com.uniqueAndroid.ximalaya.MainActivity#0] set Z 134217728 miFodLayer 134217728
01-24 23:46:19.121 D/CompositionEngine(  988): writeOutputDependentGeometryStateToHWC layer[com.uniqueAndroid.ximalaya/com.uniqueAndroid.ximalaya.DetailActivity#0] set Z 134217729 miFodLayer 134217728
01-24 23:46:19.121 D/CompositionEngine(  988): writeOutputDependentGeometryStateToHWC layer[StatusBar#0] set Z 134217730 miFodLayer 134217728
01-24 23:46:19.121 D/CompositionEngine(  988): writeOutputDependentGeometryStateToHWC layer[NavigationBar#0] set Z 134217731 miFodLayer 134217728
01-24 23:46:19.121 D/CompositionEngine(  988): writeOutputDependentGeometryStateToHWC layer[RoundCorner#0] set Z 134217732 miFodLayer 134217728
01-24 23:46:19.121 D/CompositionEngine(  988): writeOutputDependentGeometryStateToHWC layer[RoundCorner#1] set Z 134217733 miFodLayer 134217728
01-24 23:46:19.137 D/CompositionEngine(  988): writeOutputDependentGeometryStateToHWC layer[com.uniqueAndroid.ximalaya/com.uniqueAndroid.ximalaya.MainActivity#0] set Z 134217728 miFodLayer 134217728
01-24 23:46:19.137 D/CompositionEngine(  988): writeOutputDependentGeometryStateToHWC layer[com.uniqueAndroid.ximalaya/com.uniqueAndroid.ximalaya.DetailActivity#0] set Z 134217729 miFodLayer 134217728
01-24 23:46:19.137 D/CompositionEngine(  988): writeOutputDependentGeometryStateToHWC layer[StatusBar#0] set Z 134217730 miFodLayer 134217728
01-24 23:46:19.137 D/CompositionEngine(  988): writeOutputDependentGeometryStateToHWC layer[NavigationBar#0] set Z 134217731 miFodLayer 134217728
01-24 23:46:19.137 D/CompositionEngine(  988): writeOutputDependentGeometryStateToHWC layer[RoundCorner#0] set Z 134217732 miFodLayer 134217728
01-24 23:46:19.137 D/CompositionEngine(  988): writeOutputDependentGeometryStateToHWC layer[RoundCorner#1] set Z 134217733 miFodLayer 134217728
01-24 23:46:19.154 D/CompositionEngine(  988): writeOutputDependentGeometryStateToHWC layer[com.uniqueAndroid.ximalaya/com.uniqueAndroid.ximalaya.MainActivity#0] set Z 134217728 miFodLayer 134217728
01-24 23:46:19.154 D/CompositionEngine(  988): writeOutputDependentGeometryStateToHWC layer[com.uniqueAndroid.ximalaya/com.uniqueAndroid.ximalaya.DetailActivity#0] set Z 134217729 miFodLayer 134217728
01-24 23:46:19.154 D/CompositionEngine(  988): writeOutputDependentGeometryStateToHWC layer[StatusBar#0] set Z 134217730 miFodLayer 134217728
01-24 23:46:19.154 D/CompositionEngine(  988): writeOutputDependentGeometryStateToHWC layer[NavigationBar#0] set Z 134217731 miFodLayer 134217728
01-24 23:46:19.154 D/CompositionEngine(  988): writeOutputDependentGeometryStateToHWC layer[RoundCorner#0] set Z 134217732 miFodLayer 134217728
01-24 23:46:19.154 D/CompositionEngine(  988): writeOutputDependentGeometryStateToHWC layer[RoundCorner#1] set Z 134217733 miFodLayer 134217728
01-24 23:46:19.161 D/NavBarTintController( 3242): onSampleCollected 0.103672996
01-24 23:46:19.161 D/NavBarTintController( 3242):  updateTint White
01-24 23:46:19.166 D/[com.uniqueAndroid.ximalaya]AlbumDetailPresenter(17224): tracks size--->50
01-24 23:46:19.166 D/AndroidRuntime(17224): Shutting down VM
--------- beginning of crash
01-24 23:46:19.167 E/AndroidRuntime(17224): FATAL EXCEPTION: main
01-24 23:46:19.167 E/AndroidRuntime(17224): Process: com.uniqueAndroid.ximalaya, PID: 17224
01-24 23:46:19.167 E/AndroidRuntime(17224): java.lang.NullPointerException: Attempt to invoke virtual method 'void com.uniqueAndroid.ximalaya.adapters.DetailListAdapter.setData(java.util.List)' on a null object reference
01-24 23:46:19.167 E/AndroidRuntime(17224): 	at com.uniqueAndroid.ximalaya.DetailActivity.onDetailListLoaded(DetailActivity.java:117)
01-24 23:46:19.167 E/AndroidRuntime(17224): 	at com.uniqueAndroid.ximalaya.presenters.AlbumDetailPresenter.handlerAlbumDetailResult(AlbumDetailPresenter.java:90)
01-24 23:46:19.167 E/AndroidRuntime(17224): 	at com.uniqueAndroid.ximalaya.presenters.AlbumDetailPresenter.access$000(AlbumDetailPresenter.java:22)
01-24 23:46:19.167 E/AndroidRuntime(17224): 	at com.uniqueAndroid.ximalaya.presenters.AlbumDetailPresenter$1.onSuccess(AlbumDetailPresenter.java:69)
01-24 23:46:19.167 E/AndroidRuntime(17224): 	at com.uniqueAndroid.ximalaya.presenters.AlbumDetailPresenter$1.onSuccess(AlbumDetailPresenter.java:63)
01-24 23:46:19.167 E/AndroidRuntime(17224): 	at com.ximalaya.ting.android.opensdk.httputil.ExecutorDelivery$ResponseDeliveryRunnable.run(ExecutorDelivery.java:93)
01-24 23:46:19.167 E/AndroidRuntime(17224): 	at android.os.Handler.handleCallback(Handler.java:938)
01-24 23:46:19.167 E/AndroidRuntime(17224): 	at android.os.Handler.dispatchMessage(Handler.java:99)
01-24 23:46:19.167 E/AndroidRuntime(17224): 	at android.os.Looper.loop(Looper.java:236)
01-24 23:46:19.167 E/AndroidRuntime(17224): 	at android.app.ActivityThread.main(ActivityThread.java:7876)
01-24 23:46:19.167 E/AndroidRuntime(17224): 	at java.lang.reflect.Method.invoke(Native Method)
01-24 23:46:19.167 E/AndroidRuntime(17224): 	at com.android.internal.os.RuntimeInit$MethodAndArgsCaller.run(RuntimeInit.java:656)
01-24 23:46:19.167 E/AndroidRuntime(17224): 	at com.android.internal.os.ZygoteInit.main(ZygoteInit.java:967)
01-24 23:46:19.169 E/OOMEventManager( 6137): oom event not support this pkg, dismiss this!
01-24 23:46:19.169 D/OOMEventManagerFK(17224): checkEventAndDumpForJE: 0
01-24 23:46:19.169 W/MQSEventManager( 6137): jeoccur
01-24 23:46:19.169 D/NavigationBarTransitions( 3242): applyDarkIntensity 0.99732834
01-24 23:46:19.171 D/CompositionEngine(  988): writeOutputDependentGeometryStateToHWC layer[com.uniqueAndroid.ximalaya/com.uniqueAndroid.ximalaya.MainActivity#0] set Z 134217728 miFodLayer 134217728
01-24 23:46:19.171 D/CompositionEngine(  988): writeOutputDependentGeometryStateToHWC layer[com.uniqueAndroid.ximalaya/com.uniqueAndroid.ximalaya.DetailActivity#0] set Z 134217729 miFodLayer 134217728
01-24 23:46:19.171 D/CompositionEngine(  988): writeOutputDependentGeometryStateToHWC layer[StatusBar#0] set Z 134217730 miFodLayer 134217728
01-24 23:46:19.171 D/CompositionEngine(  988): writeOutputDependentGeometryStateToHWC layer[NavigationBar#0] set Z 134217731 miFodLayer 134217728
01-24 23:46:19.171 D/CompositionEngine(  988): writeOutputDependentGeometryStateToHWC layer[RoundCorner#0] set Z 134217732 miFodLayer 134217728
01-24 23:46:19.171 D/CompositionEngine(  988): writeOutputDependentGeometryStateToHWC layer[RoundCorner#1] set Z 134217733 miFodLayer 134217728
01-24 23:46:19.173 W/MQSEventManager( 6137): begin to storeEvent
01-24 23:46:19.173 W/ActivityTaskManager( 1812):   Force finishing activity com.uniqueAndroid.ximalaya/.DetailActivity
01-24 23:46:19.174 V/ActivityTaskManager( 1812): Calling mServicetracker.OnActivityStateChange with flag truestatePAUSING
01-24 23:46:19.174 D/ActivityTrigger( 1812): ActivityTrigger activityPauseTrigger 
01-24 23:46:19.174 I/ANDR-PERF-LM(  942): LMPerfGlue: perfmodule_submit_request() 132: perfmodule_submit_request()
01-24 23:46:19.174 I/ANDR-PERF-LM(  942): Core: getInstance() 84: LM getInstance
01-24 23:46:19.174 I/ANDR-PERF-LM(  942): WQ: push() 59: LMTriggerQ push() size=0
01-24 23:46:19.174 I/ANDR-PERF-LM(  942): WQ: push() 61: LMTriggerQ push() done size=1
01-24 23:46:19.174 I/ANDR-PERF-LM(  942): WQ: pop() 42: LMTriggerQ pop() done size=0
01-24 23:46:19.174 V/ActivityTaskManager( 1812): Calling mServicetracker.OnActivityStateChange with flag falsestatePAUSING
01-24 23:46:19.174 I/ANDR-PERF-LM(  942): Core: lmMain() 381: Calling runAsync for AdaptLaunch
01-24 23:46:19.174 I/ANDR-PERF-LM(  942): Core: lmMain() 391: runAsync for AdaptLaunch returned
01-24 23:46:19.174 I/ANDR-PERF-LM(  942): Core: lmMain() 381: Calling runAsync for GameOptimization
01-24 23:46:19.174 D/ANDR-PERF-LM(  942): Feature: lookup() 101: Feature Name = AppClassifier, total featuers = 3, featureFound = 1
01-24 23:46:19.175 D/ANDR-PERF-LM(  942): Feature: getData() 112: data.data = 0
01-24 23:46:19.175 I/ANDR-PERF-LM(  942): Core: lmMain() 391: runAsync for GameOptimization returned
01-24 23:46:19.175 I/ANDR-PERF-LM(  942): Core: lmMain() 373: Waiting on trigger Queue
01-24 23:46:19.175 I/ANDR-PERF-LM(  942): WQ: pop() 31: LMTriggerQ pop() size=0
01-24 23:46:19.175 W/ActivityTaskManager( 1812):   Force finishing activity com.uniqueAndroid.ximalaya/.MainActivity
01-24 23:46:19.176 V/ActivityTaskManager( 1812): Calling mServicetracker.OnActivityStateChange with flag truestateSTOPPING
01-24 23:46:19.176 V/ActivityTaskManager( 1812): Calling mServicetracker.OnActivityStateChange with flag falsestateSTOPPING
01-24 23:46:19.177 D/MQSEventManager( 6137): send MSG_JUDGE_TRANSMISSION packageName com.uniqueAndroid.ximalaya
01-24 23:46:19.177 D/MQSRuleManager( 6137): Begin to match mqsas rules
01-24 23:46:19.177 I/DropBoxManagerService( 1812): add tag=data_app_crash isTagEnabled=true flags=0x2
01-24 23:46:19.178 I/Process (17224): Sending signal. PID: 17224 SIG: 9
01-24 23:46:19.178 D/ActivityManager( 1812): report kill process: killerPid is:17224, killedPid is:17224
01-24 23:46:19.179 D/MQSEventManager( 6137): begin call thirdappassistant
01-24 23:46:19.180 I/ThirdAppAssistant( 9283): ThirdAppAssistantProvider ThirdAppAssistant is queried
01-24 23:46:19.181 W/MQSActionExecutor( 6137): action is null!
01-24 23:46:19.181 W/MQSEventManager( 6137): executeResult is 2
01-24 23:46:19.187 D/NavigationBarTransitions( 3242): applyDarkIntensity 0.90336776
01-24 23:46:19.188 D/MIUIInput( 1812): [FoucsChange]: Display  0 FocusedWindow From Window{fb1ffcb mode=1 rootTaskId=814 u0 com.uniqueAndroid.ximalaya/com.uniqueAndroid.ximalaya.DetailActivity}(1,1)  to null(0,0)
01-24 23:46:19.188 W/DropBoxManagerService( 1812): Dropping: data_app_crash (1479 > 0 bytes)
01-24 23:46:19.188 D/CompositionEngine(  988): writeOutputDependentGeometryStateToHWC layer[com.uniqueAndroid.ximalaya/com.uniqueAndroid.ximalaya.MainActivity#0] set Z 134217728 miFodLayer 134217728
01-24 23:46:19.188 D/CompositionEngine(  988): writeOutputDependentGeometryStateToHWC layer[com.uniqueAndroid.ximalaya/com.uniqueAndroid.ximalaya.DetailActivity#0] set Z 134217729 miFodLayer 134217728
01-24 23:46:19.188 D/CompositionEngine(  988): writeOutputDependentGeometryStateToHWC layer[StatusBar#0] set Z 134217730 miFodLayer 134217728
01-24 23:46:19.188 D/CompositionEngine(  988): writeOutputDependentGeometryStateToHWC layer[NavigationBar#0] set Z 134217731 miFodLayer 134217728
01-24 23:46:19.188 D/CompositionEngine(  988): writeOutputDependentGeometryStateToHWC layer[RoundCorner#0] set Z 134217732 miFodLayer 134217728
01-24 23:46:19.188 D/CompositionEngine(  988): writeOutputDependentGeometryStateToHWC layer[RoundCorner#1] set Z 134217733 miFodLayer 134217728
01-24 23:46:19.190 I/MiuiNetworkPolicy( 1812): updateUidState uid = 10140, uidState = 3
01-24 23:46:19.190 I/MiuiNetworkPolicy( 1812): updateUidState uid = 10088, uidState = 2
01-24 23:46:19.190 I/MiuiNetworkPolicyTrafficLimit( 1812): updateWhiteListUidForMobileTraffic uid=10088,add=true
01-24 23:46:19.190 I/MiuiNetworkPolicy( 1812): updateUidState uid = 10073, uidState = 3
01-24 23:46:19.190 I/MiuiNetworkPolicyTrafficLimit( 1812): updateWhiteListUidForMobileTraffic uid=10073,add=true
01-24 23:46:19.190 E/traffic (  797): add TrafficMobileLimiter whitelist 10088
01-24 23:46:19.191 D/MiuiNetworkPolicyTrafficLimit( 1812): updateWhiteListUidForMobileTraffic rst=true
01-24 23:46:19.191 E/traffic (  797): add TrafficMobileLimiter whitelist 10073
01-24 23:46:19.192 D/MiuiNetworkPolicyTrafficLimit( 1812): updateWhiteListUidForMobileTraffic rst=true
01-24 23:46:19.192 W/BroadcastQueue( 1812): Background execution not allowed: receiving Intent { act=android.intent.action.DROPBOX_ENTRY_ADDED flg=0x10 (has extras) } to com.google.android.gms/.stats.service.DropBoxEntryAddedReceiver
01-24 23:46:19.192 W/BroadcastQueue( 1812): Background execution not allowed: receiving Intent { act=android.intent.action.DROPBOX_ENTRY_ADDED flg=0x10 (has extras) } to com.google.android.gms/.chimera.GmsIntentOperationService$PersistentTrustedReceiver
01-24 23:46:19.192 I/CloudSettingsProvider(15650): uriMatch : 2
01-24 23:46:19.194 D/AppOpsAdapter( 7976): using permission notify! 32
01-24 23:46:19.195 D/CompatibilityInfo( 1812): mCompatibilityFlags - 0
01-24 23:46:19.195 D/CompatibilityInfo( 1812): applicationDensity - 440
01-24 23:46:19.195 D/CompatibilityInfo( 1812): applicationScale - 1.0
01-24 23:46:19.195 D/AppChangedListener( 4688): get package name by pid:com.miui.home
01-24 23:46:19.195 D/AppChangedListener( 4688): packageName:com.miui.home,current:com.uniqueAndroid.ximalaya
01-24 23:46:19.195 D/AppChangedListener( 4688): onAppChanged...com.miui.home
01-24 23:46:19.195 D/AppChangedListener( 4688): onAppChanged notify listener:h
01-24 23:46:19.195 E/AppBackListener( 4688): onTopAppChanged newApp=com.miui.home,oldApp=com.uniqueAndroid.ximalaya,mPersistentApp=null,innerApp=false
01-24 23:46:19.196 W/LingXiViewManager( 4688): hide failed for LingXiView is null
01-24 23:46:19.196 D/AppChangedListener( 4688): onAppChanged notify listener:
01-24 23:46:19.196 D/AppChangedListener( 4688): onAppChanged notify listener:k
01-24 23:46:19.196 I/HybridLifecycleListener( 4688): onTopAppChanged: newApp=com.miui.home from=com.uniqueAndroid.ximalaya fromPkg=com.miui.home
01-24 23:46:19.197 I/CloudSettingsProvider(15650): uriMatch : 2
01-24 23:46:19.198 I/CloudSettingsProvider(15650): uriMatch : 2
01-24 23:46:19.203 I/MiuiNetworkPolicy( 1812): updateUidState uid = 10134, uidState = 5
01-24 23:46:19.203 I/MiuiNetworkPolicy( 1812): updateUidState uid = 10102, uidState = 5
01-24 23:46:19.203 D/NavigationBarTransitions( 3242): applyDarkIntensity 0.61126894
01-24 23:46:19.204 I/ActivityManager( 1812): Process com.uniqueAndroid.ximalaya (pid 17224) has died: prcp TOP 
01-24 23:46:19.205 I/ANDR-PERF-LM(  942): LMPerfGlue: perfmodule_submit_request() 132: perfmodule_submit_request()
01-24 23:46:19.205 I/ANDR-PERF-LM(  942): Core: getInstance() 84: LM getInstance
01-24 23:46:19.205 I/ANDR-PERF-LM(  942): WQ: push() 59: LMTriggerQ push() size=0
01-24 23:46:19.205 I/ANDR-PERF-LM(  942): WQ: push() 61: LMTriggerQ push() done size=1
01-24 23:46:19.205 I/WindowManager( 1812): WIN DEATH: Window{fb1ffcb mode=1 rootTaskId=814 u0 com.uniqueAndroid.ximalaya/com.uniqueAndroid.ximalaya.DetailActivity}
01-24 23:46:19.205 W/InputDispatcher( 1812): Attempted to unregister already unregistered input channel 'fb1ffcb com.uniqueAndroid.ximalaya/com.uniqueAndroid.ximalaya.DetailActivity (server)'
01-24 23:46:19.206 D/CompositionEngine(  988): writeOutputDependentGeometryStateToHWC layer[com.uniqueAndroid.ximalaya/com.uniqueAndroid.ximalaya.MainActivity#0] set Z 134217728 miFodLayer 134217728
01-24 23:46:19.206 I/Zygote  (  798): Process 17224 exited due to signal 9 (Killed)
01-24 23:46:19.206 D/CompositionEngine(  988): writeOutputDependentGeometryStateToHWC layer[com.uniqueAndroid.ximalaya/com.uniqueAndroid.ximalaya.DetailActivity#0] set Z 134217729 miFodLayer 134217728
01-24 23:46:19.206 D/CompositionEngine(  988): writeOutputDependentGeometryStateToHWC layer[StatusBar#0] set Z 134217730 miFodLayer 134217728
01-24 23:46:19.206 D/CompositionEngine(  988): writeOutputDependentGeometryStateToHWC layer[NavigationBar#0] set Z 134217731 miFodLayer 134217728
01-24 23:46:19.206 D/CompositionEngine(  988): writeOutputDependentGeometryStateToHWC layer[RoundCorner#0] set Z 134217732 miFodLayer 134217728
01-24 23:46:19.206 D/CompositionEngine(  988): writeOutputDependentGeometryStateToHWC layer[RoundCorner#1] set Z 134217733 miFodLayer 134217728
01-24 23:46:19.206 I/ANDR-PERF-LM(  942): WQ: pop() 42: LMTriggerQ pop() done size=0
01-24 23:46:19.206 I/ANDR-PERF-LM(  942): Core: lmMain() 373: Waiting on trigger Queue
01-24 23:46:19.206 I/ANDR-PERF-LM(  942): WQ: pop() 31: LMTriggerQ pop() size=0
01-24 23:46:19.206 I/WindowManager( 1812): WIN DEATH: Window{27ea6df mode=1 rootTaskId=814 u0 com.uniqueAndroid.ximalaya/com.uniqueAndroid.ximalaya.MainActivity}
01-24 23:46:19.206 W/InputDispatcher( 1812): Attempted to unregister already unregistered input channel '27ea6df com.uniqueAndroid.ximalaya/com.uniqueAndroid.ximalaya.MainActivity (server)'
01-24 23:46:19.207 I/Market-LocalAppManager(16473): checkUpdateFromServer : start
01-24 23:46:19.207 I/Market-LocalAppManager(16473): getUpdateInfoFromServer : start
