01-24 23:46:14.446 D/ANDR-PERF-LM(  942): Feature: lookup() 101: Feature Name = AppClassifier, total featuers = 3, featureFound = 1
01-24 23:46:14.446 D/ANDR-PERF-LM(  942): Feature: getData() 112: data.data = 0
01-24 23:46:14.446 I/ANDR-PERF-LM(  942): FeedbackAPI: getFeedback() 60: app:com.uniqueAndroid.ximalaya feature:AppClassifier feedback = 0
01-24 23:46:14.454 D/MIUIInput( 1812): [FoucsChange]: Display  0 FocusedWindow From null(0,0)  to Window{27ea6df mode=1 rootTaskId=814 u0 com.uniqueAndroid.ximalaya/com.uniqueAndroid.ximalaya.MainActivity}(1,1)
01-24 23:46:14.455 D/CompositionEngine(  988): writeOutputDependentGeometryStateToHWC layer[com.android.systemui.ImageWallpaper#0] set Z 134217728 miFodLayer 134217728
01-24 23:46:14.455 D/CompositionEngine(  988): writeOutputDependentGeometryStateToHWC layer[com.miui.home/com.miui.home.launcher.Launcher#0] set Z 134217729 miFodLayer 134217728
01-24 23:46:14.455 D/CompositionEngine(  988): writeOutputDependentGeometryStateToHWC layer[Splash Screen com.uniqueAndroid.ximalaya#0] set Z 134217730 miFodLayer 134217728
01-24 23:46:14.455 D/CompositionEngine(  988): writeOutputDependentGeometryStateToHWC layer[StatusBar#0] set Z 134217731 miFodLayer 134217728
01-24 23:46:14.455 D/CompositionEngine(  988): writeOutputDependentGeometryStateToHWC layer[NavigationBar#0] set Z 134217732 miFodLayer 134217728
01-24 23:46:14.455 D/CompositionEngine(  988): writeOutputDependentGeometryStateToHWC layer[RoundCorner#0] set Z 134217733 miFodLayer 134217728
01-24 23:46:14.455 D/CompositionEngine(  988): writeOutputDependentGeometryStateToHWC layer[RoundCorner#1] set Z 134217734 miFodLayer 134217728
01-24 23:46:14.472 D/CompositionEngine(  988): writeOutputDependentGeometryStateToHWC layer[com.android.systemui.ImageWallpaper#0] set Z 134217728 miFodLayer 134217728
01-24 23:46:14.472 D/CompositionEngine(  988): writeOutputDependentGeometryStateToHWC layer[com.miui.home/com.miui.home.launcher.Launcher#0] set Z 134217729 miFodLayer 134217728
01-24 23:46:14.472 D/CompositionEngine(  988): writeOutputDependentGeometryStateToHWC layer[Splash Screen com.uniqueAndroid.ximalaya#0] set Z 134217730 miFodLayer 134217728
01-24 23:46:14.472 D/CompositionEngine(  988): writeOutputDependentGeometryStateToHWC layer[StatusBar#0] set Z 134217731 miFodLayer 134217728
01-24 23:46:14.472 D/CompositionEngine(  988): writeOutputDependentGeometryStateToHWC layer[NavigationBar#0] set Z 134217732 miFodLayer 134217728
01-24 23:46:14.472 D/CompositionEngine(  988): writeOutputDependentGeometryStateToHWC layer[RoundCorner#0] set Z 134217733 miFodLayer 134217728
01-24 23:46:14.472 D/CompositionEngine(  988): writeOutputDependentGeometryStateToHWC layer[RoundCorner#1] set Z 134217734 miFodLayer 134217728
01-24 23:46:14.489 D/EventBus( 3242): [3242, u0] send(AppTransitionFinishedEvent)
01-24 23:46:14.489 D/CompositionEngine(  988): writeOutputDependentGeometryStateToHWC layer[com.android.systemui.ImageWallpaper#0] set Z 134217728 miFodLayer 134217728
01-24 23:46:14.489 D/CompositionEngine(  988): writeOutputDependentGeometryStateToHWC layer[com.miui.home/com.miui.home.launcher.Launcher#0] set Z 134217729 miFodLayer 134217728
01-24 23:46:14.489 D/CompositionEngine(  988): writeOutputDependentGeometryStateToHWC layer[com.uniqueAndroid.ximalaya/com.uniqueAndroid.ximalaya.MainActivity#0] set Z 134217730 miFodLayer 134217728
01-24 23:46:14.489 D/CompositionEngine(  988): writeOutputDependentGeometryStateToHWC layer[Splash Screen com.uniqueAndroid.ximalaya#0] set Z 134217731 miFodLayer 134217728
01-24 23:46:14.489 D/CompositionEngine(  988): writeOutputDependentGeometryStateToHWC layer[StatusBar#0] set Z 134217732 miFodLayer 134217728
01-24 23:46:14.489 D/CompositionEngine(  988): writeOutputDependentGeometryStateToHWC layer[NavigationBar#0] set Z 134217733 miFodLayer 134217728
01-24 23:46:14.489 D/CompositionEngine(  988): writeOutputDependentGeometryStateToHWC layer[RoundCorner#0] set Z 134217734 miFodLayer 134217728
01-24 23:46:14.489 V/ActivityTaskManager( 1812): Calling mServicetracker.OnActivityStateChange with flag truestateSTOPPING
01-24 23:46:14.489 D/CompositionEngine(  988): writeOutputDependentGeometryStateToHWC layer[RoundCorner#1] set Z 134217735 miFodLayer 134217728
01-24 23:46:14.489 V/ActivityTaskManager( 1812): Calling mServicetracker.OnActivityStateChange with flag falsestateSTOPPING
01-24 23:46:14.492 I/MiuiNetworkPolicy( 1812): updateUidState uid = 10140, uidState = 4
01-24 23:46:14.492 I/MiuiNetworkPolicy( 1812): updateUidState uid = 10088, uidState = 5
01-24 23:46:14.493 I/MiuiNetworkPolicyTrafficLimit( 1812): updateWhiteListUidForMobileTraffic uid=10088,add=false
01-24 23:46:14.493 I/MiuiNetworkPolicy( 1812): updateUidState uid = 10073, uidState = 5
01-24 23:46:14.493 I/MiuiNetworkPolicyTrafficLimit( 1812): updateWhiteListUidForMobileTraffic uid=10073,add=false
01-24 23:46:14.493 E/traffic (  797): remove TrafficMobileLimiter whitelist 10088
01-24 23:46:14.496 D/MiuiNetworkPolicyTrafficLimit( 1812): updateWhiteListUidForMobileTraffic rst=true
01-24 23:46:14.496 E/traffic (  797): remove TrafficMobileLimiter whitelist 10073
01-24 23:46:14.496 D/AppOpsAdapter( 7976): using permission notify! 32
01-24 23:46:14.497 D/MiuiNetworkPolicyTrafficLimit( 1812): updateWhiteListUidForMobileTraffic rst=true
01-24 23:46:14.505 D/CompositionEngine(  988): writeOutputDependentGeometryStateToHWC layer[com.uniqueAndroid.ximalaya/com.uniqueAndroid.ximalaya.MainActivity#0] set Z 134217728 miFodLayer 134217728
01-24 23:46:14.505 D/CompositionEngine(  988): writeOutputDependentGeometryStateToHWC layer[Splash Screen com.uniqueAndroid.ximalaya#0] set Z 134217729 miFodLayer 134217728
01-24 23:46:14.505 D/CompositionEngine(  988): writeOutputDependentGeometryStateToHWC layer[StatusBar#0] set Z 134217730 miFodLayer 134217728
01-24 23:46:14.505 D/CompositionEngine(  988): writeOutputDependentGeometryStateToHWC layer[NavigationBar#0] set Z 134217731 miFodLayer 134217728
01-24 23:46:14.505 D/CompositionEngine(  988): writeOutputDependentGeometryStateToHWC layer[RoundCorner#0] set Z 134217732 miFodLayer 134217728
01-24 23:46:14.505 D/CompositionEngine(  988): writeOutputDependentGeometryStateToHWC layer[RoundCorner#1] set Z 134217733 miFodLayer 134217728
01-24 23:46:14.507 W/PSIUtils( 6137): MEMORY_SOME|21226576|152716874557711
01-24 23:46:14.518 D/Launcher.Lifecycle( 3440): onStop:UserHandle{0},9f45d38,false
01-24 23:46:14.519 D/LauncherClient.Service( 3440): service already disconnected:com.miui.newhome
01-24 23:46:14.519 D/LauncherOverlay(29314): setActivityState:0
01-24 23:46:14.519 D/LauncherOverlay.Window(29314): onStop
01-24 23:46:14.519 D/IdProviderImpl(29438): getOAID
01-24 23:46:14.522 D/CompositionEngine(  988): writeOutputDependentGeometryStateToHWC layer[com.uniqueAndroid.ximalaya/com.uniqueAndroid.ximalaya.MainActivity#0] set Z 134217728 miFodLayer 134217728
01-24 23:46:14.522 D/CompositionEngine(  988): writeOutputDependentGeometryStateToHWC layer[Splash Screen com.uniqueAndroid.ximalaya#0] set Z 134217729 miFodLayer 134217728
01-24 23:46:14.522 D/CompositionEngine(  988): writeOutputDependentGeometryStateToHWC layer[StatusBar#0] set Z 134217730 miFodLayer 134217728
01-24 23:46:14.522 D/CompositionEngine(  988): writeOutputDependentGeometryStateToHWC layer[NavigationBar#0] set Z 134217731 miFodLayer 134217728
01-24 23:46:14.522 D/CompositionEngine(  988): writeOutputDependentGeometryStateToHWC layer[RoundCorner#0] set Z 134217732 miFodLayer 134217728
01-24 23:46:14.522 D/CompositionEngine(  988): writeOutputDependentGeometryStateToHWC layer[RoundCorner#1] set Z 134217733 miFodLayer 134217728
01-24 23:46:14.523 V/ActivityTaskManager( 1812): Calling mServicetracker.OnActivityStateChange with flag truestateSTOPPED
01-24 23:46:14.523 V/ActivityTaskManager( 1812): Calling mServicetracker.OnActivityStateChange with flag falsestateSTOPPED
01-24 23:46:14.525 D/ActivityUtils( 4688): packageName:ComponentInfo{com.uniqueAndroid.ximalaya/com.uniqueAndroid.ximalaya.MainActivity}
01-24 23:46:14.525 D/AppChangedListener( 4688): get package name by top component:com.uniqueAndroid.ximalaya
01-24 23:46:14.525 D/AppChangedListener( 4688): packageName:com.uniqueAndroid.ximalaya,current:com.uniqueAndroid.ximalaya
01-24 23:46:14.538 D/CompositionEngine(  988): writeOutputDependentGeometryStateToHWC layer[com.uniqueAndroid.ximalaya/com.uniqueAndroid.ximalaya.MainActivity#0] set Z 134217728 miFodLayer 134217728
01-24 23:46:14.538 D/CompositionEngine(  988): writeOutputDependentGeometryStateToHWC layer[Splash Screen com.uniqueAndroid.ximalaya#0] set Z 134217729 miFodLayer 134217728
01-24 23:46:14.538 D/CompositionEngine(  988): writeOutputDependentGeometryStateToHWC layer[StatusBar#0] set Z 134217730 miFodLayer 134217728
01-24 23:46:14.538 D/CompositionEngine(  988): writeOutputDependentGeometryStateToHWC layer[NavigationBar#0] set Z 134217731 miFodLayer 134217728
01-24 23:46:14.538 D/CompositionEngine(  988): writeOutputDependentGeometryStateToHWC layer[RoundCorner#0] set Z 134217732 miFodLayer 134217728
01-24 23:46:14.538 D/CompositionEngine(  988): writeOutputDependentGeometryStateToHWC layer[RoundCorner#1] set Z 134217733 miFodLayer 134217728
01-24 23:46:14.539 D/SignalClusterView( 3242): updateMobileTypeImage  0
01-24 23:46:14.540 I/chatty  ( 3242): uid=1000(system) com.android.systemui identical 2 lines
01-24 23:46:14.540 D/SignalClusterView( 3242): updateMobileTypeImage  0
01-24 23:46:14.540 D/SurfaceFlinger(  988): Launcher Changed hasLauncher=0
01-24 23:46:14.541 D/SignalClusterView( 3242): updateMobileTypeImage  0
01-24 23:46:14.541 D/SignalClusterView( 3242): updateMobileTypeImage  0
01-24 23:46:14.556 D/CompositionEngine(  988): writeOutputDependentGeometryStateToHWC layer[com.uniqueAndroid.ximalaya/com.uniqueAndroid.ximalaya.MainActivity#0] set Z 134217728 miFodLayer 134217728
01-24 23:46:14.556 D/CompositionEngine(  988): writeOutputDependentGeometryStateToHWC layer[Splash Screen com.uniqueAndroid.ximalaya#0] set Z 134217729 miFodLayer 134217728
01-24 23:46:14.556 D/CompositionEngine(  988): writeOutputDependentGeometryStateToHWC layer[StatusBar#0] set Z 134217730 miFodLayer 134217728
01-24 23:46:14.556 D/CompositionEngine(  988): writeOutputDependentGeometryStateToHWC layer[NavigationBar#0] set Z 134217731 miFodLayer 134217728
01-24 23:46:14.556 D/CompositionEngine(  988): writeOutputDependentGeometryStateToHWC layer[RoundCorner#0] set Z 134217732 miFodLayer 134217728
01-24 23:46:14.556 D/CompositionEngine(  988): writeOutputDependentGeometryStateToHWC layer[RoundCorner#1] set Z 134217733 miFodLayer 134217728
01-24 23:46:14.556 D/SurfaceFlinger(  988): getHBMOverlayAlpha backlight=353, mFodSystemBacklight=330, mBrightnessBackup=353
01-24 23:46:14.556 D/SurfaceFlinger(  988): brightness=353 alpha=0.614258
01-24 23:46:14.560 D/NavBarTintController( 3242): onSampleCollected 0.9995544
01-24 23:46:14.567 I/PeGameController_PeSchedHandler( 8915): handleMessage msg.what:2
01-24 23:46:14.572 D/CompositionEngine(  988): writeOutputDependentGeometryStateToHWC layer[com.uniqueAndroid.ximalaya/com.uniqueAndroid.ximalaya.MainActivity#0] set Z 134217728 miFodLayer 134217728
01-24 23:46:14.572 D/CompositionEngine(  988): writeOutputDependentGeometryStateToHWC layer[Splash Screen com.uniqueAndroid.ximalaya#0] set Z 134217729 miFodLayer 134217728
01-24 23:46:14.572 D/CompositionEngine(  988): writeOutputDependentGeometryStateToHWC layer[StatusBar#0] set Z 134217730 miFodLayer 134217728
01-24 23:46:14.572 D/CompositionEngine(  988): writeOutputDependentGeometryStateToHWC layer[NavigationBar#0] set Z 134217731 miFodLayer 134217728
01-24 23:46:14.572 D/CompositionEngine(  988): writeOutputDependentGeometryStateToHWC layer[RoundCorner#0] set Z 134217732 miFodLayer 134217728
01-24 23:46:14.572 D/CompositionEngine(  988): writeOutputDependentGeometryStateToHWC layer[RoundCorner#1] set Z 134217733 miFodLayer 134217728
01-24 23:46:14.588 D/CompositionEngine(  988): writeOutputDependentGeometryStateToHWC layer[com.uniqueAndroid.ximalaya/com.uniqueAndroid.ximalaya.MainActivity#0] set Z 134217728 miFodLayer 134217728
01-24 23:46:14.588 D/CompositionEngine(  988): writeOutputDependentGeometryStateToHWC layer[Splash Screen com.uniqueAndroid.ximalaya#0] set Z 134217729 miFodLayer 134217728
01-24 23:46:14.588 D/CompositionEngine(  988): writeOutputDependentGeometryStateToHWC layer[StatusBar#0] set Z 134217730 miFodLayer 134217728
01-24 23:46:14.588 D/CompositionEngine(  988): writeOutputDependentGeometryStateToHWC layer[NavigationBar#0] set Z 134217731 miFodLayer 134217728
01-24 23:46:14.588 D/CompositionEngine(  988): writeOutputDependentGeometryStateToHWC layer[RoundCorner#0] set Z 134217732 miFodLayer 134217728
01-24 23:46:14.588 D/CompositionEngine(  988): writeOutputDependentGeometryStateToHWC layer[RoundCorner#1] set Z 134217733 miFodLayer 134217728
01-24 23:46:14.604 D/CompositionEngine(  988): writeOutputDependentGeometryStateToHWC layer[com.uniqueAndroid.ximalaya/com.uniqueAndroid.ximalaya.MainActivity#0] set Z 134217728 miFodLayer 134217728
01-24 23:46:14.604 D/CompositionEngine(  988): writeOutputDependentGeometryStateToHWC layer[Splash Screen com.uniqueAndroid.ximalaya#0] set Z 134217729 miFodLayer 134217728
01-24 23:46:14.604 D/CompositionEngine(  988): writeOutputDependentGeometryStateToHWC layer[StatusBar#0] set Z 134217730 miFodLayer 134217728
01-24 23:46:14.604 D/CompositionEngine(  988): writeOutputDependentGeometryStateToHWC layer[NavigationBar#0] set Z 134217731 miFodLayer 134217728
01-24 23:46:14.604 D/CompositionEngine(  988): writeOutputDependentGeometryStateToHWC layer[RoundCorner#0] set Z 134217732 miFodLayer 134217728
01-24 23:46:14.604 D/CompositionEngine(  988): writeOutputDependentGeometryStateToHWC layer[RoundCorner#1] set Z 134217733 miFodLayer 134217728
01-24 23:46:14.621 I/Timeline( 1812): Timeline: Activity_windows_visible id: ActivityRecord{824bc88 u0 com.uniqueAndroid.ximalaya/.MainActivity t814} time:152718718
01-24 23:46:14.621 D/EventBus( 3242): [3242, u0] send(AppTransitionFinishedEvent)
01-24 23:46:14.622 D/CompositionEngine(  988): writeOutputDependentGeometryStateToHWC layer[com.uniqueAndroid.ximalaya/com.uniqueAndroid.ximalaya.MainActivity#0] set Z 134217728 miFodLayer 134217728
01-24 23:46:14.622 D/CompositionEngine(  988): writeOutputDependentGeometryStateToHWC layer[StatusBar#0] set Z 134217729 miFodLayer 134217728
01-24 23:46:14.622 D/CompositionEngine(  988): writeOutputDependentGeometryStateToHWC layer[NavigationBar#0] set Z 134217730 miFodLayer 134217728
01-24 23:46:14.622 D/CompositionEngine(  988): writeOutputDependentGeometryStateToHWC layer[RoundCorner#0] set Z 134217731 miFodLayer 134217728
01-24 23:46:14.622 D/CompositionEngine(  988): writeOutputDependentGeometryStateToHWC layer[RoundCorner#1] set Z 134217732 miFodLayer 134217728
01-24 23:46:14.622 I/Timeline( 1812): Timeline: App_transition_stopped time:152718719
01-24 23:46:14.634 E/SELinux (  599): avc:  denied  { find } for pid=6253 uid=10177 name=tethering scontext=u:r:vendor_systemhelper_app:s0:c512,c768 tcontext=u:object_r:tethering_service:s0 tclass=service_manager permissive=0
01-24 23:46:14.638 D/CompositionEngine(  988): writeOutputDependentGeometryStateToHWC layer[com.uniqueAndroid.ximalaya/com.uniqueAndroid.ximalaya.MainActivity#0] set Z 134217728 miFodLayer 134217728
01-24 23:46:14.638 D/CompositionEngine(  988): writeOutputDependentGeometryStateToHWC layer[StatusBar#0] set Z 134217729 miFodLayer 134217728
01-24 23:46:14.638 D/CompositionEngine(  988): writeOutputDependentGeometryStateToHWC layer[NavigationBar#0] set Z 134217730 miFodLayer 134217728
01-24 23:46:14.638 D/CompositionEngine(  988): writeOutputDependentGeometryStateToHWC layer[RoundCorner#0] set Z 134217731 miFodLayer 134217728
01-24 23:46:14.638 D/CompositionEngine(  988): writeOutputDependentGeometryStateToHWC layer[RoundCorner#1] set Z 134217732 miFodLayer 134217728
01-24 23:46:14.655 D/CompositionEngine(  988): writeOutputDependentGeometryStateToHWC layer[com.uniqueAndroid.ximalaya/com.uniqueAndroid.ximalaya.MainActivity#0] set Z 134217728 miFodLayer 134217728
01-24 23:46:14.655 D/CompositionEngine(  988): writeOutputDependentGeometryStateToHWC layer[StatusBar#0] set Z 134217729 miFodLayer 134217728
01-24 23:46:14.655 D/CompositionEngine(  988): writeOutputDependentGeometryStateToHWC layer[NavigationBar#0] set Z 134217730 miFodLayer 134217728
01-24 23:46:14.655 D/CompositionEngine(  988): writeOutputDependentGeometryStateToHWC layer[RoundCorner#0] set Z 134217731 miFodLayer 134217728
01-24 23:46:14.655 D/CompositionEngine(  988): writeOutputDependentGeometryStateToHWC layer[RoundCorner#1] set Z 134217732 miFodLayer 134217728
01-24 23:46:14.671 D/CompositionEngine(  988): writeOutputDependentGeometryStateToHWC layer[com.uniqueAndroid.ximalaya/com.uniqueAndroid.ximalaya.MainActivity#0] set Z 134217728 miFodLayer 134217728
01-24 23:46:14.671 D/CompositionEngine(  988): writeOutputDependentGeometryStateToHWC layer[StatusBar#0] set Z 134217729 miFodLayer 134217728
01-24 23:46:14.671 D/CompositionEngine(  988): writeOutputDependentGeometryStateToHWC layer[NavigationBar#0] set Z 134217730 miFodLayer 134217728
01-24 23:46:14.671 D/CompositionEngine(  988): writeOutputDependentGeometryStateToHWC layer[RoundCorner#0] set Z 134217731 miFodLayer 134217728
01-24 23:46:14.671 D/CompositionEngine(  988): writeOutputDependentGeometryStateToHWC layer[RoundCorner#1] set Z 134217732 miFodLayer 134217728
01-24 23:46:14.674 D/NavBarTintController( 3242): onSampleCollected 1.0
01-24 23:46:14.675 I/GatewaySwitchManager(17224): host = api.ximalaya.com idcStr = sh-bs@adse$5#search$20#mobile$10
01-24 23:46:14.761 D/[com.uniqueAndroid.ximalaya]RecommendFragment(17224): onRecommendListLoaded
01-24 23:46:14.763 D/SurfaceFlinger(  988): getHBMOverlayAlpha backlight=354, mFodSystemBacklight=330, mBrightnessBackup=354
01-24 23:46:14.763 D/SurfaceFlinger(  988): brightness=354 alpha=0.613770
01-24 23:46:14.775 D/NavBarTintController( 3242): onSampleCollected 1.0
01-24 23:46:14.805 D/CompositionEngine(  988): writeOutputDependentGeometryStateToHWC layer[com.uniqueAndroid.ximalaya/com.uniqueAndroid.ximalaya.MainActivity#0] set Z 134217728 miFodLayer 134217728
01-24 23:46:14.805 D/CompositionEngine(  988): writeOutputDependentGeometryStateToHWC layer[StatusBar#0] set Z 134217729 miFodLayer 134217728
01-24 23:46:14.805 D/CompositionEngine(  988): writeOutputDependentGeometryStateToHWC layer[NavigationBar#0] set Z 134217730 miFodLayer 134217728
01-24 23:46:14.805 D/CompositionEngine(  988): writeOutputDependentGeometryStateToHWC layer[RoundCorner#0] set Z 134217731 miFodLayer 134217728
01-24 23:46:14.805 D/CompositionEngine(  988): writeOutputDependentGeometryStateToHWC layer[RoundCorner#1] set Z 134217732 miFodLayer 134217728
01-24 23:46:14.835 E/SELinux (  599): avc:  denied  { find } for pid=6253 uid=10177 name=tethering scontext=u:r:vendor_systemhelper_app:s0:c512,c768 tcontext=u:object_r:tethering_service:s0 tclass=service_manager permissive=0
01-24 23:46:14.925 D/NavBarTintController( 3242): onSampleCollected 1.0
01-24 23:46:14.959 D/SurfaceFlinger(  988): getHBMOverlayAlpha backlight=355, mFodSystemBacklight=330, mBrightnessBackup=355
01-24 23:46:14.959 D/SurfaceFlinger(  988): brightness=355 alpha=0.613281
01-24 23:46:15.035 E/SELinux (  599): avc:  denied  { find } for pid=6253 uid=10177 name=tethering scontext=u:r:vendor_systemhelper_app:s0:c512,c768 tcontext=u:object_r:tethering_service:s0 tclass=service_manager permissive=0
01-24 23:46:15.049 E/ANDR-PERF-LM(  942): VmRssMeter:: start() 400: Could not find pid, can not collect vmrss data
01-24 23:46:15.049 D/ANDR-PERF-LM(  942): MetaMeter: notifyReceiver() 141: AdaptLaunch : (Id : total,started,returned) = (1,1,1,1) 
01-24 23:46:15.049 E/ANDR-PERF-LM(  942): AdaptiveLaunch: writeToDataBase() 63: Meter aborted or could not get meter data for this run
01-24 23:46:15.049 I/ANDR-PERF-LM(  942): Meter: asyncTriggerUpdate() 55:  stop notification on VmRss
01-24 23:46:15.049 D/ANDR-PERF-LM(  942): MetaMeter: notifyReceiver() 162: AdaptLaunch : (Id : total,started,returned,state) = (1,1,0,0,0) 
01-24 23:46:15.049 D/ANDR-PERF-LM(  942): ThreadHelper: thread_callback() 162: Returned from Start:(Meter,Helper,Name,pending)=(0xb400007290c2c8c0,0xb400007290c66aa0,AdaptLaunch VmRss,0) 
01-24 23:46:15.049 D/ANDR-PERF-LM(  942): ThreadHelper: thread_callback() 134: Waiting:(Meter,Helper,Name,pending)=(0xb400007290c2c8c0,0xb400007290c66aa0,AdaptLaunch VmRss,0)
01-24 23:46:15.068 E/ANDR-PERF-LM(  942): VmRssMeter:: start() 400: Could not find pid, can not collect vmrss data
01-24 23:46:15.068 D/ANDR-PERF-LM(  942): MetaMeter: notifyReceiver() 141: AdaptLaunch : (Id : total,started,returned) = (0,1,1,1) 
01-24 23:46:15.068 I/ANDR-PERF-LM(  942): Meter: asyncTriggerUpdate() 55:  stop notification on VmRss
01-24 23:46:15.068 D/ANDR-PERF-LM(  942): MetaMeter: notifyReceiver() 148: AdaptLaunch : (Id : total,started,returned,state) = (0,1,0,0,0) 
01-24 23:46:15.068 D/ANDR-PERF-LM(  942): ThreadHelper: thread_callback() 162: Returned from Start:(Meter,Helper,Name,pending)=(0xb400007290c2c700,0xb400007290c66960,AdaptLaunch VmRss,0) 
01-24 23:46:15.068 D/ANDR-PERF-LM(  942): ThreadHelper: thread_callback() 134: Waiting:(Meter,Helper,Name,pending)=(0xb400007290c2c700,0xb400007290c66960,AdaptLaunch VmRss,0)
01-24 23:46:15.076 D/NavBarTintController( 3242): onSampleCollected 1.0
01-24 23:46:15.089 E/[cmshow][MemePlayer]MemeBornPlayerManager( 7052): currentActionState
01-24 23:46:15.089 E/[cmshow][MemePlayer]MemeBornPlayerManager( 7052):  canRecycle:true
01-24 23:46:15.089 W/[cmshow][MemePlayer]MemeBornPlayerManager( 7052): try destroy on everything done
01-24 23:46:15.158 D/SurfaceFlinger(  988): getHBMOverlayAlpha backlight=356, mFodSystemBacklight=330, mBrightnessBackup=356
01-24 23:46:15.158 D/SurfaceFlinger(  988): brightness=356 alpha=0.612793
01-24 23:46:15.192 D/NavBarTintController( 3242): onSampleCollected 1.0
01-24 23:46:15.236 E/SELinux (  599): avc:  denied  { find } for pid=6253 uid=10177 name=tethering scontext=u:r:vendor_systemhelper_app:s0:c512,c768 tcontext=u:object_r:tethering_service:s0 tclass=service_manager permissive=0
01-24 23:46:15.257 I/BackLightController( 1812):  grayScale = 0.6 factor = 1.0 inBrightness = 0.17350928 outBrightness = 0
01-24 23:46:15.385 D/DynamicSarService( 3635): PhoneStateListener.onDataActivity: direction=3
01-24 23:46:15.385 D/DynamicSarService( 3635): modem or radio power state change,messageType: 128 state: 3
01-24 23:46:15.385 D/DynamicSarService( 3635): listeners is null or mModemSarEnable is disable!!!
01-24 23:46:15.386 D/MobileSignalController( 3242): updateDataType mSelectedDataTypeIcon[1]=2131233594, mSelectedDataActivityIndex=6
01-24 23:46:15.386 D/TelephonyIcons( 3242): getSignalStrengthIcon: slot=1, inetCondition=1, level=5, roaming=false, signalstrength=SignalStrength:{mCdma=CellSignalStrengthCdma: cdmaDbm=2147483647 cdmaEcio=2147483647 evdoDbm=2147483647 evdoEcio=2147483647 evdoSnr=2147483647 miuiLevel=0 level=0,mGsm=CellSignalStrengthGsm: rssi=2147483647 ber=2147483647 mTa=2147483647 miuiLevel=0 mLevel=0,mWcdma=CellSignalStrengthWcdma: ss=2147483647 ber=2147483647 rscp=2147483647 ecno=2147483647 miuiLevel=0 level=0,mTdscdma=CellSignalStrengthTdscdma: rssi=2147483647 ber=2147483647 rscp=2147483647 miuiLevel=0 level=0,mLte=CellSignalStrengthLte: rssi=-71 rsrp=-99 rsrq=-10 rssnr=4 cqi=2147483647 ta=2147483647 miuiLevel=5 level=3 parametersUseForLevel=0,mNr=CellSignalStrengthNr:{ csiRsrp = 2147483647 csiRsrq = 2147483647 csiSinr = 2147483647 ssRsrp = 2147483647 ssRsrq = 2147483647 ssSinr = 2147483647 miuiLevel = 0 level = 0 parametersUseForLevel = 0 },primary=CellSignalStrengthLte}
01-24 23:46:15.386 D/TelephonyIcons( 3242): getDataActivity, slot=1, activity=3
01-24 23:46:15.387 D/TelephonyIcons( 3242): null signal icon name: drawable/stat_sys_signal_null
01-24 23:46:15.387 D/TelephonyIcons( 3242): getDataTypeIcon sub=1
01-24 23:46:15.387 D/SignalClusterView( 3242): updateMobileTypeImage  0
01-24 23:46:15.395 I/chatty  ( 3242): uid=1000(system) com.android.systemui identical 10 lines
01-24 23:46:15.395 D/SignalClusterView( 3242): updateMobileTypeImage  0
01-24 23:46:15.410 D/NavBarTintController( 3242): onSampleCollected 1.0
01-24 23:46:15.424 D/CompositionEngine(  988): writeOutputDependentGeometryStateToHWC layer[com.uniqueAndroid.ximalaya/com.uniqueAndroid.ximalaya.MainActivity#0] set Z 134217728 miFodLayer 134217728
01-24 23:46:15.424 D/CompositionEngine(  988): writeOutputDependentGeometryStateToHWC layer[StatusBar#0] set Z 134217729 miFodLayer 134217728
01-24 23:46:15.424 D/CompositionEngine(  988): writeOutputDependentGeometryStateToHWC layer[NavigationBar#0] set Z 134217730 miFodLayer 134217728
01-24 23:46:15.424 D/CompositionEngine(  988): writeOutputDependentGeometryStateToHWC layer[RoundCorner#0] set Z 134217731 miFodLayer 134217728
01-24 23:46:15.424 D/CompositionEngine(  988): writeOutputDependentGeometryStateToHWC layer[RoundCorner#1] set Z 134217732 miFodLayer 134217728
01-24 23:46:15.437 E/SELinux (  599): avc:  denied  { find } for pid=6253 uid=10177 name=tethering scontext=u:r:vendor_systemhelper_app:s0:c512,c768 tcontext=u:object_r:tethering_service:s0 tclass=service_manager permissive=0
01-24 23:46:15.637 I/chatty  (  599): uid=1000(system) /system/bin/servicemanager identical 1 line
01-24 23:46:15.838 E/SELinux (  599): avc:  denied  { find } for pid=6253 uid=10177 name=tethering scontext=u:r:vendor_systemhelper_app:s0:c512,c768 tcontext=u:object_r:tethering_service:s0 tclass=service_manager permissive=0
01-24 23:46:15.873 D/FiveGDataOptimize( 3635): TxRx: 16601, Tx: 8767, Rx: 7834, Hit: 0
01-24 23:46:16.039 E/SELinux (  599): avc:  denied  { find } for pid=6253 uid=10177 name=tethering scontext=u:r:vendor_systemhelper_app:s0:c512,c768 tcontext=u:object_r:tethering_service:s0 tclass=service_manager permissive=0
01-24 23:46:16.045 D/KeyguardUpdateMonitor( 3242): received broadcast android.intent.action.BATTERY_CHANGED
01-24 23:46:16.045 D/NetworkSpeedTracker( 3635): receive actionandroid.intent.action.BATTERY_CHANGED
01-24 23:46:16.045 D/NetworkSpeedTracker( 3635): onReceive ACTION_BATTERY_CHANGED mBatteryLevel = 84;mIsCharging =true
01-24 23:46:16.046 I/BatteryInfoReceiver( 6694): ACTION_BATTERY_CHANGED
01-24 23:46:16.047 D/PowerCheckerService( 8915): onBatteryChanged, mBatteryLevel = 84, status = 2, level = 84, plug = 1, scale = 100
01-24 23:46:16.049 D/TESDownloadManager( 7052): AppSystemReceiver onReceive
01-24 23:46:16.049 D/TESDownloadManager( 7052): action:android.intent.action.BATTERY_CHANGED
01-24 23:46:16.051 D/DeviceStatisticsService( 3577): chargerType=1 batteryLevel=84 totalBatteryCapacity=4614700
01-24 23:46:16.051 D/DeviceInfoHidlClient( 3577): getPowerInfoSupportStatus()=1
01-24 23:46:16.051 D/DeviceInfoHidlClient( 3577): isRadioOn()=true
01-24 23:46:16.051 I/DeviceInfoHidlClient( 3577): isPowerInfoNeverSent=false batteryLevel=84 batteryLevelIndex=3 chargingMode=1 totalCapacity=4614700 powerSaveMode=false
01-24 23:46:16.070 W/System  (17224): A resource failed to call close. 
01-24 23:46:16.070 W/System  (17224): A resource failed to call close. 
01-24 23:46:16.239 E/SELinux (  599): avc:  denied  { find } for pid=6253 uid=10177 name=tethering scontext=u:r:vendor_systemhelper_app:s0:c512,c768 tcontext=u:object_r:tethering_service:s0 tclass=service_manager permissive=0
01-24 23:46:16.641 I/chatty  (  599): uid=1000(system) /system/bin/servicemanager identical 2 lines
01-24 23:46:16.841 E/SELinux (  599): avc:  denied  { find } for pid=6253 uid=10177 name=tethering scontext=u:r:vendor_systemhelper_app:s0:c512,c768 tcontext=u:object_r:tethering_service:s0 tclass=service_manager permissive=0
01-24 23:46:17.000 E/GoLog   (31851): 2022/01/24 15:46:16 [W] Unhandler protocol 1
01-24 23:46:17.014 D/NsdService( 1812): Discover services
01-24 23:46:17.014 D/NsdService( 1812): mdnssd [discover, 33773, _mi-connect._udp]
01-24 23:46:17.016 D/NsdService( 1812): Discover 271 33773_mi-connect._udp
01-24 23:46:17.016 D/NsdService( 1812): Native daemon message SERVICE_FOUND: 603 33773 "{\"nm\":\"Humhum的Redmi K30 Pro\",\"as\":\"[8193, 8194]\",\"ip\":\"1\"}" _mi-connect._udp. local.
01-24 23:46:17.017 D/NsdService( 1812): Native daemon message SERVICE_FOUND: 603 33773 "{\"nm\":\"Humhum的Redmi K30 Pro\",\"as\":\"[8193, 8194]\",\"ip\":\"1\"}" _mi-connect._udp. local.
01-24 23:46:17.017 D/NsdService( 1812): Native daemon message SERVICE_FOUND: 603 33773 "{\"nm\":\"Humhum的Redmi K30 Pro\",\"as\":\"[8193, 8194]\",\"ip\":\"3\"}" _mi-connect._udp. local.
01-24 23:46:17.018 D/NsdService( 1812): Resolve service
01-24 23:46:17.018 D/NsdService( 1812): mdnssd [resolve, 33774, {"nm":"Humhum的Redmi K30 Pro","as":"[8193, 8194]","ip":"1"}, _mi-connect._udp., local.]
01-24 23:46:17.019 D/NsdService( 1812): Native daemon message SERVICE_FOUND: 603 33773 "{\"nm\":\"Humhum的Redmi K30 Pro\",\"as\":\"[8193, 8194]\",\"ip\":\"3\"}" _mi-connect._udp. local.
01-24 23:46:17.020 D/NsdService( 1812): Native daemon message SERVICE_RESOLVED: 608 33774 "{\"nm\":\"Humhum的Redmi\\032K30\\032Pro\",\"as\":\"[8193,\\0328194]\",\"ip\":\"1\"}._mi-connect._udp.local." "Android.local." 56666 133 "DGlkSGFzaD1OR0l6CgVkZXY9MQVzZWM9MhFhcHBzPVs4MTkzLCA4MTk0XRtuYW1lPUh1bWh1beeahFJlZG1pIEszMCBQcm8LZmxhZ3M9QWc9PQoNdmVyc2lvbj02NTU0Mgxjb21tb25EYXRhPTAWYXBwc0RhdGE9QXdJRWd3SUVndz09Cg=="
01-24 23:46:17.020 W/NsdServiceInfo( 1812): Key lengths > 9 are discouraged: commonData
01-24 23:46:17.020 D/NsdService( 1812): mdnssd [stop-resolve, 33774]
01-24 23:46:17.020 W/netd    (  797): dnssd_clientstub DNSServiceProcessResult called with NULL DNSServiceRef
01-24 23:46:17.020 D/NsdService( 1812): mdnssd [getaddrinfo, 33775, Android.local.]
01-24 23:46:17.021 E/NsdService( 1812): id 33774 for SERVICE_RESOLVED has no client mapping
01-24 23:46:17.021 E/NsdService( 1812): Unhandled { when=-2ms what=393242 obj=com.android.server.NsdService$NativeEvent@b6e4ad5 target=com.android.internal.util.StateMachine$SmHandler }
01-24 23:46:17.021 D/NsdService( 1812): Native daemon message SERVICE_GET_ADDR_SUCCESS: 612 33775 "Android.local." 120 127.0.0.1
01-24 23:46:17.021 D/NsdService( 1812): mdnssd [stop-getaddrinfo, 33775]
01-24 23:46:17.024 E/NsdService( 1812): id 33775 for SERVICE_GET_ADDR_SUCCESS has no client mapping
01-24 23:46:17.024 E/NsdService( 1812): Unhandled { when=-3ms what=393242 obj=com.android.server.NsdService$NativeEvent@e80f2ea target=com.android.internal.util.StateMachine$SmHandler }
01-24 23:46:17.024 D/NsdService( 1812): Resolve service
01-24 23:46:17.024 D/NsdService( 1812): mdnssd [resolve, 33776, {"nm":"Humhum的Redmi K30 Pro","as":"[8193, 8194]","ip":"3"}, _mi-connect._udp., local.]
01-24 23:46:17.025 D/NsdService( 1812): Native daemon message SERVICE_RESOLVED: 608 33776 "{\"nm\":\"Humhum的Redmi\\032K30\\032Pro\",\"as\":\"[8193,\\0328194]\",\"ip\":\"3\"}._mi-connect._udp.local." "Android.local." 56666 133 "DGlkSGFzaD1OR0l6CgVkZXY9MQVzZWM9MhFhcHBzPVs4MTkzLCA4MTk0XRtuYW1lPUh1bWh1beeahFJlZG1pIEszMCBQcm8LZmxhZ3M9QWc9PQoNdmVyc2lvbj02NTU0Mgxjb21tb25EYXRhPTAWYXBwc0RhdGE9QXdJRWd3SUVndz09Cg=="
01-24 23:46:17.022 W/netd    (  797): dnssd_clientstub DNSServiceProcessResult called with NULL DNSServiceRef
01-24 23:46:17.025 W/NsdServiceInfo( 1812): Key lengths > 9 are discouraged: commonData
01-24 23:46:17.025 D/NsdService( 1812): mdnssd [stop-resolve, 33776]
01-24 23:46:17.026 W/netd    (  797): dnssd_clientstub DNSServiceProcessResult called with NULL DNSServiceRef
01-24 23:46:17.026 D/NsdService( 1812): mdnssd [getaddrinfo, 33777, Android.local.]
01-24 23:46:17.027 E/NsdService( 1812): id 33776 for SERVICE_RESOLVED has no client mapping
01-24 23:46:17.027 E/NsdService( 1812): Unhandled { when=-2ms what=393242 obj=com.android.server.NsdService$NativeEvent@1e6e9db target=com.android.internal.util.StateMachine$SmHandler }
01-24 23:46:17.027 D/NsdService( 1812): Native daemon message SERVICE_GET_ADDR_SUCCESS: 612 33777 "Android.local." 120 127.0.0.1
01-24 23:46:17.028 D/NsdService( 1812): mdnssd [stop-getaddrinfo, 33777]
01-24 23:46:17.028 E/NsdService( 1812): id 33777 for SERVICE_GET_ADDR_SUCCESS has no client mapping
01-24 23:46:17.028 E/NsdService( 1812): Unhandled { when=-1ms what=393242 obj=com.android.server.NsdService$NativeEvent@4f47c78 target=com.android.internal.util.StateMachine$SmHandler }
01-24 23:46:17.028 W/netd    (  797): dnssd_clientstub DNSServiceProcessResult called with NULL DNSServiceRef
01-24 23:46:17.042 E/SELinux (  599): avc:  denied  { find } for pid=6253 uid=10177 name=tethering scontext=u:r:vendor_systemhelper_app:s0:c512,c768 tcontext=u:object_r:tethering_service:s0 tclass=service_manager permissive=0
01-24 23:46:17.062 E/IDM-BonjourGovernor( 2714): endPoint can not be reported!
01-24 23:46:17.066 E/IDM-BonjourGovernor( 2714): endPoint can not be reported!
01-24 23:46:17.067 W/System  ( 1812): A resource failed to call release. 
01-24 23:46:17.067 I/chatty  ( 1812): uid=1000(system) FinalizerDaemon identical 3 lines
01-24 23:46:17.067 W/System  ( 1812): A resource failed to call release. 
01-24 23:46:17.243 E/SELinux (  599): avc:  denied  { find } for pid=6253 uid=10177 name=tethering scontext=u:r:vendor_systemhelper_app:s0:c512,c768 tcontext=u:object_r:tethering_service:s0 tclass=service_manager permissive=0
01-24 23:46:17.347 D/NsdService( 1812): Stop service discovery
01-24 23:46:17.347 D/NsdService( 1812): mdnssd [stop-discover, 33773]
01-24 23:46:17.348 W/netd    (  797): dnssd_clientstub DNSServiceProcessResult called with NULL DNSServiceRef
01-24 23:46:17.393 D/DynamicSarService( 3635): PhoneStateListener.onDataActivity: direction=1
01-24 23:46:17.393 D/DynamicSarService( 3635): modem or radio power state change,messageType: 128 state: 1
01-24 23:46:17.395 D/MobileSignalController( 3242): updateDataType mSelectedDataTypeIcon[1]=2131233594, mSelectedDataActivityIndex=6
01-24 23:46:17.395 D/TelephonyIcons( 3242): getSignalStrengthIcon: slot=1, inetCondition=1, level=5, roaming=false, signalstrength=SignalStrength:{mCdma=CellSignalStrengthCdma: cdmaDbm=2147483647 cdmaEcio=2147483647 evdoDbm=2147483647 evdoEcio=2147483647 evdoSnr=2147483647 miuiLevel=0 level=0,mGsm=CellSignalStrengthGsm: rssi=2147483647 ber=2147483647 mTa=2147483647 miuiLevel=0 mLevel=0,mWcdma=CellSignalStrengthWcdma: ss=2147483647 ber=2147483647 rscp=2147483647 ecno=2147483647 miuiLevel=0 level=0,mTdscdma=CellSignalStrengthTdscdma: rssi=2147483647 ber=2147483647 rscp=2147483647 miuiLevel=0 level=0,mLte=CellSignalStrengthLte: rssi=-71 rsrp=-99 rsrq=-10 rssnr=4 cqi=2147483647 ta=2147483647 miuiLevel=5 level=3 parametersUseForLevel=0,mNr=CellSignalStrengthNr:{ csiRsrp = 2147483647 csiRsrq = 2147483647 csiSinr = 2147483647 ssRsrp = 2147483647 ssRsrq = 2147483647 ssSinr = 2147483647 miuiLevel = 0 level = 0 parametersUseForLevel = 0 },primary=CellSignalStrengthLte}
01-24 23:46:17.395 D/TelephonyIcons( 3242): getDataActivity, slot=1, activity=1
01-24 23:46:17.396 D/TelephonyIcons( 3242): null signal icon name: drawable/stat_sys_signal_null
01-24 23:46:17.396 D/TelephonyIcons( 3242): getDataTypeIcon sub=1
01-24 23:46:17.396 D/SignalClusterView( 3242): updateMobileTypeImage  0
01-24 23:46:17.421 I/chatty  ( 3242): uid=1000(system) com.android.systemui identical 10 lines
01-24 23:46:17.422 D/SignalClusterView( 3242): updateMobileTypeImage  0
01-24 23:46:17.434 D/NavBarTintController( 3242): onSampleCollected 1.0
01-24 23:46:17.444 E/SELinux (  599): avc:  denied  { find } for pid=6253 uid=10177 name=tethering scontext=u:r:vendor_systemhelper_app:s0:c512,c768 tcontext=u:object_r:tethering_service:s0 tclass=service_manager permissive=0
01-24 23:46:17.448 D/CompositionEngine(  988): writeOutputDependentGeometryStateToHWC layer[com.uniqueAndroid.ximalaya/com.uniqueAndroid.ximalaya.MainActivity#0] set Z 134217728 miFodLayer 134217728
01-24 23:46:17.448 D/CompositionEngine(  988): writeOutputDependentGeometryStateToHWC layer[StatusBar#0] set Z 134217729 miFodLayer 134217728
01-24 23:46:17.448 D/CompositionEngine(  988): writeOutputDependentGeometryStateToHWC layer[NavigationBar#0] set Z 134217730 miFodLayer 134217728
01-24 23:46:17.448 D/CompositionEngine(  988): writeOutputDependentGeometryStateToHWC layer[RoundCorner#0] set Z 134217731 miFodLayer 134217728
01-24 23:46:17.448 D/CompositionEngine(  988): writeOutputDependentGeometryStateToHWC layer[RoundCorner#1] set Z 134217732 miFodLayer 134217728
01-24 23:46:17.644 E/SELinux (  599): avc:  denied  { find } for pid=6253 uid=10177 name=tethering scontext=u:r:vendor_systemhelper_app:s0:c512,c768 tcontext=u:object_r:tethering_service:s0 tclass=service_manager permissive=0
01-24 23:46:17.845 I/chatty  (  599): uid=1000(system) /system/bin/servicemanager identical 1 line
01-24 23:46:18.046 E/SELinux (  599): avc:  denied  { find } for pid=6253 uid=10177 name=tethering scontext=u:r:vendor_systemhelper_app:s0:c512,c768 tcontext=u:object_r:tethering_service:s0 tclass=service_manager permissive=0
01-24 23:46:18.074 I/SmartThreadExecutor( 7052): handleMessage: start check 0
01-24 23:46:18.074 I/SmartThreadExecutor( 7052): handleMessage: check end 0 -360 false
01-24 23:46:18.246 E/SELinux (  599): avc:  denied  { find } for pid=6253 uid=10177 name=tethering scontext=u:r:vendor_systemhelper_app:s0:c512,c768 tcontext=u:object_r:tethering_service:s0 tclass=service_manager permissive=0
01-24 23:46:18.395 D/WorkerThreadMonitor(23516): Kill MSF check result[ senderSize:0,sendInterval:139634,receiveInterval=5673,addCmdCount=15650
01-24 23:46:18.399 D/DynamicSarService( 3635): PhoneStateListener.onDataActivity: direction=0
01-24 23:46:18.399 D/DynamicSarService( 3635): modem or radio power state change,messageType: 128 state: 0
01-24 23:46:18.399 D/DynamicSarService( 3635): listeners is null or mModemSarEnable is disable!!!
01-24 23:46:18.402 D/MobileSignalController( 3242): updateDataType mSelectedDataTypeIcon[1]=2131233594, mSelectedDataActivityIndex=6
01-24 23:46:18.402 D/TelephonyIcons( 3242): getSignalStrengthIcon: slot=1, inetCondition=1, level=5, roaming=false, signalstrength=SignalStrength:{mCdma=CellSignalStrengthCdma: cdmaDbm=2147483647 cdmaEcio=2147483647 evdoDbm=2147483647 evdoEcio=2147483647 evdoSnr=2147483647 miuiLevel=0 level=0,mGsm=CellSignalStrengthGsm: rssi=2147483647 ber=2147483647 mTa=2147483647 miuiLevel=0 mLevel=0,mWcdma=CellSignalStrengthWcdma: ss=2147483647 ber=2147483647 rscp=2147483647 ecno=2147483647 miuiLevel=0 level=0,mTdscdma=CellSignalStrengthTdscdma: rssi=2147483647 ber=2147483647 rscp=2147483647 miuiLevel=0 level=0,mLte=CellSignalStrengthLte: rssi=-71 rsrp=-99 rsrq=-10 rssnr=4 cqi=2147483647 ta=2147483647 miuiLevel=5 level=3 parametersUseForLevel=0,mNr=CellSignalStrengthNr:{ csiRsrp = 2147483647 csiRsrq = 2147483647 csiSinr = 2147483647 ssRsrp = 2147483647 ssRsrq = 2147483647 ssSinr = 2147483647 miuiLevel = 0 level = 0 parametersUseForLevel = 0 },primary=CellSignalStrengthLte}
01-24 23:46:18.402 D/TelephonyIcons( 3242): getDataActivity, slot=1, activity=0
01-24 23:46:18.404 D/TelephonyIcons( 3242): null signal icon name: drawable/stat_sys_signal_null
01-24 23:46:18.404 D/TelephonyIcons( 3242): getDataTypeIcon sub=1
01-24 23:46:18.405 D/SignalClusterView( 3242): updateMobileTypeImage  0
01-24 23:46:18.429 I/chatty  ( 3242): uid=1000(system) com.android.systemui identical 10 lines
01-24 23:46:18.429 D/SignalClusterView( 3242): updateMobileTypeImage  0
01-24 23:46:18.447 E/SELinux (  599): avc:  denied  { find } for pid=6253 uid=10177 name=tethering scontext=u:r:vendor_systemhelper_app:s0:c512,c768 tcontext=u:object_r:tethering_service:s0 tclass=service_manager permissive=0
01-24 23:46:18.452 D/CompositionEngine(  988): writeOutputDependentGeometryStateToHWC layer[com.uniqueAndroid.ximalaya/com.uniqueAndroid.ximalaya.MainActivity#0] set Z 134217728 miFodLayer 134217728
01-24 23:46:18.452 D/CompositionEngine(  988): writeOutputDependentGeometryStateToHWC layer[StatusBar#0] set Z 134217729 miFodLayer 134217728
01-24 23:46:18.452 D/CompositionEngine(  988): writeOutputDependentGeometryStateToHWC layer[NavigationBar#0] set Z 134217730 miFodLayer 134217728
01-24 23:46:18.452 D/CompositionEngine(  988): writeOutputDependentGeometryStateToHWC layer[RoundCorner#0] set Z 134217731 miFodLayer 134217728
01-24 23:46:18.452 D/CompositionEngine(  988): writeOutputDependentGeometryStateToHWC layer[RoundCorner#1] set Z 134217732 miFodLayer 134217728
01-24 23:46:18.456 D/NavBarTintController( 3242): onSampleCollected 1.0
01-24 23:46:18.556 D/SignalClusterView( 3242): updateMobileTypeImage  0
01-24 23:46:18.560 I/chatty  ( 3242): uid=1000(system) com.android.systemui identical 4 lines
01-24 23:46:18.560 D/SignalClusterView( 3242): updateMobileTypeImage  0
01-24 23:46:18.571 D/NavBarTintController( 3242): onSampleCollected 1.0
01-24 23:46:18.585 D/CompositionEngine(  988): writeOutputDependentGeometryStateToHWC layer[com.uniqueAndroid.ximalaya/com.uniqueAndroid.ximalaya.MainActivity#0] set Z 134217728 miFodLayer 134217728
01-24 23:46:18.585 D/CompositionEngine(  988): writeOutputDependentGeometryStateToHWC layer[StatusBar#0] set Z 134217729 miFodLayer 134217728
01-24 23:46:18.585 D/CompositionEngine(  988): writeOutputDependentGeometryStateToHWC layer[NavigationBar#0] set Z 134217730 miFodLayer 134217728
01-24 23:46:18.585 D/CompositionEngine(  988): writeOutputDependentGeometryStateToHWC layer[RoundCorner#0] set Z 134217731 miFodLayer 134217728
01-24 23:46:18.585 D/CompositionEngine(  988): writeOutputDependentGeometryStateToHWC layer[RoundCorner#1] set Z 134217732 miFodLayer 134217728
01-24 23:46:18.648 E/SELinux (  599): avc:  denied  { find } for pid=6253 uid=10177 name=tethering scontext=u:r:vendor_systemhelper_app:s0:c512,c768 tcontext=u:object_r:tethering_service:s0 tclass=service_manager permissive=0
01-24 23:46:18.767 D/MIUIInput( 1812): [MotionEvent] publisher action=0x4, 152722863, channel '237d93a NavigationBar (server)'
01-24 23:46:18.767 D/MIUIInput( 1812): [MotionEvent] publisher action=0x4, 152722863, channel 'ea42c77 StatusBar (server)'
01-24 23:46:18.767 D/MIUIInput( 1812): [MotionEvent] publisher action=0x0, 152722863, channel '27ea6df com.uniqueAndroid.ximalaya/com.uniqueAndroid.ximalaya.MainActivity (server)'
01-24 23:46:18.769 I/ANDR-PERF-LM(  942): LMPerfGlue: perfmodule_submit_request() 132: perfmodule_submit_request()
01-24 23:46:18.769 I/ANDR-PERF-LM(  942): Core: getInstance() 84: LM getInstance
01-24 23:46:18.770 I/ANDR-PERF-LM(  942): WQ: push() 59: LMTriggerQ push() size=0
01-24 23:46:18.770 I/ANDR-PERF-LM(  942): WQ: push() 61: LMTriggerQ push() done size=1
01-24 23:46:18.770 I/ANDR-PERF-LM(  942): WQ: pop() 42: LMTriggerQ pop() done size=0
01-24 23:46:18.770 I/ANDR-PERF-LM(  942): Core: lmMain() 381: Calling runAsync for AdaptLaunch
01-24 23:46:18.770 I/ANDR-PERF-LM(  942): Core: lmMain() 391: runAsync for AdaptLaunch returned
01-24 23:46:18.770 I/ANDR-PERF-LM(  942): Core: lmMain() 381: Calling runAsync for GameOptimization
01-24 23:46:18.770 E/ANDR-PERF-LM(  942): GamePerfEngine: runAsync() 488: Hint is for  = 0x1043 PID=1812
01-24 23:46:18.770 I/ANDR-PERF-LM(  942): Core: lmMain() 391: runAsync for GameOptimization returned
01-24 23:46:18.770 I/ANDR-PERF-LM(  942): Core: lmMain() 373: Waiting on trigger Queue
01-24 23:46:18.770 I/ANDR-PERF-LM(  942): WQ: pop() 31: LMTriggerQ pop() size=0
01-24 23:46:18.815 D/MIUIInput( 1812): [MotionEvent] publisher action=0x1, 152722911, channel '27ea6df com.uniqueAndroid.ximalaya/com.uniqueAndroid.ximalaya.MainActivity (server)'
01-24 23:46:18.822 I/Timeline(17224): Timeline: Activity_launch_request time:152722919
01-24 23:46:18.823 D/EventSequenceValidator( 1812): Transition from ACTIVITY_FINISHED to INTENT_STARTED
01-24 23:46:18.824 I/ActivityTaskManager( 1812): START u0 {cmp=com.uniqueAndroid.ximalaya/.DetailActivity} from uid 10439
01-24 23:46:18.824 D/MiuiMultiWindowAdapter( 1812): MiuiMultiWindowAdapter::getFreeformBlackList::sSmallWindowBlackList = [com.miui.securitycenter, com.miui.weather2, com.miui.miservice, com.android.calendar, com.xiaomi.calendar, com.android.contacts, com.miui.mishare.connectivity, com.android.settings, com.android.printspooler, com.miui.backup, com.miui.huanji, com.miui.calculator, com.android.deskclock, com.android.thememanager, com.mfashiongallery.emag, com.miui.virtualsim, com.miui.smarttravel, com.mi.health, com.android.camera, com.lbe.security.miui, com.miui.cleanmaster, com.miui.newhome, com.miui.voiceassist, com.android.phone, com.miui.yellowpage, com.android.updater, com.miui.tsmclient, com.miui.securitycore, com.xiaomi.account, com.xiaomi.shop, com.xiaomi.smarthome, com.mipay.wallet, com.xiaomi.youpin, com.xiaomi.hm.health, com.miui.bugreport, com.xiaomi.mibrain.speech, com.xiaomi.mimoji, com.xiaomi.scanner, com.duokan.phone.remotecontroller, com.miui.hybrid, com.android.incallui, com.miui.video, com.miui.videoplayer, com.miui.player, com.miui.fm, com.miui.packageinstaller, com.mi.android.globallauncher, com.mi.android.globallauncher-poco, com.google.android.dialer, com.google.android.apps.magazines, com.miui.compass, com.miui.greenguard, com.kiteguard, com.google.android.apps.prodcasts, com.google.ar.lens, com.xiangkan.android, com.android.bankabc, com.sohu.inputmethod.sogou, com.tencent.mtt, com.shyz.toutiao, com.netease.mc.mi, com.outfit7.talkingtomgoldrun.mi, com.doudz.mi, com.wepie.snake.new.mi, cn.jj, com.standddz002.mi, com.miHoYo.bh3.mi, com.qqgame.hlddz, com.happyelements.AndroidAnimal, com.minitech.miniworld.TMobile.mi, com.mfp.jelly.xiaomi, com.lilithgames.afk.mi, com.tencent.peng, com.teenpatti.hd.gold, blockpuzzle.jewelgames.jewelslegend, com.playgendary.tanks, com.chillingo.robberybobfree.android.row, com.episodeinteractive.android.catalog, com.playrix.township, com.ansangha.drdriving, com.google.android.youtube, com.gbits.atm.mi, com.tencent.tetris, com.sukhavati.gotoplaying.bubble.BubbleShooter.mint, com.block.puzzle.game.hippo.mi, com.youzu.bs.mi, com.appsomniacs.da2, com.miHoYo.Yuanshen, com.baidu.BaiduMap, com.google.android.googlequicksearchbox]
01-24 23:46:18.824 V/ActivityTaskManager( 1812): Calling mServicetracker.OnActivityStateChange with flag falsestateINITIALIZING
01-24 23:46:18.825 V/ActivityTaskManager( 1812): Calling mServicetracker.OnActivityStateChange with flag truestateINITIALIZING
01-24 23:46:18.826 I/ANDR-PERF-LM(  942): LMPerfGlue: perfmodule_submit_request() 132: perfmodule_submit_request()
01-24 23:46:18.826 I/ANDR-PERF-LM(  942): Core: getInstance() 84: LM getInstance
01-24 23:46:18.826 I/ANDR-PERF-LM(  942): WQ: push() 59: LMTriggerQ push() size=0
01-24 23:46:18.826 I/ANDR-PERF-LM(  942): WQ: push() 61: LMTriggerQ push() done size=1
01-24 23:46:18.826 I/ANDR-PERF-LM(  942): WQ: pop() 42: LMTriggerQ pop() done size=0
01-24 23:46:18.826 I/ANDR-PERF-LM(  942): Core: lmMain() 381: Calling runAsync for AdaptLaunch
01-24 23:46:18.826 I/ANDR-PERF-LM(  942): Core: lmMain() 391: runAsync for AdaptLaunch returned
01-24 23:46:18.826 E/ANDR-PERF-OPTSHANDLER(  942): Min bounds check failed
01-24 23:46:18.826 I/ANDR-PERF-LM(  942): Core: lmMain() 373: Waiting on trigger Queue
01-24 23:46:18.826 E/ANDR-PERF-OPTSHANDLER(  942): Error! Perflock failed, invalid request value 255
01-24 23:46:18.826 I/ANDR-PERF-LM(  942): WQ: pop() 31: LMTriggerQ pop() size=0
01-24 23:46:18.826 E/ANDR-PERF-RESOURCEQS(  942): Failed to apply optimization [6, 6]
01-24 23:46:18.829 D/CompatibilityInfo( 1812): mCompatibilityFlags - 0
01-24 23:46:18.829 D/CompatibilityInfo( 1812): applicationDensity - 440
01-24 23:46:18.829 D/CompatibilityInfo( 1812): applicationScale - 1.0
01-24 23:46:18.830 V/ActivityTaskManager( 1812): Calling mServicetracker.OnActivityStateChange with flag truestateRESUMED
01-24 23:46:18.830 I/ANDR-PERF-LM(  942): LMPerfGlue: perfmodule_submit_request() 132: perfmodule_submit_request()
01-24 23:46:18.830 I/ANDR-PERF-LM(  942): Core: getInstance() 84: LM getInstance
01-24 23:46:18.830 I/ANDR-PERF-LM(  942): WQ: push() 59: LMTriggerQ push() size=0
01-24 23:46:18.830 I/ANDR-PERF-LM(  942): WQ: push() 61: LMTriggerQ push() done size=1
01-24 23:46:18.830 I/ANDR-PERF-LM(  942): WQ: pop() 42: LMTriggerQ pop() done size=0
01-24 23:46:18.830 I/ANDR-PERF-LM(  942): Core: lmMain() 381: Calling runAsync for AdaptLaunch
01-24 23:46:18.830 I/ANDR-PERF-LM(  942): MetaMeter: isValidAsync() 194: AsyncInfo: hintID = 4098
01-24 23:46:18.830 I/ANDR-PERF-LM(  942): hintType: -1
01-24 23:46:18.830 I/ANDR-PERF-LM(  942): isPrimary = 0
01-24 23:46:18.830 I/ANDR-PERF-LM(  942): MetaMeter: isValidAsync() 196: (hintID,hintType,Primary) = (4098, -1, 1)
01-24 23:46:18.831 I/PeGameController_PeSchedHandler( 8915): handleMessage msg.what:6
01-24 23:46:18.831 I/ANDR-PERF-LM(  942): MetaMeter: handleAsync() 173: AdaptLaunch MetaMeter handleAsync start() Entry
01-24 23:46:18.831 I/ANDR-PERF-LM(  942): MetaMeter: isPrimaryASync() 185: (hintID,hintType,Primary) = (4098, -1, 1)
01-24 23:46:18.831 D/ANDR-PERF-LM(  942): MetaMeter: handlePrimaryAsync() 102: AdaptLaunch MeterMgr-0 oldState = 0, newState = 1, asyncId = 4098
01-24 23:46:18.831 D/ANDR-PERF-LM(  942): MetaMeter: handlePrimaryAsync() 109: AdaptLaunch starting meters 0
01-24 23:46:18.831 I/ANDR-PERF-LM(  942): MetaMeter: startMeters() 221: AsyncInfo:(hintID,hintType,Primary,MeterHelper,started)=(4098,-1,1,0xb400007290c668c0,0)
01-24 23:46:18.831 I/ANDR-PERF-LM(  942): Meter: asyncTriggerUpdate() 63: (hintID,hintType,meterName) = (4098, -1,VmRss)
01-24 23:46:18.831 D/ANDR-PERF-LM(  942): ThreadHelper: wakeUp() 103: (Meter,Helper,Name,pending)=(0xb400007290c2c700,0xb400007290c66960,AdaptLaunch VmRss,1)
01-24 23:46:18.831 I/ANDR-PERF-LM(  942): MetaMeter: handleAsync() 189: AdaptLaunch MetaMeter handleAsync End() Exit
01-24 23:46:18.831 D/ANDR-PERF-LM(  942): ThreadHelper: thread_callback() 149: Starting:(Meter,Helper,Name,pending)=(0xb400007290c2c700,0xb400007290c66960,AdaptLaunch VmRss,0) 
